Archive member included to satisfy reference by file (symbol)

c:/program files/microchip/xc8/v3.10/avr/bin/../lib/gcc/avr/5.4.0/avrxmega2/memx-const/mapped\libgcc.a(_copy_data.o)
                              build/default/debug/main.o (__do_copy_data)
c:/program files/microchip/xc8/v3.10/avr/bin/../lib/gcc/avr/5.4.0/../../../../avr/lib/avrxmega2/memx-const/mapped\libc.a(exit.o)
                              C:/Program Files/Microchip/MPLABX/v6.35/packs/Microchip/AVR-Dx_DFP/2.8.343/xc8/avr/lib/avrxmega2/memx-const/mapped/crtavr64dd32.o (exit)
c:/program files/microchip/xc8/v3.10/avr/bin/../lib/gcc/avr/5.4.0/../../../../avr/lib/avrxmega2/memx-const/mapped\libc.a(vsnprintf.o)
                              build/default/debug/USART.o (vsnprintf)
c:/program files/microchip/xc8/v3.10/avr/bin/../lib/gcc/avr/5.4.0/../../../../avr/lib/avrxmega2/memx-const/mapped\libc.a(vfprintf.o)
                              c:/program files/microchip/xc8/v3.10/avr/bin/../lib/gcc/avr/5.4.0/../../../../avr/lib/avrxmega2/memx-const/mapped\libc.a(vsnprintf.o) (vfprintf)
c:/program files/microchip/xc8/v3.10/avr/bin/../lib/gcc/avr/5.4.0/../../../../avr/lib/avrxmega2/memx-const/mapped\libc.a(errno.o)
                              c:/program files/microchip/xc8/v3.10/avr/bin/../lib/gcc/avr/5.4.0/../../../../avr/lib/avrxmega2/memx-const/mapped\libc.a(vsnprintf.o) (__errno_val)
c:/program files/microchip/xc8/v3.10/avr/bin/../lib/gcc/avr/5.4.0/../../../../avr/lib/avrxmega2/memx-const/mapped\libc.a(_Exit.o)
                              c:/program files/microchip/xc8/v3.10/avr/bin/../lib/gcc/avr/5.4.0/../../../../avr/lib/avrxmega2/memx-const/mapped\libc.a(exit.o) (_Exit)
c:/program files/microchip/xc8/v3.10/avr/bin/../lib/gcc/avr/5.4.0/../../../../avr/lib/avrxmega2/memx-const/mapped\libc.a(__io_fmt_needed.o)
                              c:/program files/microchip/xc8/v3.10/avr/bin/../lib/gcc/avr/5.4.0/../../../../avr/lib/avrxmega2/memx-const/mapped\libc.a(vfprintf.o) (__io_fmt_needed)
c:/program files/microchip/xc8/v3.10/avr/bin/../lib/gcc/avr/5.4.0/../../../../avr/lib/avrxmega2/memx-const/mapped\libc.a(__pop_int.o)
                              c:/program files/microchip/xc8/v3.10/avr/bin/../lib/gcc/avr/5.4.0/../../../../avr/lib/avrxmega2/memx-const/mapped\libc.a(__io_fmt_needed.o) (__pop_int_needed)
c:/program files/microchip/xc8/v3.10/avr/bin/../lib/gcc/avr/5.4.0/../../../../avr/lib/avrxmega2/memx-const/mapped\libc.a(__pop_ptr.o)
                              c:/program files/microchip/xc8/v3.10/avr/bin/../lib/gcc/avr/5.4.0/../../../../avr/lib/avrxmega2/memx-const/mapped\libc.a(__io_fmt_needed.o) (__pop_ptr_needed)
c:/program files/microchip/xc8/v3.10/avr/bin/../lib/gcc/avr/5.4.0/../../../../avr/lib/avrxmega2/memx-const/mapped\libc.a(__printf_core.o)
                              c:/program files/microchip/xc8/v3.10/avr/bin/../lib/gcc/avr/5.4.0/../../../../avr/lib/avrxmega2/memx-const/mapped\libc.a(vfprintf.o) (__printf_core)
c:/program files/microchip/xc8/v3.10/avr/bin/../lib/gcc/avr/5.4.0/../../../../avr/lib/avrxmega2/memx-const/mapped\libc.a(fputc.o)
                              c:/program files/microchip/xc8/v3.10/avr/bin/../lib/gcc/avr/5.4.0/../../../../avr/lib/avrxmega2/memx-const/mapped\libc.a(__printf_core.o) (fputc)
c:/program files/microchip/xc8/v3.10/avr/bin/../lib/gcc/avr/5.4.0/../../../../avr/lib/avrxmega2/memx-const/mapped\libc.a(__fmt_a.o)
                              c:/program files/microchip/xc8/v3.10/avr/bin/../lib/gcc/avr/5.4.0/../../../../avr/lib/avrxmega2/memx-const/mapped\libc.a(__io_fmt_needed.o) (__fmt_a_needed)
c:/program files/microchip/xc8/v3.10/avr/bin/../lib/gcc/avr/5.4.0/../../../../avr/lib/avrxmega2/memx-const/mapped\libc.a(__pop_float.o)
                              c:/program files/microchip/xc8/v3.10/avr/bin/../lib/gcc/avr/5.4.0/../../../../avr/lib/avrxmega2/memx-const/mapped\libc.a(__io_fmt_needed.o) (__pop_float_needed)
c:/program files/microchip/xc8/v3.10/avr/bin/../lib/gcc/avr/5.4.0/../../../../avr/lib/avrxmega2/memx-const/mapped\libc.a(memset.o)
                              c:/program files/microchip/xc8/v3.10/avr/bin/../lib/gcc/avr/5.4.0/../../../../avr/lib/avrxmega2/memx-const/mapped\libc.a(__fmt_a.o) (memset)
c:/program files/microchip/xc8/v3.10/avr/bin/../lib/gcc/avr/5.4.0/../../../../avr/lib/avrxmega2/memx-const/mapped\libc.a(strcpy.o)
                              c:/program files/microchip/xc8/v3.10/avr/bin/../lib/gcc/avr/5.4.0/../../../../avr/lib/avrxmega2/memx-const/mapped\libc.a(__fmt_a.o) (strcpy)
c:/program files/microchip/xc8/v3.10/avr/bin/../lib/gcc/avr/5.4.0/../../../../avr/lib/avrxmega2/memx-const/mapped\libc.a(strlen.o)
                              c:/program files/microchip/xc8/v3.10/avr/bin/../lib/gcc/avr/5.4.0/../../../../avr/lib/avrxmega2/memx-const/mapped\libc.a(__fmt_a.o) (strlen)
c:/program files/microchip/xc8/v3.10/avr/bin/../lib/gcc/avr/5.4.0/../../../../avr/lib/avrxmega2/memx-const/mapped\libc.a(__printf_64bit_arg_support.o)
[...]
Memory Configuration

Name             Origin             Length             Attributes
text             0x0000000000000000 0x0000000000010000 xr
data             0x0000000000806000 0x0000000000002000 rw !x
eeprom           0x0000000000810000 0x0000000000000100 rw !x
fuse             0x0000000000820000 0x0000000000000010 rw !x
lock             0x0000000000830000 0x0000000000000400 rw !x
signature        0x0000000000840000 0x0000000000000400 rw !x
user_signatures  0x0000000000850000 0x0000000000000400 rw !x
bootrow          0x0000000000860000 0x0000000000000400 rw !x
*default*        0x0000000000000000 0xffffffffffffffff

Linker script and memory map

Address of section .data set to 0x806000
                0x0000000000008000                __RODATA_PM_OFFSET__ = 0x8000
LOAD C:/Program Files/Microchip/MPLABX/v6.35/packs/Microchip/AVR-Dx_DFP/2.8.343/xc8/avr/lib/avrxmega2/memx-const/mapped/crtavr64dd32.o
                0x0000000000000001                __MPLAB_BUILD = 0x1
LOAD build/default/debug/BME680.o
LOAD build/default/debug/main.o
LOAD build/default/debug/SPI.o
LOAD build/default/debug/USART.o
LOAD build/default/debug/CLK.o
LOAD build/default/debug/GPIO.o
START GROUP
LOAD c:/program files/microchip/xc8/v3.10/avr/bin/../lib/gcc/avr/5.4.0/../../../../avr/lib/avrxmega2/memx-const/mapped\libm.a
END GROUP
                0x0000000000000001                __MPLAB_DEBUG = 0x1
                0x0000000000000001                __DEBUG = 0x1
START GROUP
LOAD c:/program files/microchip/xc8/v3.10/avr/bin/../lib/gcc/avr/5.4.0/avrxmega2/memx-const/mapped\libgcc.a
LOAD c:/program files/microchip/xc8/v3.10/avr/bin/../lib/gcc/avr/5.4.0/../../../../avr/lib/avrxmega2/memx-const/mapped\libm.a
LOAD c:/program files/microchip/xc8/v3.10/avr/bin/../lib/gcc/avr/5.4.0/../../../../avr/lib/avrxmega2/memx-const/mapped\libc.a
LOAD C:/Program Files/Microchip/MPLABX/v6.35/packs/Microchip/AVR-Dx_DFP/2.8.343/xc8/avr/lib/avrxmega2/memx-const/mapped\libavr64dd32.a
END GROUP
                [0x0000000000000000]                __TEXT_REGION_ORIGIN__ = DEFINED (__TEXT_REGION_ORIGIN__)?__TEXT_REGION_ORIGIN__:0x0
                [0x0000000000806000]                __DATA_REGION_ORIGIN__ = DEFINED (__DATA_REGION_ORIGIN__)?__DATA_REGION_ORIGIN__:0x802000
                [0x0000000000010000]                __TEXT_REGION_LENGTH__ = DEFINED (__TEXT_REGION_LENGTH__)?__TEXT_REGION_LENGTH__:0x100000
                [0x0000000000002000]                __DATA_REGION_LENGTH__ = DEFINED (__DATA_REGION_LENGTH__)?__DATA_REGION_LENGTH__:0xffa0
                [0x0000000000000100]                __EEPROM_REGION_LENGTH__ = DEFINED (__EEPROM_REGION_LENGTH__)?__EEPROM_REGION_LENGTH__:0x10000
                [0x0000000000000010]                __FUSE_REGION_LENGTH__ = DEFINED (__FUSE_REGION_LENGTH__)?__FUSE_REGION_LENGTH__:0x400
                0x0000000000000400                __LOCK_REGION_LENGTH__ = DEFINED (__LOCK_REGION_LENGTH__)?__LOCK_REGION_LENGTH__:0x400
                0x0000000000000400                __SIGNATURE_REGION_LENGTH__ = DEFINED (__SIGNATURE_REGION_LENGTH__)?__SIGNATURE_REGION_LENGTH__:0x400
                0x0000000000000400                __USER_SIGNATURE_REGION_LENGTH__ = DEFINED (__USER_SIGNATURE_REGION_LENGTH__)?__USER_SIGNATURE_REGION_LENGTH__:0x400
                0x0000000000000400                __BOOTROW_REGION_LENGTH__ = DEFINED (__BOOTROW_REGION_LENGTH__)?__BOOTROW_REGION_LENGTH__:0x400

.hash
 *(.hash)

.dynsym
 *(.dynsym)

.dynstr
 *(.dynstr)

.gnu.version
 *(.gnu.version)

.gnu.version_d
 *(.gnu.version_d)

.gnu.version_r
 *(.gnu.version_r)

.rel.init
 *(.rel.init)

.rela.init
 *(.rela.init)

.rel.text
 *(.rel.text)
 *(.rel.text.*)
 *(.rel.gnu.linkonce.t*)

.rela.text
 *(.rela.text)
 *(.rela.text.*)
 *(.rela.gnu.linkonce.t*)

.rel.fini
 *(.rel.fini)

.rela.fini
 *(.rela.fini)

.rel.rodata
 *(.rel.rodata)
 *(.rel.rodata.*)
 *(.rel.gnu.linkonce.r*)

.rela.rodata
 *(.rela.rodata)
 *(.rela.rodata.*)
 *(.rela.gnu.linkonce.r*)

.rel.data
 *(.rel.data)
 *(.rel.data.*)
 *(.rel.gnu.linkonce.d*)

.rela.data
 *(.rela.data)
 *(.rela.data.*)
 *(.rela.gnu.linkonce.d*)

.rel.ctors
 *(.rel.ctors)

.rela.ctors
 *(.rela.ctors)

.rel.dtors
 *(.rel.dtors)

.rela.dtors
 *(.rela.dtors)

.rel.got
 *(.rel.got)

.rela.got
 *(.rela.got)

.rel.bss
 *(.rel.bss)

.rela.bss
 *(.rela.bss)

.rel.plt
 *(.rel.plt)

.rela.plt
 *(.rela.plt)

.text           0x0000000000000000      0x102
 *(.vectors)
 .vectors       0x0000000000000000       0x90 C:/Program Files/Microchip/MPLABX/v6.35/packs/Microchip/AVR-Dx_DFP/2.8.343/xc8/avr/lib/avrxmega2/memx-const/mapped/crtavr64dd32.o
                0x0000000000000000                __vector_default
                0x0000000000000000                __vectors
 *(.vectors)
 *(.progmem.gcc*)
 *(.dinit)
 .dinit         0x0000000000000090        0xc data_init
                0x000000000000009c                . = ALIGN (0x2)
                0x000000000000009c                __trampolines_start = .
 *(.trampolines)
 .trampolines   0x000000000000009c        0x0 linker stubs
 *(.trampolines*)
                0x000000000000009c                __trampolines_end = .
 *libprintf_flt.a:*(.progmem.data)
 *libc.a:*(.progmem.data)
                0x000000000000009c                . = ALIGN (0x2)
 *(.jumptables)
 *(.jumptables*)
 *(.lowtext)
 *(.lowtext*)
                0x000000000000009c                __ctors_start = .
 *(.ctors)
                0x000000000000009c                __ctors_end = .
                0x000000000000009c                __dtors_start = .
 *(.dtors)
                0x000000000000009c                __dtors_end = .
 SORT(*)(.ctors)
 SORT(*)(.dtors)
 *(.init0)
 .init0         0x000000000000009c        0x0 C:/Program Files/Microchip/MPLABX/v6.35/packs/Microchip/AVR-Dx_DFP/2.8.343/xc8/avr/lib/avrxmega2/memx-const/mapped/crtavr64dd32.o
                0x000000000000009c                __init
 *(.init0)
 *(.init1)
 .init1         0x000000000000009c       0x12 C:/Program Files/Microchip/MPLABX/v6.35/packs/Microchip/AVR-Dx_DFP/2.8.343/xc8/avr/lib/avrxmega2/memx-const/mapped/crtavr64dd32.o
 *(.init1)
 *(.init2)
 .init2         0x00000000000000ae        0xc C:/Program Files/Microchip/MPLABX/v6.35/packs/Microchip/AVR-Dx_DFP/2.8.343/xc8/avr/lib/avrxmega2/memx-const/mapped/crtavr64dd32.o
 *(.init2)
 *(.init3)
 *(.init3)
 *(.init4)
 .init4         0x00000000000000ba       0x3c c:/program files/microchip/xc8/v3.10/avr/bin/../lib/gcc/avr/5.4.0/avrxmega2/memx-const/mapped\libgcc.a(_copy_data.o)
                0x00000000000000ba                __do_copy_data
                0x00000000000000e8                __do_clear_bss
 *(.init4)
 *(.init5)
 *(.init5)
 *(.init6)
 *(.init6)
 *(.init7)
 *(.init7)
 *(.init8)
 *(.init8)
 *(.init9)
 .init9         0x00000000000000f6        0x8 C:/Program Files/Microchip/MPLABX/v6.35/packs/Microchip/AVR-Dx_DFP/2.8.343/xc8/avr/lib/avrxmega2/memx-const/mapped/crtavr64dd32.o
 *(.init9)
                0x00000000000000fe                . = ALIGN (0x2)
 *(.fini9)
 .fini9         0x00000000000000fe        0x0 c:/program files/microchip/xc8/v3.10/avr/bin/../lib/gcc/avr/5.4.0/avrxmega2/memx-const/mapped\libgcc.a(_exit.o)
                0x00000000000000fe                _exit
 *(.fini9)
 *(.fini8)
 *(.fini8)
 *(.fini7)
 *(.fini7)
 *(.fini6)
 *(.fini6)
 *(.fini5)
 *(.fini5)
 *(.fini4)
 *(.fini4)
 *(.fini3)
 *(.fini3)
 *(.fini2)
 *(.fini2)
 *(.fini1)
 *(.fini1)
 *(.fini0)
 .fini0         0x00000000000000fe        0x4 c:/program files/microchip/xc8/v3.10/avr/bin/../lib/gcc/avr/5.4.0/avrxmega2/memx-const/mapped\libgcc.a(_exit.o)
 *(.fini0)
                0x0000000000000102                _etext = .

.data           0x0000000000806000        0x0 load address 0x0000000000000102
                [!provide]                        PROVIDE (__data_start, .)
 *(.gnu.linkonce.d*)
 *(.gnu.linkonce.r*)
                0x0000000000806000                . = ALIGN (0x2)
                0x0000000000806000                _edata = .
                [!provide]                        PROVIDE (__data_end, .)

.bss            0x0000000000806000        0x2
                [!provide]                        PROVIDE (__bss_start, .)
 *(COMMON)
 COMMON         0x0000000000806000        0x2 c:/program files/microchip/xc8/v3.10/avr/bin/../lib/gcc/avr/5.4.0/../../../../avr/lib/avrxmega2/memx-const/mapped\libc.a(errno.o)
                0x0000000000806000                __errno_val
                [!provide]                        PROVIDE (__bss_end, .)
                0x0000000000000102                __data_load_start = LOADADDR (.data)
                0x0000000000000102                __data_load_end = (__data_load_start + SIZEOF (.data))

.noinit         0x0000000000806002        0x0
                [!provide]                        PROVIDE (__noinit_start, .)
 *(.noinit*)
                [!provide]                        PROVIDE (__noinit_end, .)
                0x0000000000806002                _end = .

.eeprom         0x0000000000810000        0x0
 *(.eeprom*)
                0x0000000000810000                __eeprom_end = .

.fuse           0x0000000000820000        0x9
 *(.fuse)
 .fuse          0x0000000000820000        0x9 build/default/debug/main.o
                0x0000000000820000                __fuse
 *(.lfuse)
 *(.hfuse)
 *(.efuse)

.lock           0x0000000000830000        0x4
 *(.lock*)
 .lock          0x0000000000830000        0x4 build/default/debug/main.o
                0x0000000000830000                __lock

.signature
 *(.signature*)

.user_signatures
 *(.user_signatures*)

.bootrow
 *(.bootrow*)

.stab
 *(.stab)

.stabstr
 *(.stabstr)

.stab.excl
 *(.stab.excl)

.stab.exclstr
 *(.stab.exclstr)

.stab.index
 *(.stab.index)

.stab.indexstr
 *(.stab.indexstr)

.comment        0x0000000000000000       0x5b
 *(.comment)
 .comment       0x0000000000000000       0x2f build/default/debug/BME680.o
                                         0x30 (size before relaxing)
 .comment       0x000000000000002f       0x30 build/default/debug/main.o
 .comment       0x000000000000002f       0x30 build/default/debug/SPI.o
 .comment       0x000000000000002f       0x30 build/default/debug/USART.o
 .comment       0x000000000000002f       0x30 build/default/debug/CLK.o
 .comment       0x000000000000002f       0x30 build/default/debug/GPIO.o
 .comment       0x000000000000002f       0x2c c:/program files/microchip/xc8/v3.10/avr/bin/../lib/gcc/avr/5.4.0/../../../../avr/lib/avrxmega2/memx-const/mapped\libc.a(exit.o)
                                         0x2d (size before relaxing)
 .comment       0x000000000000005b       0x2d c:/program files/microchip/xc8/v3.10/avr/bin/../lib/gcc/avr/5.4.0/../../../../avr/lib/avrxmega2/memx-const/mapped\libc.a(vsnprintf.o)
 .comment       0x000000000000005b       0x2d c:/program files/microchip/xc8/v3.10/avr/bin/../lib/gcc/avr/5.4.0/../../../../avr/lib/avrxmega2/memx-const/mapped\libc.a(vfprintf.o)
 .comment       0x000000000000005b       0x2d c:/program files/microchip/xc8/v3.10/avr/bin/../lib/gcc/avr/5.4.0/../../../../avr/lib/avrxmega2/memx-const/mapped\libc.a(errno.o)
 .comment       0x000000000000005b       0x2d c:/program files/microchip/xc8/v3.10/avr/bin/../lib/gcc/avr/5.4.0/../../../../avr/lib/avrxmega2/memx-const/mapped\libc.a(_Exit.o)
 .comment       0x000000000000005b       0x2d c:/program files/microchip/xc8/v3.10/avr/bin/../lib/gcc/avr/5.4.0/../../../../avr/lib/avrxmega2/memx-const/mapped\libc.a(__printf_core.o)
 .comment       0x000000000000005b       0x2d c:/program files/microchip/xc8/v3.10/avr/bin/../lib/gcc/avr/5.4.0/../../../../avr/lib/avrxmega2/memx-const/mapped\libc.a(fputc.o)
 .comment       0x000000000000005b       0x2d c:/program files/microchip/xc8/v3.10/avr/bin/../lib/gcc/avr/5.4.0/../../../../avr/lib/avrxmega2/memx-const/mapped\libc.a(__fmt_a.o)
 .comment       0x000000000000005b       0x2d c:/program files/microchip/xc8/v3.10/avr/bin/../lib/gcc/avr/5.4.0/../../../../avr/lib/avrxmega2/memx-const/mapped\libc.a(__pop_float.o)
 .comment       0x000000000000005b       0x2d c:/program files/microchip/xc8/v3.10/avr/bin/../lib/gcc/avr/5.4.0/../../../../avr/lib/avrxmega2/memx-const/mapped\libc.a(memset.o)
 .comment       0x000000000000005b       0x2d c:/program files/microchip/xc8/v3.10/avr/bin/../lib/gcc/avr/5.4.0/../../../../avr/lib/avrxmega2/memx-const/mapped\libc.a(strcpy.o)
 .comment       0x000000000000005b       0x2d c:/program files/microchip/xc8/v3.10/avr/bin/../lib/gcc/avr/5.4.0/../../../../avr/lib/avrxmega2/memx-const/mapped\libc.a(strlen.o)
 .comment       0x000000000000005b       0x2d c:/program files/microchip/xc8/v3.10/avr/bin/../lib/gcc/avr/5.4.0/../../../../avr/lib/avrxmega2/memx-const/mapped\libc.a(__printf_64bit_arg_support.o)
 .comment       0x000000000000005b       0x2d c:/program files/microchip/xc8/v3.10/avr/bin/../lib/gcc/avr/5.4.0/../../../../avr/lib/avrxmega2/memx-const/mapped\libc.a(tolower.o)
 .comment       0x000000000000005b       0x2d c:/program files/microchip/xc8/v3.10/avr/bin/../lib/gcc/avr/5.4.0/../../../../avr/lib/avrxmega2/memx-const/mapped\libc.a(toupper.o)
 .comment       0x000000000000005b       0x2d c:/program files/microchip/xc8/v3.10/avr/bin/../lib/gcc/avr/5.4.0/../../../../avr/lib/avrxmega2/memx-const/mapped\libc.a(__fmt_fp.o)
 .comment       0x000000000000005b       0x2d c:/program files/microchip/xc8/v3.10/avr/bin/../lib/gcc/avr/5.4.0/../../../../avr/lib/avrxmega2/memx-const/mapped\libc.a(__fmt_s.o)
 .comment       0x000000000000005b       0x2d c:/program files/microchip/xc8/v3.10/avr/bin/../lib/gcc/avr/5.4.0/../../../../avr/lib/avrxmega2/memx-const/mapped\libm.a(floorf.o)

.stack.descriptors.hdr
                0x0000000000000000      0x276
 .stack.descriptors.hdr
                0x0000000000000000        0xe c:/program files/microchip/xc8/v3.10/avr/bin/../lib/gcc/avr/5.4.0/../../../../avr/lib/avrxmega2/memx-const/mapped\libc.a(exit.o)
 .stack.descriptors.hdr
                0x000000000000000e        0xe c:/program files/microchip/xc8/v3.10/avr/bin/../lib/gcc/avr/5.4.0/../../../../avr/lib/avrxmega2/memx-const/mapped\libc.a(vsnprintf.o)
 .stack.descriptors.hdr
                0x000000000000001c        0xe c:/program files/microchip/xc8/v3.10/avr/bin/../lib/gcc/avr/5.4.0/../../../../avr/lib/avrxmega2/memx-const/mapped\libc.a(vfprintf.o)
 .stack.descriptors.hdr
                0x000000000000002a        0xe c:/program files/microchip/xc8/v3.10/avr/bin/../lib/gcc/avr/5.4.0/../../../../avr/lib/avrxmega2/memx-const/mapped\libc.a(errno.o)
 .stack.descriptors.hdr
                0x0000000000000038        0xe c:/program files/microchip/xc8/v3.10/avr/bin/../lib/gcc/avr/5.4.0/../../../../avr/lib/avrxmega2/memx-const/mapped\libc.a(_Exit.o)
 .stack.descriptors.hdr
                0x0000000000000046        0xe c:/program files/microchip/xc8/v3.10/avr/bin/../lib/gcc/avr/5.4.0/../../../../avr/lib/avrxmega2/memx-const/mapped\libc.a(__printf_core.o)
 .stack.descriptors.hdr
                0x0000000000000054        0xe c:/program files/microchip/xc8/v3.10/avr/bin/../lib/gcc/avr/5.4.0/../../../../avr/lib/avrxmega2/memx-const/mapped\libc.a(fputc.o)
 .stack.descriptors.hdr
                0x0000000000000062        0xe c:/program files/microchip/xc8/v3.10/avr/bin/../lib/gcc/avr/5.4.0/../../../../avr/lib/avrxmega2/memx-const/mapped\libc.a(__fmt_a.o)
 .stack.descriptors.hdr
                0x0000000000000070        0xe c:/program files/microchip/xc8/v3.10/avr/bin/../lib/gcc/avr/5.4.0/../../../../avr/lib/avrxmega2/memx-const/mapped\libc.a(__pop_float.o)
 .stack.descriptors.hdr
                0x000000000000007e        0xe c:/program files/microchip/xc8/v3.10/avr/bin/../lib/gcc/avr/5.4.0/../../../../avr/lib/avrxmega2/memx-const/mapped\libc.a(memset.o)
 .stack.descriptors.hdr
                0x000000000000008c        0xe c:/program files/microchip/xc8/v3.10/avr/bin/../lib/gcc/avr/5.4.0/../../../../avr/lib/avrxmega2/memx-const/mapped\libc.a(strcpy.o)
 .stack.descriptors.hdr
                0x000000000000009a        0xe c:/program files/microchip/xc8/v3.10/avr/bin/../lib/gcc/avr/5.4.0/../../../../avr/lib/avrxmega2/memx-const/mapped\libc.a(strlen.o)
 .stack.descriptors.hdr
                0x00000000000000a8        0xe c:/program files/microchip/xc8/v3.10/avr/bin/../lib/gcc/avr/5.4.0/../../../../avr/lib/avrxmega2/memx-const/mapped\libc.a(__printf_64bit_arg_support.o)
 .stack.descriptors.hdr
                0x00000000000000b6        0xe c:/program files/microchip/xc8/v3.10/avr/bin/../lib/gcc/avr/5.4.0/../../../../avr/lib/avrxmega2/memx-const/mapped\libc.a(tolower.o)
 .stack.descriptors.hdr
                0x00000000000000c4        0xe c:/program files/microchip/xc8/v3.10/avr/bin/../lib/gcc/avr/5.4.0/../../../../avr/lib/avrxmega2/memx-const/mapped\libc.a(toupper.o)
 .stack.descriptors.hdr
                0x00000000000000d2        0xe c:/program files/microchip/xc8/v3.10/avr/bin/../lib/gcc/avr/5.4.0/../../../../avr/lib/avrxmega2/memx-const/mapped\libc.a(__fmt_fp.o)
 .stack.descriptors.hdr
                0x00000000000000e0        0xe c:/program files/microchip/xc8/v3.10/avr/bin/../lib/gcc/avr/5.4.0/../../../../avr/lib/avrxmega2/memx-const/mapped\libc.a(__fmt_s.o)
 .stack.descriptors.hdr
                0x00000000000000ee        0xe C:/Program Files/Microchip/MPLABX/v6.35/packs/Microchip/AVR-Dx_DFP/2.8.343/xc8/avr/lib/avrxmega2/memx-const/mapped\libavr64dd32.a(ccp_write.o)
 .stack.descriptors.hdr
                0x00000000000000fc        0xe c:/program files/microchip/xc8/v3.10/avr/bin/../lib/gcc/avr/5.4.0/avrxmega2/memx-const/mapped\libgcc.a(_divmodhi4.o)
 .stack.descriptors.hdr
                0x000000000000010a        0xe c:/program files/microchip/xc8/v3.10/avr/bin/../lib/gcc/avr/5.4.0/avrxmega2/memx-const/mapped\libgcc.a(_exit.o)
 .stack.descriptors.hdr
                0x0000000000000118        0xe c:/program files/microchip/xc8/v3.10/avr/bin/../lib/gcc/avr/5.4.0/avrxmega2/memx-const/mapped\libgcc.a(_udivdi3.o)
 .stack.descriptors.hdr
                0x0000000000000126        0xe c:/program files/microchip/xc8/v3.10/avr/bin/../lib/gcc/avr/5.4.0/avrxmega2/memx-const/mapped\libgcc.a(_udivmod64.o)
 .stack.descriptors.hdr
                0x0000000000000134        0xe c:/program files/microchip/xc8/v3.10/avr/bin/../lib/gcc/avr/5.4.0/avrxmega2/memx-const/mapped\libgcc.a(_negdi2.o)
 .stack.descriptors.hdr
                0x0000000000000142        0xe c:/program files/microchip/xc8/v3.10/avr/bin/../lib/gcc/avr/5.4.0/avrxmega2/memx-const/mapped\libgcc.a(_ashrdi3.o)
 .stack.descriptors.hdr
                0x0000000000000150        0xe c:/program files/microchip/xc8/v3.10/avr/bin/../lib/gcc/avr/5.4.0/avrxmega2/memx-const/mapped\libgcc.a(_cmpdi2_with_0.o)
 .stack.descriptors.hdr
                0x000000000000015e        0xe c:/program files/microchip/xc8/v3.10/avr/bin/../lib/gcc/avr/5.4.0/avrxmega2/memx-const/mapped\libgcc.a(_udivmodhi4.o)
 .stack.descriptors.hdr
                0x000000000000016c        0xe c:/program files/microchip/xc8/v3.10/avr/bin/../lib/gcc/avr/5.4.0/../../../../avr/lib/avrxmega2/memx-const/mapped\libm.a(addsf3.o)
 .stack.descriptors.hdr
                0x000000000000017a        0xe c:/program files/microchip/xc8/v3.10/avr/bin/../lib/gcc/avr/5.4.0/../../../../avr/lib/avrxmega2/memx-const/mapped\libm.a(addsf3x.o)
 .stack.descriptors.hdr
                0x0000000000000188        0xe c:/program files/microchip/xc8/v3.10/avr/bin/../lib/gcc/avr/5.4.0/../../../../avr/lib/avrxmega2/memx-const/mapped\libm.a(cmpsf2.o)
 .stack.descriptors.hdr
                0x0000000000000196        0xe c:/program files/microchip/xc8/v3.10/avr/bin/../lib/gcc/avr/5.4.0/../../../../avr/lib/avrxmega2/memx-const/mapped\libm.a(divsf3.o)
 .stack.descriptors.hdr
                0x00000000000001a4        0xe c:/program files/microchip/xc8/v3.10/avr/bin/../lib/gcc/avr/5.4.0/../../../../avr/lib/avrxmega2/memx-const/mapped\libm.a(divsf3x.o)
 .stack.descriptors.hdr
                0x00000000000001b2        0xe c:/program files/microchip/xc8/v3.10/avr/bin/../lib/gcc/avr/5.4.0/../../../../avr/lib/avrxmega2/memx-const/mapped\libm.a(fixsfsi.o)
 .stack.descriptors.hdr
                0x00000000000001c0        0xe c:/program files/microchip/xc8/v3.10/avr/bin/../lib/gcc/avr/5.4.0/../../../../avr/lib/avrxmega2/memx-const/mapped\libm.a(fixunssfsi.o)
 .stack.descriptors.hdr
                0x00000000000001ce        0xe c:/program files/microchip/xc8/v3.10/avr/bin/../lib/gcc/avr/5.4.0/../../../../avr/lib/avrxmega2/memx-const/mapped\libm.a(floorf.o)
 .stack.descriptors.hdr
                0x00000000000001dc        0xe c:/program files/microchip/xc8/v3.10/avr/bin/../lib/gcc/avr/5.4.0/../../../../avr/lib/avrxmega2/memx-const/mapped\libm.a(fp_cmp.o)
 .stack.descriptors.hdr
                0x00000000000001ea        0xe c:/program files/microchip/xc8/v3.10/avr/bin/../lib/gcc/avr/5.4.0/../../../../avr/lib/avrxmega2/memx-const/mapped\libm.a(fp_inf.o)
 .stack.descriptors.hdr
                0x00000000000001f8        0xe c:/program files/microchip/xc8/v3.10/avr/bin/../lib/gcc/avr/5.4.0/../../../../avr/lib/avrxmega2/memx-const/mapped\libm.a(fp_nan.o)
 .stack.descriptors.hdr
                0x0000000000000206        0xe c:/program files/microchip/xc8/v3.10/avr/bin/../lib/gcc/avr/5.4.0/../../../../avr/lib/avrxmega2/memx-const/mapped\libm.a(fp_pscA.o)
 .stack.descriptors.hdr
                0x0000000000000214        0xe c:/program files/microchip/xc8/v3.10/avr/bin/../lib/gcc/avr/5.4.0/../../../../avr/lib/avrxmega2/memx-const/mapped\libm.a(fp_pscB.o)
 .stack.descriptors.hdr
                0x0000000000000222        0xe c:/program files/microchip/xc8/v3.10/avr/bin/../lib/gcc/avr/5.4.0/../../../../avr/lib/avrxmega2/memx-const/mapped\libm.a(fp_round.o)
 .stack.descriptors.hdr
                0x0000000000000230        0xe c:/program files/microchip/xc8/v3.10/avr/bin/../lib/gcc/avr/5.4.0/../../../../avr/lib/avrxmega2/memx-const/mapped\libm.a(fp_split3.o)
 .stack.descriptors.hdr
                0x000000000000023e        0xe c:/program files/microchip/xc8/v3.10/avr/bin/../lib/gcc/avr/5.4.0/../../../../avr/lib/avrxmega2/memx-const/mapped\libm.a(fp_zero.o)
 .stack.descriptors.hdr
                0x000000000000024c        0xe c:/program files/microchip/xc8/v3.10/avr/bin/../lib/gcc/avr/5.4.0/../../../../avr/lib/avrxmega2/memx-const/mapped\libm.a(gesf2.o)
 .stack.descriptors.hdr
                0x000000000000025a        0xe c:/program files/microchip/xc8/v3.10/avr/bin/../lib/gcc/avr/5.4.0/../../../../avr/lib/avrxmega2/memx-const/mapped\libm.a(mulsf3.o)
 .stack.descriptors.hdr
                0x0000000000000268        0xe c:/program files/microchip/xc8/v3.10/avr/bin/../lib/gcc/avr/5.4.0/../../../../avr/lib/avrxmega2/memx-const/mapped\libm.a(mulsf3x.o)

.note.GNU-stack
                0x0000000000000000        0x0
 .note.GNU-stack
                0x0000000000000000        0x0 c:/program files/microchip/xc8/v3.10/avr/bin/../lib/gcc/avr/5.4.0/../../../../avr/lib/avrxmega2/memx-const/mapped\libc.a(exit.o)
 .note.GNU-stack
                0x0000000000000000        0x0 c:/program files/microchip/xc8/v3.10/avr/bin/../lib/gcc/avr/5.4.0/../../../../avr/lib/avrxmega2/memx-const/mapped\libc.a(vsnprintf.o)
 .note.GNU-stack
                0x0000000000000000        0x0 c:/program files/microchip/xc8/v3.10/avr/bin/../lib/gcc/avr/5.4.0/../../../../avr/lib/avrxmega2/memx-const/mapped\libc.a(vfprintf.o)
 .note.GNU-stack
                0x0000000000000000        0x0 c:/program files/microchip/xc8/v3.10/avr/bin/../lib/gcc/avr/5.4.0/../../../../avr/lib/avrxmega2/memx-const/mapped\libc.a(errno.o)
 .note.GNU-stack
                0x0000000000000000        0x0 c:/program files/microchip/xc8/v3.10/avr/bin/../lib/gcc/avr/5.4.0/../../../../avr/lib/avrxmega2/memx-const/mapped\libc.a(_Exit.o)
 .note.GNU-stack
                0x0000000000000000        0x0 c:/program files/microchip/xc8/v3.10/avr/bin/../lib/gcc/avr/5.4.0/../../../../avr/lib/avrxmega2/memx-const/mapped\libc.a(__printf_core.o)
 .note.GNU-stack
                0x0000000000000000        0x0 c:/program files/microchip/xc8/v3.10/avr/bin/../lib/gcc/avr/5.4.0/../../../../avr/lib/avrxmega2/memx-const/mapped\libc.a(fputc.o)
 .note.GNU-stack
                0x0000000000000000        0x0 c:/program files/microchip/xc8/v3.10/avr/bin/../lib/gcc/avr/5.4.0/../../../../avr/lib/avrxmega2/memx-const/mapped\libc.a(__fmt_a.o)
 .note.GNU-stack
                0x0000000000000000        0x0 c:/program files/microchip/xc8/v3.10/avr/bin/../lib/gcc/avr/5.4.0/../../../../avr/lib/avrxmega2/memx-const/mapped\libc.a(__pop_float.o)
 .note.GNU-stack
                0x0000000000000000        0x0 c:/program files/microchip/xc8/v3.10/avr/bin/../lib/gcc/avr/5.4.0/../../../../avr/lib/avrxmega2/memx-const/mapped\libc.a(memset.o)
 .note.GNU-stack
                0x0000000000000000        0x0 c:/program files/microchip/xc8/v3.10/avr/bin/../lib/gcc/avr/5.4.0/../../../../avr/lib/avrxmega2/memx-const/mapped\libc.a(strcpy.o)
 .note.GNU-stack
                0x0000000000000000        0x0 c:/program files/microchip/xc8/v3.10/avr/bin/../lib/gcc/avr/5.4.0/../../../../avr/lib/avrxmega2/memx-const/mapped\libc.a(strlen.o)
 .note.GNU-stack
                0x0000000000000000        0x0 c:/program files/microchip/xc8/v3.10/avr/bin/../lib/gcc/avr/5.4.0/../../../../avr/lib/avrxmega2/memx-const/mapped\libc.a(__printf_64bit_arg_support.o)
 .note.GNU-stack
                0x0000000000000000        0x0 c:/program files/microchip/xc8/v3.10/avr/bin/../lib/gcc/avr/5.4.0/../../../../avr/lib/avrxmega2/memx-const/mapped\libc.a(tolower.o)
 .note.GNU-stack
                0x0000000000000000        0x0 c:/program files/microchip/xc8/v3.10/avr/bin/../lib/gcc/avr/5.4.0/../../../../avr/lib/avrxmega2/memx-const/mapped\libc.a(toupper.o)
 .note.GNU-stack
                0x0000000000000000        0x0 c:/program files/microchip/xc8/v3.10/avr/bin/../lib/gcc/avr/5.4.0/../../../../avr/lib/avrxmega2/memx-const/mapped\libc.a(__fmt_fp.o)
 .note.GNU-stack
                0x0000000000000000        0x0 c:/program files/microchip/xc8/v3.10/avr/bin/../lib/gcc/avr/5.4.0/../../../../avr/lib/avrxmega2/memx-const/mapped\libc.a(__fmt_s.o)
 .note.GNU-stack
                0x0000000000000000        0x0 c:/program files/microchip/xc8/v3.10/avr/bin/../lib/gcc/avr/5.4.0/../../../../avr/lib/avrxmega2/memx-const/mapped\libm.a(addsf3.o)
 .note.GNU-stack
                0x0000000000000000        0x0 c:/program files/microchip/xc8/v3.10/avr/bin/../lib/gcc/avr/5.4.0/../../../../avr/lib/avrxmega2/memx-const/mapped\libm.a(addsf3x.o)
 .note.GNU-stack
                0x0000000000000000        0x0 c:/program files/microchip/xc8/v3.10/avr/bin/../lib/gcc/avr/5.4.0/../../../../avr/lib/avrxmega2/memx-const/mapped\libm.a(cmpsf2.o)
 .note.GNU-stack
                0x0000000000000000        0x0 c:/program files/microchip/xc8/v3.10/avr/bin/../lib/gcc/avr/5.4.0/../../../../avr/lib/avrxmega2/memx-const/mapped\libm.a(divsf3.o)
 .note.GNU-stack
                0x0000000000000000        0x0 c:/program files/microchip/xc8/v3.10/avr/bin/../lib/gcc/avr/5.4.0/../../../../avr/lib/avrxmega2/memx-const/mapped\libm.a(divsf3x.o)
 .note.GNU-stack
                0x0000000000000000        0x0 c:/program files/microchip/xc8/v3.10/avr/bin/../lib/gcc/avr/5.4.0/../../../../avr/lib/avrxmega2/memx-const/mapped\libm.a(fixsfsi.o)
 .note.GNU-stack
                0x0000000000000000        0x0 c:/program files/microchip/xc8/v3.10/avr/bin/../lib/gcc/avr/5.4.0/../../../../avr/lib/avrxmega2/memx-const/mapped\libm.a(fixunssfsi.o)
 .note.GNU-stack
                0x0000000000000000        0x0 c:/program files/microchip/xc8/v3.10/avr/bin/../lib/gcc/avr/5.4.0/../../../../avr/lib/avrxmega2/memx-const/mapped\libm.a(floorf.o)
 .note.GNU-stack
                0x0000000000000000        0x0 c:/program files/microchip/xc8/v3.10/avr/bin/../lib/gcc/avr/5.4.0/../../../../avr/lib/avrxmega2/memx-const/mapped\libm.a(fp_cmp.o)
 .note.GNU-stack
                0x0000000000000000        0x0 c:/program files/microchip/xc8/v3.10/avr/bin/../lib/gcc/avr/5.4.0/../../../../avr/lib/avrxmega2/memx-const/mapped\libm.a(fp_inf.o)
 .note.GNU-stack
                0x0000000000000000        0x0 c:/program files/microchip/xc8/v3.10/avr/bin/../lib/gcc/avr/5.4.0/../../../../avr/lib/avrxmega2/memx-const/mapped\libm.a(fp_nan.o)
 .note.GNU-stack
                0x0000000000000000        0x0 c:/program files/microchip/xc8/v3.10/avr/bin/../lib/gcc/avr/5.4.0/../../../../avr/lib/avrxmega2/memx-const/mapped\libm.a(fp_pscA.o)
 .note.GNU-stack
                0x0000000000000000        0x0 c:/program files/microchip/xc8/v3.10/avr/bin/../lib/gcc/avr/5.4.0/../../../../avr/lib/avrxmega2/memx-const/mapped\libm.a(fp_pscB.o)
 .note.GNU-stack
                0x0000000000000000        0x0 c:/program files/microchip/xc8/v3.10/avr/bin/../lib/gcc/avr/5.4.0/../../../../avr/lib/avrxmega2/memx-const/mapped\libm.a(fp_round.o)
 .note.GNU-stack
                0x0000000000000000        0x0 c:/program files/microchip/xc8/v3.10/avr/bin/../lib/gcc/avr/5.4.0/../../../../avr/lib/avrxmega2/memx-const/mapped\libm.a(fp_split3.o)
 .note.GNU-stack
                0x0000000000000000        0x0 c:/program files/microchip/xc8/v3.10/avr/bin/../lib/gcc/avr/5.4.0/../../../../avr/lib/avrxmega2/memx-const/mapped\libm.a(fp_zero.o)
 .note.GNU-stack
                0x0000000000000000        0x0 c:/program files/microchip/xc8/v3.10/avr/bin/../lib/gcc/avr/5.4.0/../../../../avr/lib/avrxmega2/memx-const/mapped\libm.a(gesf2.o)
 .note.GNU-stack
                0x0000000000000000        0x0 c:/program files/microchip/xc8/v3.10/avr/bin/../lib/gcc/avr/5.4.0/../../../../avr/lib/avrxmega2/memx-const/mapped\libm.a(mulsf3.o)
 .note.GNU-stack
                0x0000000000000000        0x0 c:/program files/microchip/xc8/v3.10/avr/bin/../lib/gcc/avr/5.4.0/../../../../avr/lib/avrxmega2/memx-const/mapped\libm.a(mulsf3x.o)

.note.gnu.build-id
 *(.note.gnu.build-id)

.debug
 *(.debug)

.line
 *(.line)

.debug_srcinfo
 *(.debug_srcinfo)

.debug_sfnames
 *(.debug_sfnames)

.debug_aranges  0x0000000000000000      0x1e8
 *(.debug_aranges)
 .debug_aranges
                0x0000000000000000       0xf0 build/default/debug/BME680.o
 .debug_aranges
                0x00000000000000f0       0x20 build/default/debug/main.o
 .debug_aranges
                0x0000000000000110       0x30 build/default/debug/SPI.o
 .debug_aranges
                0x0000000000000140       0x40 build/default/debug/USART.o
 .debug_aranges
                0x0000000000000180       0x28 build/default/debug/CLK.o
 .debug_aranges
                0x00000000000001a8       0x20 build/default/debug/GPIO.o
 .debug_aranges
                0x00000000000001c8       0x20 C:/Program Files/Microchip/MPLABX/v6.35/packs/Microchip/AVR-Dx_DFP/2.8.343/xc8/avr/lib/avrxmega2/memx-const/mapped\libavr64dd32.a(ccp_write.o)

.debug_pubnames
 *(.debug_pubnames)

.debug_info     0x0000000000000000    0x13bf1
 *(.debug_info .gnu.linkonce.wi.*)
 .debug_info    0x0000000000000000     0x2057 C:/Program Files/Microchip/MPLABX/v6.35/packs/Microchip/AVR-Dx_DFP/2.8.343/xc8/avr/lib/avrxmega2/memx-const/mapped/crtavr64dd32.o
 .debug_info    0x0000000000002057     0x8591 build/default/debug/BME680.o
 .debug_info    0x000000000000a5e8     0x76d8 build/default/debug/main.o
 .debug_info    0x0000000000011cc0      0x4b1 build/default/debug/SPI.o
 .debug_info    0x0000000000012171      0x89a build/default/debug/USART.o
 .debug_info    0x0000000000012a0b      0x930 build/default/debug/CLK.o
 .debug_info    0x000000000001333b      0x7f2 build/default/debug/GPIO.o
 .debug_info    0x0000000000013b2d       0xc4 C:/Program Files/Microchip/MPLABX/v6.35/packs/Microchip/AVR-Dx_DFP/2.8.343/xc8/avr/lib/avrxmega2/memx-const/mapped\libavr64dd32.a(ccp_write.o)

.debug_abbrev   0x0000000000000000     0x2646
 *(.debug_abbrev)
 .debug_abbrev  0x0000000000000000     0x1ea0 C:/Program Files/Microchip/MPLABX/v6.35/packs/Microchip/AVR-Dx_DFP/2.8.343/xc8/avr/lib/avrxmega2/memx-const/mapped/crtavr64dd32.o
 .debug_abbrev  0x0000000000001ea0      0x1fa build/default/debug/BME680.o
 .debug_abbrev  0x000000000000209a      0x179 build/default/debug/main.o
 .debug_abbrev  0x0000000000002213       0xe5 build/default/debug/SPI.o
 .debug_abbrev  0x00000000000022f8      0x1af build/default/debug/USART.o
 .debug_abbrev  0x00000000000024a7       0xda build/default/debug/CLK.o
 .debug_abbrev  0x0000000000002581       0xb1 build/default/debug/GPIO.o
 .debug_abbrev  0x0000000000002632       0x14 C:/Program Files/Microchip/MPLABX/v6.35/packs/Microchip/AVR-Dx_DFP/2.8.343/xc8/avr/lib/avrxmega2/memx-const/mapped\libavr64dd32.a(ccp_write.o)

.debug_line     0x0000000000000000      0xd25
 *(.debug_line .debug_line.* .debug_line_end)
 .debug_line    0x0000000000000000      0x1aa C:/Program Files/Microchip/MPLABX/v6.35/packs/Microchip/AVR-Dx_DFP/2.8.343/xc8/avr/lib/avrxmega2/memx-const/mapped/crtavr64dd32.o
 .debug_line    0x00000000000001aa      0x364 build/default/debug/BME680.o
 .debug_line    0x000000000000050e      0x1b1 build/default/debug/main.o
 .debug_line    0x00000000000006bf      0x157 build/default/debug/SPI.o
 .debug_line    0x0000000000000816      0x1f5 build/default/debug/USART.o
 .debug_line    0x0000000000000a0b      0x18d build/default/debug/CLK.o
 .debug_line    0x0000000000000b98      0x120 build/default/debug/GPIO.o
 .debug_line    0x0000000000000cb8       0x6d C:/Program Files/Microchip/MPLABX/v6.35/packs/Microchip/AVR-Dx_DFP/2.8.343/xc8/avr/lib/avrxmega2/memx-const/mapped\libavr64dd32.a(ccp_write.o)

.debug_frame    0x0000000000000000      0x364
 *(.debug_frame)
 .debug_frame   0x0000000000000000      0x1f8 build/default/debug/BME680.o
 .debug_frame   0x00000000000001f8       0x3c build/default/debug/main.o
 .debug_frame   0x0000000000000234       0x44 build/default/debug/SPI.o
 .debug_frame   0x0000000000000278       0x94 build/default/debug/USART.o
 .debug_frame   0x000000000000030c       0x34 build/default/debug/CLK.o
 .debug_frame   0x0000000000000340       0x24 build/default/debug/GPIO.o

.debug_str      0x0000000000000000      0xe80
 *(.debug_str)
 .debug_str     0x0000000000000000      0xdcd C:/Program Files/Microchip/MPLABX/v6.35/packs/Microchip/AVR-Dx_DFP/2.8.343/xc8/avr/lib/avrxmega2/memx-const/mapped/crtavr64dd32.o
 .debug_str     0x0000000000000dcd       0x2f build/default/debug/BME680.o
 .debug_str     0x0000000000000dfc       0x57 build/default/debug/main.o
 .debug_str     0x0000000000000e53        0x0 build/default/debug/SPI.o
 .debug_str     0x0000000000000e53        0xa build/default/debug/USART.o
 .debug_str     0x0000000000000e5d        0xd build/default/debug/CLK.o
 .debug_str     0x0000000000000e6a       0x16 build/default/debug/GPIO.o

.debug_loc      0x0000000000000000      0x2ba
 *(.debug_loc)
 .debug_loc     0x0000000000000000      0x19a build/default/debug/BME680.o
 .debug_loc     0x000000000000019a       0x2a build/default/debug/main.o
 .debug_loc     0x00000000000001c4       0x4e build/default/debug/SPI.o
 .debug_loc     0x0000000000000212       0xa8 build/default/debug/USART.o

.debug_macinfo
 *(.debug_macinfo)

.debug_weaknames
 *(.debug_weaknames)

.debug_funcnames
 *(.debug_funcnames)

.debug_typenames
 *(.debug_typenames)

.debug_varnames
 *(.debug_varnames)

.debug_pubtypes
 *(.debug_pubtypes)

.debug_ranges   0x0000000000000000      0x168
 *(.debug_ranges)
 .debug_ranges  0x0000000000000000       0xe0 build/default/debug/BME680.o
 .debug_ranges  0x00000000000000e0       0x10 build/default/debug/main.o
 .debug_ranges  0x00000000000000f0       0x20 build/default/debug/SPI.o
 .debug_ranges  0x0000000000000110       0x30 build/default/debug/USART.o
 .debug_ranges  0x0000000000000140       0x18 build/default/debug/CLK.o
 .debug_ranges  0x0000000000000158       0x10 build/default/debug/GPIO.o

.debug_macro
 *(.debug_macro)
OUTPUT(dist/default/debug/AVR64DD_BME680_RS485.X.debug.elf elf32-avr)
LOAD linker stubs
LOAD data_init

.note.gnu.avr.deviceinfo
                0x0000000000000000       0x3c
 .note.gnu.avr.deviceinfo
                0x0000000000000000       0x3c C:/Program Files/Microchip/MPLABX/v6.35/packs/Microchip/AVR-Dx_DFP/2.8.343/xc8/avr/lib/avrxmega2/memx-const/mapped/crtavr64dd32.o

.rodata         0x0000000000808102        0xa load address 0x0000000000000102
 .rodata        0x0000000000808102        0xa build/default/debug/main.o

.text.__fmt_fp  0x000000000000010c      0x728
 .text.__fmt_fp
                0x000000000000010c      0x728 c:/program files/microchip/xc8/v3.10/avr/bin/../lib/gcc/avr/5.4.0/../../../../avr/lib/avrxmega2/memx-const/mapped\libc.a(__fmt_fp.o)
                0x000000000000010c                __fmt_f_needed
                0x000000000000010c                __fmt_fp

.text.__fmt_a   0x0000000000000834      0x62a
 .text.__fmt_a  0x0000000000000834      0x62a c:/program files/microchip/xc8/v3.10/avr/bin/../lib/gcc/avr/5.4.0/../../../../avr/lib/avrxmega2/memx-const/mapped\libc.a(__fmt_a.o)
                0x0000000000000834                __fmt_a_needed
                0x0000000000000834                __fmt_a

.text.vfpfcnvrt
                0x0000000000000e5e      0x408
 .text.vfpfcnvrt
                0x0000000000000e5e      0x408 c:/program files/microchip/xc8/v3.10/avr/bin/../lib/gcc/avr/5.4.0/../../../../avr/lib/avrxmega2/memx-const/mapped\libc.a(__printf_64bit_arg_support.o)
                0x0000000000000e5e                vfpfcnvrt

.text.__fmt_x   0x0000000000001266      0x256
 .text.__fmt_x  0x0000000000001266      0x256 c:/program files/microchip/xc8/v3.10/avr/bin/../lib/gcc/avr/5.4.0/../../../../avr/lib/avrxmega2/memx-const/mapped\libc.a(__printf_64bit_arg_support.o)
                0x0000000000001266                __fmt_x

.text.__fmt_d   0x00000000000014bc      0x174
 .text.__fmt_d  0x00000000000014bc      0x174 c:/program files/microchip/xc8/v3.10/avr/bin/../lib/gcc/avr/5.4.0/../../../../avr/lib/avrxmega2/memx-const/mapped\libc.a(__printf_64bit_arg_support.o)
                0x00000000000014bc                __fmt_d

.text.__pop_int
                0x0000000000001630      0x172
 .text.__pop_int
                0x0000000000001630      0x172 c:/program files/microchip/xc8/v3.10/avr/bin/../lib/gcc/avr/5.4.0/../../../../avr/lib/avrxmega2/memx-const/mapped\libc.a(__printf_64bit_arg_support.o)
                0x0000000000001630                __pop_int

.text.__cvt_u   0x00000000000017a2      0x146
 .text.__cvt_u  0x00000000000017a2      0x146 c:/program files/microchip/xc8/v3.10/avr/bin/../lib/gcc/avr/5.4.0/../../../../avr/lib/avrxmega2/memx-const/mapped\libc.a(__printf_64bit_arg_support.o)
                0x00000000000017a2                __cvt_u

.text.floorf    0x00000000000018e8       0xe8
 .text.floorf   0x00000000000018e8       0xe8 c:/program files/microchip/xc8/v3.10/avr/bin/../lib/gcc/avr/5.4.0/../../../../avr/lib/avrxmega2/memx-const/mapped\libm.a(floorf.o)
                0x00000000000018e8                floorf

.text           0x00000000000019d0       0xde
 .text          0x00000000000019d0       0xde c:/program files/microchip/xc8/v3.10/avr/bin/../lib/gcc/avr/5.4.0/../../../../avr/lib/avrxmega2/memx-const/mapped\libm.a(divsf3x.o)
                0x00000000000019d0                __divsf3x
                0x00000000000019f8                __divsf3_pse

.text.__pop_ptr
                0x0000000000001aae       0xd8
 .text.__pop_ptr
                0x0000000000001aae       0xd8 c:/program files/microchip/xc8/v3.10/avr/bin/../lib/gcc/avr/5.4.0/../../../../avr/lib/avrxmega2/memx-const/mapped\libc.a(__printf_64bit_arg_support.o)
                0x0000000000001aae                __pop_ptr

.text           0x0000000000001b86       0xd4
 .text          0x0000000000001b86       0xd4 c:/program files/microchip/xc8/v3.10/avr/bin/../lib/gcc/avr/5.4.0/../../../../avr/lib/avrxmega2/memx-const/mapped\libm.a(mulsf3x.o)
                0x0000000000001b86                __mulsf3x
                0x0000000000001bac                __mulsf3_pse

.text.__fmt_o   0x0000000000001c5a       0xd2
 .text.__fmt_o  0x0000000000001c5a       0xd2 c:/program files/microchip/xc8/v3.10/avr/bin/../lib/gcc/avr/5.4.0/../../../../avr/lib/avrxmega2/memx-const/mapped\libc.a(__printf_64bit_arg_support.o)
                0x0000000000001c5a                __fmt_o

.text           0x0000000000001d2c       0xce
 .text          0x0000000000001d2c       0xce c:/program files/microchip/xc8/v3.10/avr/bin/../lib/gcc/avr/5.4.0/../../../../avr/lib/avrxmega2/memx-const/mapped\libm.a(addsf3x.o)
                0x0000000000001d2c                __addsf3x

.text.BME680_exchange_data
                0x0000000000001dfa       0xca
 .text.BME680_exchange_data
                0x0000000000001dfa       0xca build/default/debug/BME680.o
                0x0000000000001dfa                BME680_exchange_data

.text.__fmt_u   0x0000000000001ec4       0xae
 .text.__fmt_u  0x0000000000001ec4       0xae c:/program files/microchip/xc8/v3.10/avr/bin/../lib/gcc/avr/5.4.0/../../../../avr/lib/avrxmega2/memx-const/mapped\libc.a(__printf_64bit_arg_support.o)
                0x0000000000001ec4                __fmt_u

.text.libgcc.div
                0x0000000000001f72       0xa2
 .text.libgcc.div
                0x0000000000001f72       0xa2 c:/program files/microchip/xc8/v3.10/avr/bin/../lib/gcc/avr/5.4.0/avrxmega2/memx-const/mapped\libgcc.a(_udivmod64.o)
                0x0000000000001f72                __udivmod64

.text.fputc     0x0000000000002014       0x98
 .text.fputc    0x0000000000002014       0x98 c:/program files/microchip/xc8/v3.10/avr/bin/../lib/gcc/avr/5.4.0/../../../../avr/lib/avrxmega2/memx-const/mapped\libc.a(fputc.o)
                0x0000000000002014                fputc
                0x0000000000002014                putc

.text.vsnprintf
                0x00000000000020ac       0x84
 .text.vsnprintf
                0x00000000000020ac       0x84 c:/program files/microchip/xc8/v3.10/avr/bin/../lib/gcc/avr/5.4.0/../../../../avr/lib/avrxmega2/memx-const/mapped\libc.a(vsnprintf.o)
                0x00000000000020ac                vsnprintf

.text.__pad     0x0000000000002130       0x72
 .text.__pad    0x0000000000002130       0x72 c:/program files/microchip/xc8/v3.10/avr/bin/../lib/gcc/avr/5.4.0/../../../../avr/lib/avrxmega2/memx-const/mapped\libc.a(__printf_core.o)
                0x0000000000002130                __pad

.text.__printf_core
                0x00000000000021a2       0x68
 .text.__printf_core
                0x00000000000021a2       0x68 c:/program files/microchip/xc8/v3.10/avr/bin/../lib/gcc/avr/5.4.0/../../../../avr/lib/avrxmega2/memx-const/mapped\libc.a(__printf_core.o)
                0x00000000000021a2                __printf_core

.text           0x000000000000220a       0x5e
 .text          0x000000000000220a       0x5e c:/program files/microchip/xc8/v3.10/avr/bin/../lib/gcc/avr/5.4.0/../../../../avr/lib/avrxmega2/memx-const/mapped\libm.a(fixunssfsi.o)
                0x000000000000220a                __fixunssfsi

.text.read_prec_or_width
                0x0000000000002268       0x5c
 .text.read_prec_or_width
                0x0000000000002268       0x5c c:/program files/microchip/xc8/v3.10/avr/bin/../lib/gcc/avr/5.4.0/../../../../avr/lib/avrxmega2/memx-const/mapped\libc.a(__printf_64bit_arg_support.o)

.text.main      0x00000000000022c4       0x54
 .text.main     0x00000000000022c4       0x54 build/default/debug/main.o
                0x00000000000022c4                main

.text.__fmt_s   0x0000000000002318       0x54
 .text.__fmt_s  0x0000000000002318       0x54 c:/program files/microchip/xc8/v3.10/avr/bin/../lib/gcc/avr/5.4.0/../../../../avr/lib/avrxmega2/memx-const/mapped\libc.a(__fmt_s.o)
                0x0000000000002318                __fmt_s
                0x0000000000002318                __fmt_0_needed
                0x0000000000002318                __fmt_s_needed

.text           0x000000000000236c       0x48
 .text          0x000000000000236c       0x48 c:/program files/microchip/xc8/v3.10/avr/bin/../lib/gcc/avr/5.4.0/../../../../avr/lib/avrxmega2/memx-const/mapped\libm.a(fp_cmp.o)
                0x000000000000236c                __fp_cmp

.text.USART0_sendString
                0x00000000000023b4       0x44
 .text.USART0_sendString
                0x00000000000023b4       0x44 build/default/debug/USART.o
                0x00000000000023b4                USART0_sendString

.text           0x00000000000023f8       0x44
 .text          0x00000000000023f8       0x44 c:/program files/microchip/xc8/v3.10/avr/bin/../lib/gcc/avr/5.4.0/../../../../avr/lib/avrxmega2/memx-const/mapped\libm.a(fp_split3.o)
                0x00000000000023f8                __fp_split3
                0x0000000000002408                __fp_splitA

.text.USART_printf
                0x000000000000243c       0x40
 .text.USART_printf
                0x000000000000243c       0x40 build/default/debug/USART.o
                0x000000000000243c                USART_printf

.text.__fmt_state
                0x000000000000247c       0x40
 .text.__fmt_state
                0x000000000000247c       0x40 c:/program files/microchip/xc8/v3.10/avr/bin/../lib/gcc/avr/5.4.0/../../../../avr/lib/avrxmega2/memx-const/mapped\libc.a(__printf_core.o)
                0x000000000000247c                __fmt_state

.text.__pop_float
                0x00000000000024bc       0x40
 .text.__pop_float
                0x00000000000024bc       0x40 c:/program files/microchip/xc8/v3.10/avr/bin/../lib/gcc/avr/5.4.0/../../../../avr/lib/avrxmega2/memx-const/mapped\libc.a(__pop_float.o)
                0x00000000000024bc                __pop_float_needed
                0x00000000000024bc                __pop_float

.text.libgcc.builtins
                0x00000000000024fc       0x3c
 .text.libgcc.builtins
                0x00000000000024fc       0x3c c:/program files/microchip/xc8/v3.10/avr/bin/../lib/gcc/avr/5.4.0/avrxmega2/memx-const/mapped\libgcc.a(_ashrdi3.o)
                0x00000000000024fc                __ashrdi3
                0x0000000000002500                __lshrdi3

.text.__out     0x0000000000002538       0x3a
 .text.__out    0x0000000000002538       0x3a c:/program files/microchip/xc8/v3.10/avr/bin/../lib/gcc/avr/5.4.0/../../../../avr/lib/avrxmega2/memx-const/mapped\libc.a(__printf_core.o)
                0x0000000000002538                __out

.text.libgcc.prologue
                0x0000000000002572       0x32
 .text.libgcc.prologue
                0x0000000000002572       0x32 c:/program files/microchip/xc8/v3.10/avr/bin/../lib/gcc/avr/5.4.0/avrxmega2/memx-const/mapped\libgcc.a(_prologue.o)
                0x0000000000002572                __prologue_saves__

.text.vfprintf  0x00000000000025a4       0x30
 .text.vfprintf
                0x00000000000025a4       0x30 c:/program files/microchip/xc8/v3.10/avr/bin/../lib/gcc/avr/5.4.0/../../../../avr/lib/avrxmega2/memx-const/mapped\libc.a(vfprintf.o)
                0x00000000000025a4                vfprintf

.text.libgcc.prologue
                0x00000000000025d4       0x30
 .text.libgcc.prologue
                0x00000000000025d4       0x30 c:/program files/microchip/xc8/v3.10/avr/bin/../lib/gcc/avr/5.4.0/avrxmega2/memx-const/mapped\libgcc.a(_epilogue.o)
                0x00000000000025d4                __epilogue_restores__

.text.GPIO_init
                0x0000000000002604       0x2e
 .text.GPIO_init
                0x0000000000002604       0x2e build/default/debug/GPIO.o
                0x0000000000002604                GPIO_init

.text.CLOCK_INHF_clock_init
                0x0000000000002632       0x2a
 .text.CLOCK_INHF_clock_init
                0x0000000000002632       0x2a build/default/debug/CLK.o
                0x0000000000002632                CLOCK_INHF_clock_init

.text.libgcc.div
                0x000000000000265c       0x28
 .text.libgcc.div
                0x000000000000265c       0x28 c:/program files/microchip/xc8/v3.10/avr/bin/../lib/gcc/avr/5.4.0/avrxmega2/memx-const/mapped\libgcc.a(_divmodhi4.o)
                0x000000000000265c                _div
                0x000000000000265c                __divmodhi4

.text.libgcc.div
                0x0000000000002684       0x28
 .text.libgcc.div
                0x0000000000002684       0x28 c:/program files/microchip/xc8/v3.10/avr/bin/../lib/gcc/avr/5.4.0/avrxmega2/memx-const/mapped\libgcc.a(_udivmodhi4.o)
                0x0000000000002684                __udivmodhi4

.text.ui8b_to_32b
                0x00000000000026ac       0x24
 .text.ui8b_to_32b
                0x00000000000026ac       0x24 build/default/debug/BME680.o
                0x00000000000026ac                ui8b_to_32b

.text           0x00000000000026d0       0x22
 .text          0x00000000000026d0       0x22 c:/program files/microchip/xc8/v3.10/avr/bin/../lib/gcc/avr/5.4.0/../../../../avr/lib/avrxmega2/memx-const/mapped\libm.a(fp_round.o)
                0x00000000000026d0                __fp_round

.text.libgcc    0x00000000000026f2       0x20
 .text.libgcc   0x00000000000026f2       0x20 c:/program files/microchip/xc8/v3.10/avr/bin/../lib/gcc/avr/5.4.0/avrxmega2/memx-const/mapped\libgcc.a(_negdi2.o)
                0x00000000000026f2                __negdi2

.text.strlen    0x0000000000002712       0x1c
 .text.strlen   0x0000000000002712       0x1c c:/program files/microchip/xc8/v3.10/avr/bin/../lib/gcc/avr/5.4.0/../../../../avr/lib/avrxmega2/memx-const/mapped\libc.a(strlen.o)
                0x0000000000002712                strlen

.text.libgcc.div
                0x000000000000272e       0x1c
 .text.libgcc.div
                0x000000000000272e       0x1c c:/program files/microchip/xc8/v3.10/avr/bin/../lib/gcc/avr/5.4.0/avrxmega2/memx-const/mapped\libgcc.a(_udivdi3.o)
                0x000000000000272e                __umoddi3
                0x0000000000002732                __udivdi3
                0x0000000000002734                __udivdi3_umoddi3

.text.ui32b_to_8b
                0x000000000000274a       0x16
 .text.ui32b_to_8b
                0x000000000000274a       0x16 build/default/debug/BME680.o
                0x000000000000274a                ui32b_to_8b

.text.USART0_init
                0x0000000000002760       0x16
 .text.USART0_init
                0x0000000000002760       0x16 build/default/debug/USART.o
                0x0000000000002760                USART0_init

.text.exit      0x0000000000002776       0x16
 .text.exit     0x0000000000002776       0x16 c:/program files/microchip/xc8/v3.10/avr/bin/../lib/gcc/avr/5.4.0/../../../../avr/lib/avrxmega2/memx-const/mapped\libc.a(exit.o)
                0x0000000000002776                exit

.text.SPI_exchange_data
                0x000000000000278c       0x14
 .text.SPI_exchange_data
                0x000000000000278c       0x14 build/default/debug/SPI.o
                0x000000000000278c                SPI_exchange_data

.text.memset    0x00000000000027a0       0x12
 .text.memset   0x00000000000027a0       0x12 c:/program files/microchip/xc8/v3.10/avr/bin/../lib/gcc/avr/5.4.0/../../../../avr/lib/avrxmega2/memx-const/mapped\libc.a(memset.o)
                0x00000000000027a0                memset

.text.toupper   0x00000000000027b2       0x12
 .text.toupper  0x00000000000027b2       0x12 c:/program files/microchip/xc8/v3.10/avr/bin/../lib/gcc/avr/5.4.0/../../../../avr/lib/avrxmega2/memx-const/mapped\libc.a(toupper.o)
                0x00000000000027b2                toupper

.text.libgcc    0x00000000000027c4       0x12
 .text.libgcc   0x00000000000027c4       0x12 c:/program files/microchip/xc8/v3.10/avr/bin/../lib/gcc/avr/5.4.0/avrxmega2/memx-const/mapped\libgcc.a(_cmpdi2_with_0.o)
                0x00000000000027c4                __cmpdi2_with_0

.text.USART0_sendChar
                0x00000000000027d6       0x10
 .text.USART0_sendChar
                0x00000000000027d6       0x10 build/default/debug/USART.o
                0x00000000000027d6                USART0_sendChar

.text.strcpy    0x00000000000027e6       0x10
 .text.strcpy   0x00000000000027e6       0x10 c:/program files/microchip/xc8/v3.10/avr/bin/../lib/gcc/avr/5.4.0/../../../../avr/lib/avrxmega2/memx-const/mapped\libc.a(strcpy.o)
                0x00000000000027e6                strcpy

.text.tolower   0x00000000000027f6       0x10
 .text.tolower  0x00000000000027f6       0x10 c:/program files/microchip/xc8/v3.10/avr/bin/../lib/gcc/avr/5.4.0/../../../../avr/lib/avrxmega2/memx-const/mapped\libc.a(tolower.o)
                0x00000000000027f6                tolower

.text.SPI_init  0x0000000000002806        0xe
 .text.SPI_init
                0x0000000000002806        0xe build/default/debug/SPI.o
                0x0000000000002806                SPI_init

.text           0x0000000000002814        0xe
 .text          0x0000000000002814        0xe c:/program files/microchip/xc8/v3.10/avr/bin/../lib/gcc/avr/5.4.0/../../../../avr/lib/avrxmega2/memx-const/mapped\libm.a(addsf3.o)
                0x0000000000002814                __subsf3
                0x0000000000002816                __addsf3

.text           0x0000000000002822        0xe
 .text          0x0000000000002822        0xe c:/program files/microchip/xc8/v3.10/avr/bin/../lib/gcc/avr/5.4.0/../../../../avr/lib/avrxmega2/memx-const/mapped\libm.a(fixsfsi.o)
                0x0000000000002822                __fixsfsi

.text           0x0000000000002830        0xe
 .text          0x0000000000002830        0xe c:/program files/microchip/xc8/v3.10/avr/bin/../lib/gcc/avr/5.4.0/../../../../avr/lib/avrxmega2/memx-const/mapped\libm.a(fp_pscA.o)
                0x0000000000002830                __fp_pscA

.text           0x000000000000283e        0xe
 .text          0x000000000000283e        0xe c:/program files/microchip/xc8/v3.10/avr/bin/../lib/gcc/avr/5.4.0/../../../../avr/lib/avrxmega2/memx-const/mapped\libm.a(fp_pscB.o)
                0x000000000000283e                __fp_pscB

.text           0x000000000000284c        0xe
 .text          0x000000000000284c        0xe c:/program files/microchip/xc8/v3.10/avr/bin/../lib/gcc/avr/5.4.0/../../../../avr/lib/avrxmega2/memx-const/mapped\libm.a(fp_zero.o)
                0x000000000000284c                __fp_zero
                0x000000000000284e                __fp_szero

.text.avrlibc   0x000000000000285a        0xc
 .text.avrlibc  0x000000000000285a        0xc C:/Program Files/Microchip/MPLABX/v6.35/packs/Microchip/AVR-Dx_DFP/2.8.343/xc8/avr/lib/avrxmega2/memx-const/mapped\libavr64dd32.a(ccp_write.o)
                0x000000000000285a                ccp_write_io

.text           0x0000000000002866        0xc
 .text          0x0000000000002866        0xc c:/program files/microchip/xc8/v3.10/avr/bin/../lib/gcc/avr/5.4.0/../../../../avr/lib/avrxmega2/memx-const/mapped\libm.a(fp_inf.o)
                0x0000000000002866                __fp_inf

.text           0x0000000000002872        0xa
 .text          0x0000000000002872        0xa c:/program files/microchip/xc8/v3.10/avr/bin/../lib/gcc/avr/5.4.0/../../../../avr/lib/avrxmega2/memx-const/mapped\libm.a(cmpsf2.o)
                0x0000000000002872                __nesf2
                0x0000000000002872                __eqsf2
                0x0000000000002872                __cmpsf2
                0x0000000000002872                __ltsf2
                0x0000000000002872                __lesf2

.text           0x000000000000287c        0xa
 .text          0x000000000000287c        0xa c:/program files/microchip/xc8/v3.10/avr/bin/../lib/gcc/avr/5.4.0/../../../../avr/lib/avrxmega2/memx-const/mapped\libm.a(gesf2.o)
                0x000000000000287c                __gesf2
                0x000000000000287c                __gtsf2

.text           0x0000000000002886        0x8
 .text          0x0000000000002886        0x8 c:/program files/microchip/xc8/v3.10/avr/bin/../lib/gcc/avr/5.4.0/../../../../avr/lib/avrxmega2/memx-const/mapped\libm.a(divsf3.o)
                0x0000000000002886                __divsf3

.text           0x000000000000288e        0x8
 .text          0x000000000000288e        0x8 c:/program files/microchip/xc8/v3.10/avr/bin/../lib/gcc/avr/5.4.0/../../../../avr/lib/avrxmega2/memx-const/mapped\libm.a(mulsf3.o)
                0x000000000000288e                __mulsf3

.text           0x0000000000002896        0x6
 .text          0x0000000000002896        0x6 c:/program files/microchip/xc8/v3.10/avr/bin/../lib/gcc/avr/5.4.0/../../../../avr/lib/avrxmega2/memx-const/mapped\libm.a(fp_nan.o)
                0x0000000000002896                __fp_nan

.text           0x000000000000289c        0x4
 .text          0x000000000000289c        0x4 C:/Program Files/Microchip/MPLABX/v6.35/packs/Microchip/AVR-Dx_DFP/2.8.343/xc8/avr/lib/avrxmega2/memx-const/mapped/crtavr64dd32.o
                0x000000000000289c                __vector_22
                0x000000000000289c                __vector_28
                0x000000000000289c                __vector_1
                0x000000000000289c                __vector_32
                0x000000000000289c                __vector_34
                0x000000000000289c                __vector_24
                0x000000000000289c                __vector_12
                0x000000000000289c                __bad_interrupt
                0x000000000000289c                __vector_6
                0x000000000000289c                __vector_31
                0x000000000000289c                __vector_35
                0x000000000000289c                __vector_3
                0x000000000000289c                __vector_23
                0x000000000000289c                __vector_30
                0x000000000000289c                __vector_25
                0x000000000000289c                __vector_11
                0x000000000000289c                __vector_13
                0x000000000000289c                __vector_17
                0x000000000000289c                __vector_19
                0x000000000000289c                __vector_7
                0x000000000000289c                __vector_27
                0x000000000000289c                __vector_5
                0x000000000000289c                __vector_33
                0x000000000000289c                __vector_4
                0x000000000000289c                __vector_9
                0x000000000000289c                __vector_2
                0x000000000000289c                __vector_21
                0x000000000000289c                __vector_15
                0x000000000000289c                __vector_29
                0x000000000000289c                __vector_8
                0x000000000000289c                __vector_26
                0x000000000000289c                __vector_14
                0x000000000000289c                __vector_10
                0x000000000000289c                __vector_16
                0x000000000000289c                __vector_18
                0x000000000000289c                __vector_20

.text._Exit     0x00000000000028a0        0x4
 .text._Exit    0x00000000000028a0        0x4 c:/program files/microchip/xc8/v3.10/avr/bin/../lib/gcc/avr/5.4.0/../../../../avr/lib/avrxmega2/memx-const/mapped\libc.a(_Exit.o)
                0x00000000000028a0                _Exit

.text.__dummy_fini
                0x00000000000028a4        0x2
 .text.__dummy_fini
                0x00000000000028a4        0x2 c:/program files/microchip/xc8/v3.10/avr/bin/../lib/gcc/avr/5.4.0/../../../../avr/lib/avrxmega2/memx-const/mapped\libc.a(exit.o)
                0x00000000000028a4                _fini

.text.__dummy_funcs_on_exit
                0x00000000000028a6        0x2
 .text.__dummy_funcs_on_exit
                0x00000000000028a6        0x2 c:/program files/microchip/xc8/v3.10/avr/bin/../lib/gcc/avr/5.4.0/../../../../avr/lib/avrxmega2/memx-const/mapped\libc.a(exit.o)
                0x00000000000028a6                __funcs_on_exit

.text.__dummy_simulator_exit
                0x00000000000028a8        0x2
 .text.__dummy_simulator_exit
                0x00000000000028a8        0x2 c:/program files/microchip/xc8/v3.10/avr/bin/../lib/gcc/avr/5.4.0/../../../../avr/lib/avrxmega2/memx-const/mapped\libc.a(exit.o)
                0x00000000000028a8                __simulator_exit

.rodata.state_table
                0x0000000000806002       0x16 load address 0x00000000000028aa
 .rodata.state_table
                0x0000000000806002       0x16 c:/program files/microchip/xc8/v3.10/avr/bin/../lib/gcc/avr/5.4.0/../../../../avr/lib/avrxmega2/memx-const/mapped\libc.a(__printf_core.o)

.rodata         0x0000000000806018       0x10 load address 0x00000000000028c0
 .rodata        0x0000000000806018       0x10 c:/program files/microchip/xc8/v3.10/avr/bin/../lib/gcc/avr/5.4.0/../../../../avr/lib/avrxmega2/memx-const/mapped\libc.a(__fmt_a.o)

.rodata         0x0000000000806028       0x10 load address 0x00000000000028d0
 .rodata        0x0000000000806028       0x10 c:/program files/microchip/xc8/v3.10/avr/bin/../lib/gcc/avr/5.4.0/../../../../avr/lib/avrxmega2/memx-const/mapped\libc.a(__fmt_fp.o)

.rodata.nuls.2781
                0x0000000000806038        0x7 load address 0x00000000000028e0
 .rodata.nuls.2781
                0x0000000000806038        0x7 c:/program files/microchip/xc8/v3.10/avr/bin/../lib/gcc/avr/5.4.0/../../../../avr/lib/avrxmega2/memx-const/mapped\libc.a(__fmt_s.o)

.rodata.nilstr.3022
                0x000000000080603f        0x6 load address 0x00000000000028e7
 .rodata.nilstr.3022
                0x000000000080603f        0x6 c:/program files/microchip/xc8/v3.10/avr/bin/../lib/gcc/avr/5.4.0/../../../../avr/lib/avrxmega2/memx-const/mapped\libc.a(__printf_64bit_arg_support.o)
