Archive member included to satisfy reference by file (symbol)

c:/program files/microchip/xc8/v3.10/avr/bin/../lib/gcc/avr/5.4.0/../../../../avr/lib/avrxmega2/memx-const/mapped\libm.a(addsf3.o)
                              build/default/debug/RTC.o (__addsf3)
c:/program files/microchip/xc8/v3.10/avr/bin/../lib/gcc/avr/5.4.0/../../../../avr/lib/avrxmega2/memx-const/mapped\libm.a(addsf3x.o)
                              c:/program files/microchip/xc8/v3.10/avr/bin/../lib/gcc/avr/5.4.0/../../../../avr/lib/avrxmega2/memx-const/mapped\libm.a(addsf3.o) (__addsf3x)
c:/program files/microchip/xc8/v3.10/avr/bin/../lib/gcc/avr/5.4.0/../../../../avr/lib/avrxmega2/memx-const/mapped\libm.a(divsf3.o)
                              build/default/debug/ADC.o (__divsf3)
c:/program files/microchip/xc8/v3.10/avr/bin/../lib/gcc/avr/5.4.0/../../../../avr/lib/avrxmega2/memx-const/mapped\libm.a(divsf3x.o)
                              c:/program files/microchip/xc8/v3.10/avr/bin/../lib/gcc/avr/5.4.0/../../../../avr/lib/avrxmega2/memx-const/mapped\libm.a(divsf3.o) (__divsf3x)
c:/program files/microchip/xc8/v3.10/avr/bin/../lib/gcc/avr/5.4.0/../../../../avr/lib/avrxmega2/memx-const/mapped\libm.a(fixunssfsi.o)
                              build/default/debug/ADC.o (__fixunssfsi)
c:/program files/microchip/xc8/v3.10/avr/bin/../lib/gcc/avr/5.4.0/../../../../avr/lib/avrxmega2/memx-const/mapped\libm.a(floatsisf.o)
                              build/default/debug/ADC.o (__floatunsisf)
c:/program files/microchip/xc8/v3.10/avr/bin/../lib/gcc/avr/5.4.0/../../../../avr/lib/avrxmega2/memx-const/mapped\libm.a(fp_inf.o)
                              c:/program files/microchip/xc8/v3.10/avr/bin/../lib/gcc/avr/5.4.0/../../../../avr/lib/avrxmega2/memx-const/mapped\libm.a(addsf3x.o) (__fp_inf)
c:/program files/microchip/xc8/v3.10/avr/bin/../lib/gcc/avr/5.4.0/../../../../avr/lib/avrxmega2/memx-const/mapped\libm.a(fp_nan.o)
                              c:/program files/microchip/xc8/v3.10/avr/bin/../lib/gcc/avr/5.4.0/../../../../avr/lib/avrxmega2/memx-const/mapped\libm.a(addsf3x.o) (__fp_nan)
c:/program files/microchip/xc8/v3.10/avr/bin/../lib/gcc/avr/5.4.0/../../../../avr/lib/avrxmega2/memx-const/mapped\libm.a(fp_pscA.o)
                              c:/program files/microchip/xc8/v3.10/avr/bin/../lib/gcc/avr/5.4.0/../../../../avr/lib/avrxmega2/memx-const/mapped\libm.a(addsf3x.o) (__fp_pscA)
c:/program files/microchip/xc8/v3.10/avr/bin/../lib/gcc/avr/5.4.0/../../../../avr/lib/avrxmega2/memx-const/mapped\libm.a(fp_pscB.o)
                              c:/program files/microchip/xc8/v3.10/avr/bin/../lib/gcc/avr/5.4.0/../../../../avr/lib/avrxmega2/memx-const/mapped\libm.a(addsf3x.o) (__fp_pscB)
c:/program files/microchip/xc8/v3.10/avr/bin/../lib/gcc/avr/5.4.0/../../../../avr/lib/avrxmega2/memx-const/mapped\libm.a(fp_round.o)
                              c:/program files/microchip/xc8/v3.10/avr/bin/../lib/gcc/avr/5.4.0/../../../../avr/lib/avrxmega2/memx-const/mapped\libm.a(addsf3.o) (__fp_round)
c:/program files/microchip/xc8/v3.10/avr/bin/../lib/gcc/avr/5.4.0/../../../../avr/lib/avrxmega2/memx-const/mapped\libm.a(fp_split3.o)
                              c:/program files/microchip/xc8/v3.10/avr/bin/../lib/gcc/avr/5.4.0/../../../../avr/lib/avrxmega2/memx-const/mapped\libm.a(addsf3x.o) (__fp_split3)
c:/program files/microchip/xc8/v3.10/avr/bin/../lib/gcc/avr/5.4.0/../../../../avr/lib/avrxmega2/memx-const/mapped\libm.a(fp_zero.o)
                              c:/program files/microchip/xc8/v3.10/avr/bin/../lib/gcc/avr/5.4.0/../../../../avr/lib/avrxmega2/memx-const/mapped\libm.a(addsf3x.o) (__fp_zero)
c:/program files/microchip/xc8/v3.10/avr/bin/../lib/gcc/avr/5.4.0/../../../../avr/lib/avrxmega2/memx-const/mapped\libm.a(mulsf3.o)
                              build/default/debug/ADC.o (__mulsf3)
c:/program files/microchip/xc8/v3.10/avr/bin/../lib/gcc/avr/5.4.0/../../../../avr/lib/avrxmega2/memx-const/mapped\libm.a(mulsf3x.o)
                              c:/program files/microchip/xc8/v3.10/avr/bin/../lib/gcc/avr/5.4.0/../../../../avr/lib/avrxmega2/memx-const/mapped\libm.a(mulsf3.o) (__mulsf3x)
c:/program files/microchip/xc8/v3.10/avr/bin/../lib/gcc/avr/5.4.0/avrxmega2/memx-const/mapped\libgcc.a(_mulsi3.o)
                              build/default/debug/BME680.o (__mulsi3)
c:/program files/microchip/xc8/v3.10/avr/bin/../lib/gcc/avr/5.4.0/avrxmega2/memx-const/mapped\libgcc.a(_udivmodhi4.o)
                              build/default/debug/ADC.o (__udivmodhi4)
c:/program files/microchip/xc8/v3.10/avr/bin/../lib/gcc/avr/5.4.0/avrxmega2/memx-const/mapped\libgcc.a(_udivmodsi4.o)
                              build/default/debug/BME680.o (__udivmodsi4)
c:/program files/microchip/xc8/v3.10/avr/bin/../lib/gcc/avr/5.4.0/avrxmega2/memx-const/mapped\libgcc.a(_divmodsi4.o)
                              build/default/debug/BME680.o (__divmodsi4)
c:/program files/microchip/xc8/v3.10/avr/bin/../lib/gcc/avr/5.4.0/avrxmega2/memx-const/mapped\libgcc.a(_negsi2.o)
[...]
Memory Configuration

Name             Origin             Length             Attributes
text             0x0000000000000000 0x0000000000010000 xr
data             0x0000000000806000 0x0000000000002000 rw !x
eeprom           0x0000000000810000 0x0000000000000100 rw !x
fuse             0x0000000000820000 0x0000000000000010 rw !x
lock             0x0000000000830000 0x0000000000000400 rw !x
signature        0x0000000000840000 0x0000000000000400 rw !x
user_signatures  0x0000000000850000 0x0000000000000400 rw !x
bootrow          0x0000000000860000 0x0000000000000400 rw !x
*default*        0x0000000000000000 0xffffffffffffffff

Linker script and memory map

Address of section .data set to 0x806000
                0x0000000000008000                __RODATA_PM_OFFSET__ = 0x8000
LOAD C:/Program Files/Microchip/MPLABX/v6.35/packs/Microchip/AVR-Dx_DFP/2.8.343/xc8/avr/lib/avrxmega2/memx-const/mapped/crtavr64dd32.o
                0x0000000000000001                __MPLAB_BUILD = 0x1
LOAD build/default/debug/BME680.o
LOAD build/default/debug/main.o
LOAD build/default/debug/SPI.o
LOAD build/default/debug/USART.o
LOAD build/default/debug/CLK.o
LOAD build/default/debug/GPIO.o
LOAD build/default/debug/ADC.o
LOAD build/default/debug/RTC.o
LOAD build/default/debug/RS485.o
LOAD build/default/debug/crc8.o
START GROUP
LOAD c:/program files/microchip/xc8/v3.10/avr/bin/../lib/gcc/avr/5.4.0/../../../../avr/lib/avrxmega2/memx-const/mapped\libm.a
END GROUP
                0x0000000000000001                __MPLAB_DEBUG = 0x1
                0x0000000000000001                __DEBUG = 0x1
START GROUP
LOAD c:/program files/microchip/xc8/v3.10/avr/bin/../lib/gcc/avr/5.4.0/avrxmega2/memx-const/mapped\libgcc.a
LOAD c:/program files/microchip/xc8/v3.10/avr/bin/../lib/gcc/avr/5.4.0/../../../../avr/lib/avrxmega2/memx-const/mapped\libm.a
LOAD c:/program files/microchip/xc8/v3.10/avr/bin/../lib/gcc/avr/5.4.0/../../../../avr/lib/avrxmega2/memx-const/mapped\libc.a
LOAD C:/Program Files/Microchip/MPLABX/v6.35/packs/Microchip/AVR-Dx_DFP/2.8.343/xc8/avr/lib/avrxmega2/memx-const/mapped\libavr64dd32.a
END GROUP
                [0x0000000000000000]                __TEXT_REGION_ORIGIN__ = DEFINED (__TEXT_REGION_ORIGIN__)?__TEXT_REGION_ORIGIN__:0x0
                [0x0000000000806000]                __DATA_REGION_ORIGIN__ = DEFINED (__DATA_REGION_ORIGIN__)?__DATA_REGION_ORIGIN__:0x802000
                [0x0000000000010000]                __TEXT_REGION_LENGTH__ = DEFINED (__TEXT_REGION_LENGTH__)?__TEXT_REGION_LENGTH__:0x100000
                [0x0000000000002000]                __DATA_REGION_LENGTH__ = DEFINED (__DATA_REGION_LENGTH__)?__DATA_REGION_LENGTH__:0xffa0
                [0x0000000000000100]                __EEPROM_REGION_LENGTH__ = DEFINED (__EEPROM_REGION_LENGTH__)?__EEPROM_REGION_LENGTH__:0x10000
                [0x0000000000000010]                __FUSE_REGION_LENGTH__ = DEFINED (__FUSE_REGION_LENGTH__)?__FUSE_REGION_LENGTH__:0x400
                0x0000000000000400                __LOCK_REGION_LENGTH__ = DEFINED (__LOCK_REGION_LENGTH__)?__LOCK_REGION_LENGTH__:0x400
                0x0000000000000400                __SIGNATURE_REGION_LENGTH__ = DEFINED (__SIGNATURE_REGION_LENGTH__)?__SIGNATURE_REGION_LENGTH__:0x400
                0x0000000000000400                __USER_SIGNATURE_REGION_LENGTH__ = DEFINED (__USER_SIGNATURE_REGION_LENGTH__)?__USER_SIGNATURE_REGION_LENGTH__:0x400
                0x0000000000000400                __BOOTROW_REGION_LENGTH__ = DEFINED (__BOOTROW_REGION_LENGTH__)?__BOOTROW_REGION_LENGTH__:0x400

.hash
 *(.hash)

.dynsym
 *(.dynsym)

.dynstr
 *(.dynstr)

.gnu.version
 *(.gnu.version)

.gnu.version_d
 *(.gnu.version_d)

.gnu.version_r
 *(.gnu.version_r)

.rel.init
 *(.rel.init)

.rela.init
 *(.rela.init)

.rel.text
 *(.rel.text)
 *(.rel.text.*)
 *(.rel.gnu.linkonce.t*)

.rela.text
 *(.rela.text)
 *(.rela.text.*)
 *(.rela.gnu.linkonce.t*)

.rel.fini
 *(.rel.fini)

.rela.fini
 *(.rela.fini)

.rel.rodata
 *(.rel.rodata)
 *(.rel.rodata.*)
 *(.rel.gnu.linkonce.r*)

.rela.rodata
 *(.rela.rodata)
 *(.rela.rodata.*)
 *(.rela.gnu.linkonce.r*)

.rel.data
 *(.rel.data)
 *(.rel.data.*)
 *(.rel.gnu.linkonce.d*)

.rela.data
 *(.rela.data)
 *(.rela.data.*)
 *(.rela.gnu.linkonce.d*)

.rel.ctors
 *(.rel.ctors)

.rela.ctors
 *(.rela.ctors)

.rel.dtors
 *(.rel.dtors)

.rela.dtors
 *(.rela.dtors)

.rel.got
 *(.rel.got)

.rela.got
 *(.rela.got)

.rel.bss
 *(.rel.bss)

.rela.bss
 *(.rela.bss)

.rel.plt
 *(.rel.plt)

.rela.plt
 *(.rela.plt)

.text           0x0000000000000000      0x102
 *(.vectors)
 .vectors       0x0000000000000000       0x90 C:/Program Files/Microchip/MPLABX/v6.35/packs/Microchip/AVR-Dx_DFP/2.8.343/xc8/avr/lib/avrxmega2/memx-const/mapped/crtavr64dd32.o
                0x0000000000000000                __vector_default
                0x0000000000000000                __vectors
 *(.vectors)
 *(.progmem.gcc*)
 *(.dinit)
 .dinit         0x0000000000000090        0xc data_init
                0x000000000000009c                . = ALIGN (0x2)
 *fill*         0x000000000000009c        0x0 
                0x000000000000009c                __trampolines_start = .
 *(.trampolines)
 .trampolines   0x000000000000009c        0x0 linker stubs
 *(.trampolines*)
                0x000000000000009c                __trampolines_end = .
 *libprintf_flt.a:*(.progmem.data)
 *libc.a:*(.progmem.data)
                0x000000000000009c                . = ALIGN (0x2)
 *(.jumptables)
 *(.jumptables*)
 *(.lowtext)
 *(.lowtext*)
                0x000000000000009c                __ctors_start = .
 *(.ctors)
                0x000000000000009c                __ctors_end = .
                0x000000000000009c                __dtors_start = .
 *(.dtors)
                0x000000000000009c                __dtors_end = .
 SORT(*)(.ctors)
 SORT(*)(.dtors)
 *(.init0)
 .init0         0x000000000000009c        0x0 C:/Program Files/Microchip/MPLABX/v6.35/packs/Microchip/AVR-Dx_DFP/2.8.343/xc8/avr/lib/avrxmega2/memx-const/mapped/crtavr64dd32.o
                0x000000000000009c                __init
 *(.init0)
 *(.init1)
 .init1         0x000000000000009c       0x12 C:/Program Files/Microchip/MPLABX/v6.35/packs/Microchip/AVR-Dx_DFP/2.8.343/xc8/avr/lib/avrxmega2/memx-const/mapped/crtavr64dd32.o
 *(.init1)
 *(.init2)
 .init2         0x00000000000000ae        0xc C:/Program Files/Microchip/MPLABX/v6.35/packs/Microchip/AVR-Dx_DFP/2.8.343/xc8/avr/lib/avrxmega2/memx-const/mapped/crtavr64dd32.o
 *(.init2)
 *(.init3)
 *(.init3)
 *(.init4)
 .init4         0x00000000000000ba       0x3c c:/program files/microchip/xc8/v3.10/avr/bin/../lib/gcc/avr/5.4.0/avrxmega2/memx-const/mapped\libgcc.a(_copy_data.o)
                0x00000000000000ba                __do_copy_data
                0x00000000000000e8                __do_clear_bss
 *(.init4)
 *(.init5)
 *(.init5)
 *(.init6)
 *(.init6)
 *(.init7)
 *(.init7)
 *(.init8)
 *(.init8)
 *(.init9)
 .init9         0x00000000000000f6        0x8 C:/Program Files/Microchip/MPLABX/v6.35/packs/Microchip/AVR-Dx_DFP/2.8.343/xc8/avr/lib/avrxmega2/memx-const/mapped/crtavr64dd32.o
 *(.init9)
                0x00000000000000fe                . = ALIGN (0x2)
 *(.fini9)
 .fini9         0x00000000000000fe        0x0 c:/program files/microchip/xc8/v3.10/avr/bin/../lib/gcc/avr/5.4.0/avrxmega2/memx-const/mapped\libgcc.a(_exit.o)
                0x00000000000000fe                _exit
 *(.fini9)
 *(.fini8)
 *(.fini8)
 *(.fini7)
 *(.fini7)
 *(.fini6)
 *(.fini6)
 *(.fini5)
 *(.fini5)
 *(.fini4)
 *(.fini4)
 *(.fini3)
 *(.fini3)
 *(.fini2)
 *(.fini2)
 *(.fini1)
 *(.fini1)
 *(.fini0)
 .fini0         0x00000000000000fe        0x4 c:/program files/microchip/xc8/v3.10/avr/bin/../lib/gcc/avr/5.4.0/avrxmega2/memx-const/mapped\libgcc.a(_exit.o)
 *(.fini0)
                0x0000000000000102                _etext = .

.data           0x0000000000806000        0x0 load address 0x0000000000000102
                [!provide]                        PROVIDE (__data_start, .)
 *(.gnu.linkonce.d*)
 *(.gnu.linkonce.r*)
                0x0000000000806000                . = ALIGN (0x2)
                0x0000000000806000                _edata = .
                [!provide]                        PROVIDE (__data_end, .)

.bss            0x0000000000806000        0x2
                [!provide]                        PROVIDE (__bss_start, .)
 *(COMMON)
 COMMON         0x0000000000806000        0x2 c:/program files/microchip/xc8/v3.10/avr/bin/../lib/gcc/avr/5.4.0/../../../../avr/lib/avrxmega2/memx-const/mapped\libc.a(errno.o)
                0x0000000000806000                __errno_val
                [!provide]                        PROVIDE (__bss_end, .)
                0x0000000000000102                __data_load_start = LOADADDR (.data)
                0x0000000000000102                __data_load_end = (__data_load_start + SIZEOF (.data))

.noinit         0x0000000000806002        0x0
                [!provide]                        PROVIDE (__noinit_start, .)
 *(.noinit*)
                [!provide]                        PROVIDE (__noinit_end, .)
                0x0000000000806002                _end = .

.eeprom         0x0000000000810000        0x0
 *(.eeprom*)
                0x0000000000810000                __eeprom_end = .

.fuse           0x0000000000820000        0x9
 *(.fuse)
 .fuse          0x0000000000820000        0x9 build/default/debug/main.o
                0x0000000000820000                __fuse
 *(.lfuse)
 *(.hfuse)
 *(.efuse)

.lock           0x0000000000830000        0x4
 *(.lock*)
 .lock          0x0000000000830000        0x4 build/default/debug/main.o
                0x0000000000830000                __lock

.signature
 *(.signature*)

.user_signatures
 *(.user_signatures*)

.bootrow
 *(.bootrow*)

.stab
 *(.stab)

.stabstr
 *(.stabstr)

.stab.excl
 *(.stab.excl)

.stab.exclstr
 *(.stab.exclstr)

.stab.index
 *(.stab.index)

.stab.indexstr
 *(.stab.indexstr)

.comment        0x0000000000000000       0x5b
 *(.comment)
 .comment       0x0000000000000000       0x2f build/default/debug/BME680.o
                                         0x30 (size before relaxing)
 .comment       0x000000000000002f       0x30 build/default/debug/main.o
 .comment       0x000000000000002f       0x30 build/default/debug/SPI.o
 .comment       0x000000000000002f       0x30 build/default/debug/USART.o
 .comment       0x000000000000002f       0x30 build/default/debug/CLK.o
 .comment       0x000000000000002f       0x30 build/default/debug/GPIO.o
 .comment       0x000000000000002f       0x30 build/default/debug/ADC.o
 .comment       0x000000000000002f       0x30 build/default/debug/RTC.o
 .comment       0x000000000000002f       0x30 build/default/debug/RS485.o
 .comment       0x000000000000002f       0x30 build/default/debug/crc8.o
 .comment       0x000000000000002f       0x2c c:/program files/microchip/xc8/v3.10/avr/bin/../lib/gcc/avr/5.4.0/../../../../avr/lib/avrxmega2/memx-const/mapped\libc.a(exit.o)
                                         0x2d (size before relaxing)
 .comment       0x000000000000005b       0x2d c:/program files/microchip/xc8/v3.10/avr/bin/../lib/gcc/avr/5.4.0/../../../../avr/lib/avrxmega2/memx-const/mapped\libc.a(vsnprintf.o)
 .comment       0x000000000000005b       0x2d c:/program files/microchip/xc8/v3.10/avr/bin/../lib/gcc/avr/5.4.0/../../../../avr/lib/avrxmega2/memx-const/mapped\libc.a(vfprintf.o)
 .comment       0x000000000000005b       0x2d c:/program files/microchip/xc8/v3.10/avr/bin/../lib/gcc/avr/5.4.0/../../../../avr/lib/avrxmega2/memx-const/mapped\libc.a(errno.o)
 .comment       0x000000000000005b       0x2d c:/program files/microchip/xc8/v3.10/avr/bin/../lib/gcc/avr/5.4.0/../../../../avr/lib/avrxmega2/memx-const/mapped\libc.a(_Exit.o)
 .comment       0x000000000000005b       0x2d c:/program files/microchip/xc8/v3.10/avr/bin/../lib/gcc/avr/5.4.0/../../../../avr/lib/avrxmega2/memx-const/mapped\libc.a(__printf_core.o)
 .comment       0x000000000000005b       0x2d c:/program files/microchip/xc8/v3.10/avr/bin/../lib/gcc/avr/5.4.0/../../../../avr/lib/avrxmega2/memx-const/mapped\libc.a(fputc.o)
 .comment       0x000000000000005b       0x2d c:/program files/microchip/xc8/v3.10/avr/bin/../lib/gcc/avr/5.4.0/../../../../avr/lib/avrxmega2/memx-const/mapped\libc.a(__fmt_a.o)
 .comment       0x000000000000005b       0x2d c:/program files/microchip/xc8/v3.10/avr/bin/../lib/gcc/avr/5.4.0/../../../../avr/lib/avrxmega2/memx-const/mapped\libc.a(__pop_float.o)
 .comment       0x000000000000005b       0x2d c:/program files/microchip/xc8/v3.10/avr/bin/../lib/gcc/avr/5.4.0/../../../../avr/lib/avrxmega2/memx-const/mapped\libc.a(memset.o)
 .comment       0x000000000000005b       0x2d c:/program files/microchip/xc8/v3.10/avr/bin/../lib/gcc/avr/5.4.0/../../../../avr/lib/avrxmega2/memx-const/mapped\libc.a(strcpy.o)
 .comment       0x000000000000005b       0x2d c:/program files/microchip/xc8/v3.10/avr/bin/../lib/gcc/avr/5.4.0/../../../../avr/lib/avrxmega2/memx-const/mapped\libc.a(strlen.o)
 .comment       0x000000000000005b       0x2d c:/program files/microchip/xc8/v3.10/avr/bin/../lib/gcc/avr/5.4.0/../../../../avr/lib/avrxmega2/memx-const/mapped\libc.a(__printf_64bit_arg_support.o)
 .comment       0x000000000000005b       0x2d c:/program files/microchip/xc8/v3.10/avr/bin/../lib/gcc/avr/5.4.0/../../../../avr/lib/avrxmega2/memx-const/mapped\libc.a(tolower.o)
 .comment       0x000000000000005b       0x2d c:/program files/microchip/xc8/v3.10/avr/bin/../lib/gcc/avr/5.4.0/../../../../avr/lib/avrxmega2/memx-const/mapped\libc.a(toupper.o)
 .comment       0x000000000000005b       0x2d c:/program files/microchip/xc8/v3.10/avr/bin/../lib/gcc/avr/5.4.0/../../../../avr/lib/avrxmega2/memx-const/mapped\libc.a(__fmt_fp.o)
 .comment       0x000000000000005b       0x2d c:/program files/microchip/xc8/v3.10/avr/bin/../lib/gcc/avr/5.4.0/../../../../avr/lib/avrxmega2/memx-const/mapped\libc.a(__fmt_s.o)
 .comment       0x000000000000005b       0x2d c:/program files/microchip/xc8/v3.10/avr/bin/../lib/gcc/avr/5.4.0/../../../../avr/lib/avrxmega2/memx-const/mapped\libm.a(floorf.o)

.stack.descriptors.hdr
                0x0000000000000000      0x2f4
 .stack.descriptors.hdr
                0x0000000000000000        0xe c:/program files/microchip/xc8/v3.10/avr/bin/../lib/gcc/avr/5.4.0/../../../../avr/lib/avrxmega2/memx-const/mapped\libm.a(addsf3.o)
 .stack.descriptors.hdr
                0x000000000000000e        0xe c:/program files/microchip/xc8/v3.10/avr/bin/../lib/gcc/avr/5.4.0/../../../../avr/lib/avrxmega2/memx-const/mapped\libm.a(addsf3x.o)
 .stack.descriptors.hdr
                0x000000000000001c        0xe c:/program files/microchip/xc8/v3.10/avr/bin/../lib/gcc/avr/5.4.0/../../../../avr/lib/avrxmega2/memx-const/mapped\libm.a(divsf3.o)
 .stack.descriptors.hdr
                0x000000000000002a        0xe c:/program files/microchip/xc8/v3.10/avr/bin/../lib/gcc/avr/5.4.0/../../../../avr/lib/avrxmega2/memx-const/mapped\libm.a(divsf3x.o)
 .stack.descriptors.hdr
                0x0000000000000038        0xe c:/program files/microchip/xc8/v3.10/avr/bin/../lib/gcc/avr/5.4.0/../../../../avr/lib/avrxmega2/memx-const/mapped\libm.a(fixunssfsi.o)
 .stack.descriptors.hdr
                0x0000000000000046        0xe c:/program files/microchip/xc8/v3.10/avr/bin/../lib/gcc/avr/5.4.0/../../../../avr/lib/avrxmega2/memx-const/mapped\libm.a(floatsisf.o)
 .stack.descriptors.hdr
                0x0000000000000054        0xe c:/program files/microchip/xc8/v3.10/avr/bin/../lib/gcc/avr/5.4.0/../../../../avr/lib/avrxmega2/memx-const/mapped\libm.a(fp_inf.o)
 .stack.descriptors.hdr
                0x0000000000000062        0xe c:/program files/microchip/xc8/v3.10/avr/bin/../lib/gcc/avr/5.4.0/../../../../avr/lib/avrxmega2/memx-const/mapped\libm.a(fp_nan.o)
 .stack.descriptors.hdr
                0x0000000000000070        0xe c:/program files/microchip/xc8/v3.10/avr/bin/../lib/gcc/avr/5.4.0/../../../../avr/lib/avrxmega2/memx-const/mapped\libm.a(fp_pscA.o)
 .stack.descriptors.hdr
                0x000000000000007e        0xe c:/program files/microchip/xc8/v3.10/avr/bin/../lib/gcc/avr/5.4.0/../../../../avr/lib/avrxmega2/memx-const/mapped\libm.a(fp_pscB.o)
 .stack.descriptors.hdr
                0x000000000000008c        0xe c:/program files/microchip/xc8/v3.10/avr/bin/../lib/gcc/avr/5.4.0/../../../../avr/lib/avrxmega2/memx-const/mapped\libm.a(fp_round.o)
 .stack.descriptors.hdr
                0x000000000000009a        0xe c:/program files/microchip/xc8/v3.10/avr/bin/../lib/gcc/avr/5.4.0/../../../../avr/lib/avrxmega2/memx-const/mapped\libm.a(fp_split3.o)
 .stack.descriptors.hdr
                0x00000000000000a8        0xe c:/program files/microchip/xc8/v3.10/avr/bin/../lib/gcc/avr/5.4.0/../../../../avr/lib/avrxmega2/memx-const/mapped\libm.a(fp_zero.o)
 .stack.descriptors.hdr
                0x00000000000000b6        0xe c:/program files/microchip/xc8/v3.10/avr/bin/../lib/gcc/avr/5.4.0/../../../../avr/lib/avrxmega2/memx-const/mapped\libm.a(mulsf3.o)
 .stack.descriptors.hdr
                0x00000000000000c4        0xe c:/program files/microchip/xc8/v3.10/avr/bin/../lib/gcc/avr/5.4.0/../../../../avr/lib/avrxmega2/memx-const/mapped\libm.a(mulsf3x.o)
 .stack.descriptors.hdr
                0x00000000000000d2        0xe c:/program files/microchip/xc8/v3.10/avr/bin/../lib/gcc/avr/5.4.0/avrxmega2/memx-const/mapped\libgcc.a(_mulsi3.o)
 .stack.descriptors.hdr
                0x00000000000000e0        0xe c:/program files/microchip/xc8/v3.10/avr/bin/../lib/gcc/avr/5.4.0/avrxmega2/memx-const/mapped\libgcc.a(_udivmodhi4.o)
 .stack.descriptors.hdr
                0x00000000000000ee        0xe c:/program files/microchip/xc8/v3.10/avr/bin/../lib/gcc/avr/5.4.0/avrxmega2/memx-const/mapped\libgcc.a(_udivmodsi4.o)
 .stack.descriptors.hdr
                0x00000000000000fc        0xe c:/program files/microchip/xc8/v3.10/avr/bin/../lib/gcc/avr/5.4.0/avrxmega2/memx-const/mapped\libgcc.a(_divmodsi4.o)
 .stack.descriptors.hdr
                0x000000000000010a        0xe c:/program files/microchip/xc8/v3.10/avr/bin/../lib/gcc/avr/5.4.0/avrxmega2/memx-const/mapped\libgcc.a(_negsi2.o)
 .stack.descriptors.hdr
                0x0000000000000118        0xe c:/program files/microchip/xc8/v3.10/avr/bin/../lib/gcc/avr/5.4.0/avrxmega2/memx-const/mapped\libgcc.a(_bswapsi2.o)
 .stack.descriptors.hdr
                0x0000000000000126        0xe c:/program files/microchip/xc8/v3.10/avr/bin/../lib/gcc/avr/5.4.0/avrxmega2/memx-const/mapped\libgcc.a(_umulhisi3.o)
 .stack.descriptors.hdr
                0x0000000000000134        0xe c:/program files/microchip/xc8/v3.10/avr/bin/../lib/gcc/avr/5.4.0/avrxmega2/memx-const/mapped\libgcc.a(_muluhisi3.o)
 .stack.descriptors.hdr
                0x0000000000000142        0xe c:/program files/microchip/xc8/v3.10/avr/bin/../lib/gcc/avr/5.4.0/avrxmega2/memx-const/mapped\libgcc.a(_mulshisi3.o)
 .stack.descriptors.hdr
                0x0000000000000150        0xe c:/program files/microchip/xc8/v3.10/avr/bin/../lib/gcc/avr/5.4.0/../../../../avr/lib/avrxmega2/memx-const/mapped\libc.a(exit.o)
 .stack.descriptors.hdr
                0x000000000000015e        0xe c:/program files/microchip/xc8/v3.10/avr/bin/../lib/gcc/avr/5.4.0/../../../../avr/lib/avrxmega2/memx-const/mapped\libc.a(vsnprintf.o)
 .stack.descriptors.hdr
                0x000000000000016c        0xe c:/program files/microchip/xc8/v3.10/avr/bin/../lib/gcc/avr/5.4.0/../../../../avr/lib/avrxmega2/memx-const/mapped\libc.a(vfprintf.o)
 .stack.descriptors.hdr
                0x000000000000017a        0xe c:/program files/microchip/xc8/v3.10/avr/bin/../lib/gcc/avr/5.4.0/../../../../avr/lib/avrxmega2/memx-const/mapped\libc.a(errno.o)
 .stack.descriptors.hdr
                0x0000000000000188        0xe c:/program files/microchip/xc8/v3.10/avr/bin/../lib/gcc/avr/5.4.0/../../../../avr/lib/avrxmega2/memx-const/mapped\libc.a(_Exit.o)
 .stack.descriptors.hdr
                0x0000000000000196        0xe c:/program files/microchip/xc8/v3.10/avr/bin/../lib/gcc/avr/5.4.0/../../../../avr/lib/avrxmega2/memx-const/mapped\libc.a(__printf_core.o)
 .stack.descriptors.hdr
                0x00000000000001a4        0xe c:/program files/microchip/xc8/v3.10/avr/bin/../lib/gcc/avr/5.4.0/../../../../avr/lib/avrxmega2/memx-const/mapped\libc.a(fputc.o)
 .stack.descriptors.hdr
                0x00000000000001b2        0xe c:/program files/microchip/xc8/v3.10/avr/bin/../lib/gcc/avr/5.4.0/../../../../avr/lib/avrxmega2/memx-const/mapped\libc.a(__fmt_a.o)
 .stack.descriptors.hdr
                0x00000000000001c0        0xe c:/program files/microchip/xc8/v3.10/avr/bin/../lib/gcc/avr/5.4.0/../../../../avr/lib/avrxmega2/memx-const/mapped\libc.a(__pop_float.o)
 .stack.descriptors.hdr
                0x00000000000001ce        0xe c:/program files/microchip/xc8/v3.10/avr/bin/../lib/gcc/avr/5.4.0/../../../../avr/lib/avrxmega2/memx-const/mapped\libc.a(memset.o)
 .stack.descriptors.hdr
                0x00000000000001dc        0xe c:/program files/microchip/xc8/v3.10/avr/bin/../lib/gcc/avr/5.4.0/../../../../avr/lib/avrxmega2/memx-const/mapped\libc.a(strcpy.o)
 .stack.descriptors.hdr
                0x00000000000001ea        0xe c:/program files/microchip/xc8/v3.10/avr/bin/../lib/gcc/avr/5.4.0/../../../../avr/lib/avrxmega2/memx-const/mapped\libc.a(strlen.o)
 .stack.descriptors.hdr
                0x00000000000001f8        0xe c:/program files/microchip/xc8/v3.10/avr/bin/../lib/gcc/avr/5.4.0/../../../../avr/lib/avrxmega2/memx-const/mapped\libc.a(__printf_64bit_arg_support.o)
 .stack.descriptors.hdr
                0x0000000000000206        0xe c:/program files/microchip/xc8/v3.10/avr/bin/../lib/gcc/avr/5.4.0/../../../../avr/lib/avrxmega2/memx-const/mapped\libc.a(tolower.o)
 .stack.descriptors.hdr
                0x0000000000000214        0xe c:/program files/microchip/xc8/v3.10/avr/bin/../lib/gcc/avr/5.4.0/../../../../avr/lib/avrxmega2/memx-const/mapped\libc.a(toupper.o)
 .stack.descriptors.hdr
                0x0000000000000222        0xe c:/program files/microchip/xc8/v3.10/avr/bin/../lib/gcc/avr/5.4.0/../../../../avr/lib/avrxmega2/memx-const/mapped\libc.a(__fmt_fp.o)
 .stack.descriptors.hdr
                0x0000000000000230        0xe c:/program files/microchip/xc8/v3.10/avr/bin/../lib/gcc/avr/5.4.0/../../../../avr/lib/avrxmega2/memx-const/mapped\libc.a(__fmt_s.o)
 .stack.descriptors.hdr
                0x000000000000023e        0xe C:/Program Files/Microchip/MPLABX/v6.35/packs/Microchip/AVR-Dx_DFP/2.8.343/xc8/avr/lib/avrxmega2/memx-const/mapped\libavr64dd32.a(ccp_write.o)
 .stack.descriptors.hdr
                0x000000000000024c        0xe c:/program files/microchip/xc8/v3.10/avr/bin/../lib/gcc/avr/5.4.0/avrxmega2/memx-const/mapped\libgcc.a(_divmodhi4.o)
 .stack.descriptors.hdr
                0x000000000000025a        0xe c:/program files/microchip/xc8/v3.10/avr/bin/../lib/gcc/avr/5.4.0/avrxmega2/memx-const/mapped\libgcc.a(_exit.o)
 .stack.descriptors.hdr
                0x0000000000000268        0xe c:/program files/microchip/xc8/v3.10/avr/bin/../lib/gcc/avr/5.4.0/avrxmega2/memx-const/mapped\libgcc.a(_udivdi3.o)
 .stack.descriptors.hdr
                0x0000000000000276        0xe c:/program files/microchip/xc8/v3.10/avr/bin/../lib/gcc/avr/5.4.0/avrxmega2/memx-const/mapped\libgcc.a(_udivmod64.o)
 .stack.descriptors.hdr
                0x0000000000000284        0xe c:/program files/microchip/xc8/v3.10/avr/bin/../lib/gcc/avr/5.4.0/avrxmega2/memx-const/mapped\libgcc.a(_negdi2.o)
 .stack.descriptors.hdr
                0x0000000000000292        0xe c:/program files/microchip/xc8/v3.10/avr/bin/../lib/gcc/avr/5.4.0/avrxmega2/memx-const/mapped\libgcc.a(_ashrdi3.o)
 .stack.descriptors.hdr
                0x00000000000002a0        0xe c:/program files/microchip/xc8/v3.10/avr/bin/../lib/gcc/avr/5.4.0/avrxmega2/memx-const/mapped\libgcc.a(_cmpdi2_with_0.o)
 .stack.descriptors.hdr
                0x00000000000002ae        0xe c:/program files/microchip/xc8/v3.10/avr/bin/../lib/gcc/avr/5.4.0/../../../../avr/lib/avrxmega2/memx-const/mapped\libm.a(cmpsf2.o)
 .stack.descriptors.hdr
                0x00000000000002bc        0xe c:/program files/microchip/xc8/v3.10/avr/bin/../lib/gcc/avr/5.4.0/../../../../avr/lib/avrxmega2/memx-const/mapped\libm.a(fixsfsi.o)
 .stack.descriptors.hdr
                0x00000000000002ca        0xe c:/program files/microchip/xc8/v3.10/avr/bin/../lib/gcc/avr/5.4.0/../../../../avr/lib/avrxmega2/memx-const/mapped\libm.a(floorf.o)
 .stack.descriptors.hdr
                0x00000000000002d8        0xe c:/program files/microchip/xc8/v3.10/avr/bin/../lib/gcc/avr/5.4.0/../../../../avr/lib/avrxmega2/memx-const/mapped\libm.a(fp_cmp.o)
 .stack.descriptors.hdr
                0x00000000000002e6        0xe c:/program files/microchip/xc8/v3.10/avr/bin/../lib/gcc/avr/5.4.0/../../../../avr/lib/avrxmega2/memx-const/mapped\libm.a(gesf2.o)

.note.GNU-stack
                0x0000000000000000        0x0
 .note.GNU-stack
                0x0000000000000000        0x0 c:/program files/microchip/xc8/v3.10/avr/bin/../lib/gcc/avr/5.4.0/../../../../avr/lib/avrxmega2/memx-const/mapped\libm.a(addsf3.o)
 .note.GNU-stack
                0x0000000000000000        0x0 c:/program files/microchip/xc8/v3.10/avr/bin/../lib/gcc/avr/5.4.0/../../../../avr/lib/avrxmega2/memx-const/mapped\libm.a(addsf3x.o)
 .note.GNU-stack
                0x0000000000000000        0x0 c:/program files/microchip/xc8/v3.10/avr/bin/../lib/gcc/avr/5.4.0/../../../../avr/lib/avrxmega2/memx-const/mapped\libm.a(divsf3.o)
 .note.GNU-stack
                0x0000000000000000        0x0 c:/program files/microchip/xc8/v3.10/avr/bin/../lib/gcc/avr/5.4.0/../../../../avr/lib/avrxmega2/memx-const/mapped\libm.a(divsf3x.o)
 .note.GNU-stack
                0x0000000000000000        0x0 c:/program files/microchip/xc8/v3.10/avr/bin/../lib/gcc/avr/5.4.0/../../../../avr/lib/avrxmega2/memx-const/mapped\libm.a(fixunssfsi.o)
 .note.GNU-stack
                0x0000000000000000        0x0 c:/program files/microchip/xc8/v3.10/avr/bin/../lib/gcc/avr/5.4.0/../../../../avr/lib/avrxmega2/memx-const/mapped\libm.a(floatsisf.o)
 .note.GNU-stack
                0x0000000000000000        0x0 c:/program files/microchip/xc8/v3.10/avr/bin/../lib/gcc/avr/5.4.0/../../../../avr/lib/avrxmega2/memx-const/mapped\libm.a(fp_inf.o)
 .note.GNU-stack
                0x0000000000000000        0x0 c:/program files/microchip/xc8/v3.10/avr/bin/../lib/gcc/avr/5.4.0/../../../../avr/lib/avrxmega2/memx-const/mapped\libm.a(fp_nan.o)
 .note.GNU-stack
                0x0000000000000000        0x0 c:/program files/microchip/xc8/v3.10/avr/bin/../lib/gcc/avr/5.4.0/../../../../avr/lib/avrxmega2/memx-const/mapped\libm.a(fp_pscA.o)
 .note.GNU-stack
                0x0000000000000000        0x0 c:/program files/microchip/xc8/v3.10/avr/bin/../lib/gcc/avr/5.4.0/../../../../avr/lib/avrxmega2/memx-const/mapped\libm.a(fp_pscB.o)
 .note.GNU-stack
                0x0000000000000000        0x0 c:/program files/microchip/xc8/v3.10/avr/bin/../lib/gcc/avr/5.4.0/../../../../avr/lib/avrxmega2/memx-const/mapped\libm.a(fp_round.o)
 .note.GNU-stack
                0x0000000000000000        0x0 c:/program files/microchip/xc8/v3.10/avr/bin/../lib/gcc/avr/5.4.0/../../../../avr/lib/avrxmega2/memx-const/mapped\libm.a(fp_split3.o)
 .note.GNU-stack
                0x0000000000000000        0x0 c:/program files/microchip/xc8/v3.10/avr/bin/../lib/gcc/avr/5.4.0/../../../../avr/lib/avrxmega2/memx-const/mapped\libm.a(fp_zero.o)
 .note.GNU-stack
                0x0000000000000000        0x0 c:/program files/microchip/xc8/v3.10/avr/bin/../lib/gcc/avr/5.4.0/../../../../avr/lib/avrxmega2/memx-const/mapped\libm.a(mulsf3.o)
 .note.GNU-stack
                0x0000000000000000        0x0 c:/program files/microchip/xc8/v3.10/avr/bin/../lib/gcc/avr/5.4.0/../../../../avr/lib/avrxmega2/memx-const/mapped\libm.a(mulsf3x.o)
 .note.GNU-stack
                0x0000000000000000        0x0 c:/program files/microchip/xc8/v3.10/avr/bin/../lib/gcc/avr/5.4.0/../../../../avr/lib/avrxmega2/memx-const/mapped\libc.a(exit.o)
 .note.GNU-stack
                0x0000000000000000        0x0 c:/program files/microchip/xc8/v3.10/avr/bin/../lib/gcc/avr/5.4.0/../../../../avr/lib/avrxmega2/memx-const/mapped\libc.a(vsnprintf.o)
 .note.GNU-stack
                0x0000000000000000        0x0 c:/program files/microchip/xc8/v3.10/avr/bin/../lib/gcc/avr/5.4.0/../../../../avr/lib/avrxmega2/memx-const/mapped\libc.a(vfprintf.o)
 .note.GNU-stack
                0x0000000000000000        0x0 c:/program files/microchip/xc8/v3.10/avr/bin/../lib/gcc/avr/5.4.0/../../../../avr/lib/avrxmega2/memx-const/mapped\libc.a(errno.o)
 .note.GNU-stack
                0x0000000000000000        0x0 c:/program files/microchip/xc8/v3.10/avr/bin/../lib/gcc/avr/5.4.0/../../../../avr/lib/avrxmega2/memx-const/mapped\libc.a(_Exit.o)
 .note.GNU-stack
                0x0000000000000000        0x0 c:/program files/microchip/xc8/v3.10/avr/bin/../lib/gcc/avr/5.4.0/../../../../avr/lib/avrxmega2/memx-const/mapped\libc.a(__printf_core.o)
 .note.GNU-stack
                0x0000000000000000        0x0 c:/program files/microchip/xc8/v3.10/avr/bin/../lib/gcc/avr/5.4.0/../../../../avr/lib/avrxmega2/memx-const/mapped\libc.a(fputc.o)
 .note.GNU-stack
                0x0000000000000000        0x0 c:/program files/microchip/xc8/v3.10/avr/bin/../lib/gcc/avr/5.4.0/../../../../avr/lib/avrxmega2/memx-const/mapped\libc.a(__fmt_a.o)
 .note.GNU-stack
                0x0000000000000000        0x0 c:/program files/microchip/xc8/v3.10/avr/bin/../lib/gcc/avr/5.4.0/../../../../avr/lib/avrxmega2/memx-const/mapped\libc.a(__pop_float.o)
 .note.GNU-stack
                0x0000000000000000        0x0 c:/program files/microchip/xc8/v3.10/avr/bin/../lib/gcc/avr/5.4.0/../../../../avr/lib/avrxmega2/memx-const/mapped\libc.a(memset.o)
 .note.GNU-stack
                0x0000000000000000        0x0 c:/program files/microchip/xc8/v3.10/avr/bin/../lib/gcc/avr/5.4.0/../../../../avr/lib/avrxmega2/memx-const/mapped\libc.a(strcpy.o)
 .note.GNU-stack
                0x0000000000000000        0x0 c:/program files/microchip/xc8/v3.10/avr/bin/../lib/gcc/avr/5.4.0/../../../../avr/lib/avrxmega2/memx-const/mapped\libc.a(strlen.o)
 .note.GNU-stack
                0x0000000000000000        0x0 c:/program files/microchip/xc8/v3.10/avr/bin/../lib/gcc/avr/5.4.0/../../../../avr/lib/avrxmega2/memx-const/mapped\libc.a(__printf_64bit_arg_support.o)
 .note.GNU-stack
                0x0000000000000000        0x0 c:/program files/microchip/xc8/v3.10/avr/bin/../lib/gcc/avr/5.4.0/../../../../avr/lib/avrxmega2/memx-const/mapped\libc.a(tolower.o)
 .note.GNU-stack
                0x0000000000000000        0x0 c:/program files/microchip/xc8/v3.10/avr/bin/../lib/gcc/avr/5.4.0/../../../../avr/lib/avrxmega2/memx-const/mapped\libc.a(toupper.o)
 .note.GNU-stack
                0x0000000000000000        0x0 c:/program files/microchip/xc8/v3.10/avr/bin/../lib/gcc/avr/5.4.0/../../../../avr/lib/avrxmega2/memx-const/mapped\libc.a(__fmt_fp.o)
 .note.GNU-stack
                0x0000000000000000        0x0 c:/program files/microchip/xc8/v3.10/avr/bin/../lib/gcc/avr/5.4.0/../../../../avr/lib/avrxmega2/memx-const/mapped\libc.a(__fmt_s.o)
 .note.GNU-stack
                0x0000000000000000        0x0 c:/program files/microchip/xc8/v3.10/avr/bin/../lib/gcc/avr/5.4.0/../../../../avr/lib/avrxmega2/memx-const/mapped\libm.a(cmpsf2.o)
 .note.GNU-stack
                0x0000000000000000        0x0 c:/program files/microchip/xc8/v3.10/avr/bin/../lib/gcc/avr/5.4.0/../../../../avr/lib/avrxmega2/memx-const/mapped\libm.a(fixsfsi.o)
 .note.GNU-stack
                0x0000000000000000        0x0 c:/program files/microchip/xc8/v3.10/avr/bin/../lib/gcc/avr/5.4.0/../../../../avr/lib/avrxmega2/memx-const/mapped\libm.a(floorf.o)
 .note.GNU-stack
                0x0000000000000000        0x0 c:/program files/microchip/xc8/v3.10/avr/bin/../lib/gcc/avr/5.4.0/../../../../avr/lib/avrxmega2/memx-const/mapped\libm.a(fp_cmp.o)
 .note.GNU-stack
                0x0000000000000000        0x0 c:/program files/microchip/xc8/v3.10/avr/bin/../lib/gcc/avr/5.4.0/../../../../avr/lib/avrxmega2/memx-const/mapped\libm.a(gesf2.o)

.note.gnu.build-id
 *(.note.gnu.build-id)

.debug
 *(.debug)

.line
 *(.line)

.debug_srcinfo
 *(.debug_srcinfo)

.debug_sfnames
 *(.debug_sfnames)

.debug_aranges  0x0000000000000000      0x218
 *(.debug_aranges)
 .debug_aranges
                0x0000000000000000       0x90 build/default/debug/BME680.o
 .debug_aranges
                0x0000000000000090       0x20 build/default/debug/main.o
 .debug_aranges
                0x00000000000000b0       0x28 build/default/debug/SPI.o
 .debug_aranges
                0x00000000000000d8       0x40 build/default/debug/USART.o
 .debug_aranges
                0x0000000000000118       0x28 build/default/debug/CLK.o
 .debug_aranges
                0x0000000000000140       0x20 build/default/debug/GPIO.o
 .debug_aranges
                0x0000000000000160       0x30 build/default/debug/ADC.o
 .debug_aranges
                0x0000000000000190       0x20 build/default/debug/RTC.o
 .debug_aranges
                0x00000000000001b0       0x20 build/default/debug/RS485.o
 .debug_aranges
                0x00000000000001d0       0x28 build/default/debug/crc8.o
 .debug_aranges
                0x00000000000001f8       0x20 C:/Program Files/Microchip/MPLABX/v6.35/packs/Microchip/AVR-Dx_DFP/2.8.343/xc8/avr/lib/avrxmega2/memx-const/mapped\libavr64dd32.a(ccp_write.o)

.debug_pubnames
 *(.debug_pubnames)

.debug_info     0x0000000000000000    0x2502e
 *(.debug_info .gnu.linkonce.wi.*)
 .debug_info    0x0000000000000000     0x2057 C:/Program Files/Microchip/MPLABX/v6.35/packs/Microchip/AVR-Dx_DFP/2.8.343/xc8/avr/lib/avrxmega2/memx-const/mapped/crtavr64dd32.o
 .debug_info    0x0000000000002057     0x8592 build/default/debug/BME680.o
 .debug_info    0x000000000000a5e9     0x7a6e build/default/debug/main.o
 .debug_info    0x0000000000012057      0x46a build/default/debug/SPI.o
 .debug_info    0x00000000000124c1      0x8d0 build/default/debug/USART.o
 .debug_info    0x0000000000012d91      0x918 build/default/debug/CLK.o
 .debug_info    0x00000000000136a9      0x7da build/default/debug/GPIO.o
 .debug_info    0x0000000000013e83     0x8182 build/default/debug/ADC.o
 .debug_info    0x000000000001c005      0x796 build/default/debug/RTC.o
 .debug_info    0x000000000001c79b      0xabd build/default/debug/RS485.o
 .debug_info    0x000000000001d258     0x7d12 build/default/debug/crc8.o
 .debug_info    0x0000000000024f6a       0xc4 C:/Program Files/Microchip/MPLABX/v6.35/packs/Microchip/AVR-Dx_DFP/2.8.343/xc8/avr/lib/avrxmega2/memx-const/mapped\libavr64dd32.a(ccp_write.o)

.debug_abbrev   0x0000000000000000     0x2ac4
 *(.debug_abbrev)
 .debug_abbrev  0x0000000000000000     0x1ea0 C:/Program Files/Microchip/MPLABX/v6.35/packs/Microchip/AVR-Dx_DFP/2.8.343/xc8/avr/lib/avrxmega2/memx-const/mapped/crtavr64dd32.o
 .debug_abbrev  0x0000000000001ea0      0x1ec build/default/debug/BME680.o
 .debug_abbrev  0x000000000000208c      0x151 build/default/debug/main.o
 .debug_abbrev  0x00000000000021dd       0xcb build/default/debug/SPI.o
 .debug_abbrev  0x00000000000022a8      0x1af build/default/debug/USART.o
 .debug_abbrev  0x0000000000002457       0xda build/default/debug/CLK.o
 .debug_abbrev  0x0000000000002531       0xb1 build/default/debug/GPIO.o
 .debug_abbrev  0x00000000000025e2      0x1b3 build/default/debug/ADC.o
 .debug_abbrev  0x0000000000002795       0xea build/default/debug/RTC.o
 .debug_abbrev  0x000000000000287f       0xe1 build/default/debug/RS485.o
 .debug_abbrev  0x0000000000002960      0x150 build/default/debug/crc8.o
 .debug_abbrev  0x0000000000002ab0       0x14 C:/Program Files/Microchip/MPLABX/v6.35/packs/Microchip/AVR-Dx_DFP/2.8.343/xc8/avr/lib/avrxmega2/memx-const/mapped\libavr64dd32.a(ccp_write.o)

.debug_line     0x0000000000000000     0x1496
 *(.debug_line .debug_line.* .debug_line_end)
 .debug_line    0x0000000000000000      0x1aa C:/Program Files/Microchip/MPLABX/v6.35/packs/Microchip/AVR-Dx_DFP/2.8.343/xc8/avr/lib/avrxmega2/memx-const/mapped/crtavr64dd32.o
 .debug_line    0x00000000000001aa      0x556 build/default/debug/BME680.o
 .debug_line    0x0000000000000700      0x1aa build/default/debug/main.o
 .debug_line    0x00000000000008aa      0x12f build/default/debug/SPI.o
 .debug_line    0x00000000000009d9      0x1fd build/default/debug/USART.o
 .debug_line    0x0000000000000bd6      0x18d build/default/debug/CLK.o
 .debug_line    0x0000000000000d63      0x138 build/default/debug/GPIO.o
 .debug_line    0x0000000000000e9b      0x1a0 build/default/debug/ADC.o
 .debug_line    0x000000000000103b      0x119 build/default/debug/RTC.o
 .debug_line    0x0000000000001154      0x157 build/default/debug/RS485.o
 .debug_line    0x00000000000012ab      0x17e build/default/debug/crc8.o
 .debug_line    0x0000000000001429       0x6d C:/Program Files/Microchip/MPLABX/v6.35/packs/Microchip/AVR-Dx_DFP/2.8.343/xc8/avr/lib/avrxmega2/memx-const/mapped\libavr64dd32.a(ccp_write.o)

.debug_frame    0x0000000000000000      0x530
 *(.debug_frame)
 .debug_frame   0x0000000000000000      0x298 build/default/debug/BME680.o
 .debug_frame   0x0000000000000298       0x24 build/default/debug/main.o
 .debug_frame   0x00000000000002bc       0x34 build/default/debug/SPI.o
 .debug_frame   0x00000000000002f0       0x94 build/default/debug/USART.o
 .debug_frame   0x0000000000000384       0x34 build/default/debug/CLK.o
 .debug_frame   0x00000000000003b8       0x24 build/default/debug/GPIO.o
 .debug_frame   0x00000000000003dc       0x84 build/default/debug/ADC.o
 .debug_frame   0x0000000000000460       0x34 build/default/debug/RTC.o
 .debug_frame   0x0000000000000494       0x58 build/default/debug/RS485.o
 .debug_frame   0x00000000000004ec       0x44 build/default/debug/crc8.o

.debug_str      0x0000000000000000      0xed8
 *(.debug_str)
 .debug_str     0x0000000000000000      0xdcd C:/Program Files/Microchip/MPLABX/v6.35/packs/Microchip/AVR-Dx_DFP/2.8.343/xc8/avr/lib/avrxmega2/memx-const/mapped/crtavr64dd32.o
 .debug_str     0x0000000000000dcd       0x23 build/default/debug/BME680.o
 .debug_str     0x0000000000000df0       0x8c build/default/debug/main.o
 .debug_str     0x0000000000000e7c        0x0 build/default/debug/SPI.o
 .debug_str     0x0000000000000e7c        0xa build/default/debug/USART.o
 .debug_str     0x0000000000000e86        0xd build/default/debug/CLK.o
 .debug_str     0x0000000000000e93       0x16 build/default/debug/GPIO.o
 .debug_str     0x0000000000000ea9       0x16 build/default/debug/ADC.o
 .debug_str     0x0000000000000ebf        0x0 build/default/debug/RTC.o
 .debug_str     0x0000000000000ebf       0x19 build/default/debug/RS485.o
 .debug_str     0x0000000000000ed8        0x0 build/default/debug/crc8.o

.debug_loc      0x0000000000000000     0x1083
 *(.debug_loc)
 .debug_loc     0x0000000000000000      0xc89 build/default/debug/BME680.o
 .debug_loc     0x0000000000000c89       0x2e build/default/debug/SPI.o
 .debug_loc     0x0000000000000cb7       0xa6 build/default/debug/USART.o
 .debug_loc     0x0000000000000d5d      0x182 build/default/debug/ADC.o
 .debug_loc     0x0000000000000edf       0x36 build/default/debug/RTC.o
 .debug_loc     0x0000000000000f15      0x16e build/default/debug/crc8.o

.debug_macinfo
 *(.debug_macinfo)

.debug_weaknames
 *(.debug_weaknames)

.debug_funcnames
 *(.debug_funcnames)

.debug_typenames
 *(.debug_typenames)

.debug_varnames
 *(.debug_varnames)

.debug_pubtypes
 *(.debug_pubtypes)

.debug_ranges   0x0000000000000000      0x158
 *(.debug_ranges)
 .debug_ranges  0x0000000000000000       0x80 build/default/debug/BME680.o
 .debug_ranges  0x0000000000000080       0x10 build/default/debug/main.o
 .debug_ranges  0x0000000000000090       0x18 build/default/debug/SPI.o
 .debug_ranges  0x00000000000000a8       0x30 build/default/debug/USART.o
 .debug_ranges  0x00000000000000d8       0x18 build/default/debug/CLK.o
 .debug_ranges  0x00000000000000f0       0x10 build/default/debug/GPIO.o
 .debug_ranges  0x0000000000000100       0x20 build/default/debug/ADC.o
 .debug_ranges  0x0000000000000120       0x10 build/default/debug/RTC.o
 .debug_ranges  0x0000000000000130       0x10 build/default/debug/RS485.o
 .debug_ranges  0x0000000000000140       0x18 build/default/debug/crc8.o

.debug_macro
 *(.debug_macro)
OUTPUT(dist/default/debug/AVR64DD_BME680_RS485.X.debug.elf elf32-avr)
LOAD linker stubs
LOAD data_init

.note.gnu.avr.deviceinfo
                0x0000000000000000       0x3c
 .note.gnu.avr.deviceinfo
                0x0000000000000000       0x3c C:/Program Files/Microchip/MPLABX/v6.35/packs/Microchip/AVR-Dx_DFP/2.8.343/xc8/avr/lib/avrxmega2/memx-const/mapped/crtavr64dd32.o

.bss.BME680     0x0000000000806002       0x43
 .bss.BME680    0x0000000000806002       0x43 build/default/debug/BME680.o
                0x0000000000806002                BME680

.rodata.crc8_table
                0x0000000000808102      0x100 load address 0x0000000000000102
 .rodata.crc8_table
                0x0000000000808102      0x100 build/default/debug/crc8.o
                0x0000000000808102                crc8_table

.rodata         0x0000000000808202       0x1f load address 0x0000000000000202
 .rodata        0x0000000000808202       0x1f build/default/debug/RS485.o

.text.__fmt_fp  0x0000000000000222      0x728
 .text.__fmt_fp
                0x0000000000000222      0x728 c:/program files/microchip/xc8/v3.10/avr/bin/../lib/gcc/avr/5.4.0/../../../../avr/lib/avrxmega2/memx-const/mapped\libc.a(__fmt_fp.o)
                0x0000000000000222                __fmt_f_needed
                0x0000000000000222                __fmt_fp

.text.__fmt_a   0x000000000000094a      0x62a
 .text.__fmt_a  0x000000000000094a      0x62a c:/program files/microchip/xc8/v3.10/avr/bin/../lib/gcc/avr/5.4.0/../../../../avr/lib/avrxmega2/memx-const/mapped\libc.a(__fmt_a.o)
                0x000000000000094a                __fmt_a_needed
                0x000000000000094a                __fmt_a

.text.vfpfcnvrt
                0x0000000000000f74      0x408
 .text.vfpfcnvrt
                0x0000000000000f74      0x408 c:/program files/microchip/xc8/v3.10/avr/bin/../lib/gcc/avr/5.4.0/../../../../avr/lib/avrxmega2/memx-const/mapped\libc.a(__printf_64bit_arg_support.o)
                0x0000000000000f74                vfpfcnvrt

.text.BME680_calculate_pressure
                0x000000000000137c      0x3b6
 .text.BME680_calculate_pressure
                0x000000000000137c      0x3b6 build/default/debug/BME680.o
                0x000000000000137c                BME680_calculate_pressure

.text.BME680_calculate_humidity
                0x0000000000001732      0x27e
 .text.BME680_calculate_humidity
                0x0000000000001732      0x27e build/default/debug/BME680.o
                0x0000000000001732                BME680_calculate_humidity

.text.__fmt_x   0x00000000000019b0      0x256
 .text.__fmt_x  0x00000000000019b0      0x256 c:/program files/microchip/xc8/v3.10/avr/bin/../lib/gcc/avr/5.4.0/../../../../avr/lib/avrxmega2/memx-const/mapped\libc.a(__printf_64bit_arg_support.o)
                0x00000000000019b0                __fmt_x

.text.__fmt_d   0x0000000000001c06      0x174
 .text.__fmt_d  0x0000000000001c06      0x174 c:/program files/microchip/xc8/v3.10/avr/bin/../lib/gcc/avr/5.4.0/../../../../avr/lib/avrxmega2/memx-const/mapped\libc.a(__printf_64bit_arg_support.o)
                0x0000000000001c06                __fmt_d

.text.__pop_int
                0x0000000000001d7a      0x172
 .text.__pop_int
                0x0000000000001d7a      0x172 c:/program files/microchip/xc8/v3.10/avr/bin/../lib/gcc/avr/5.4.0/../../../../avr/lib/avrxmega2/memx-const/mapped\libc.a(__printf_64bit_arg_support.o)
                0x0000000000001d7a                __pop_int

.text.BME680_calculate_temperature
                0x0000000000001eec      0x15c
 .text.BME680_calculate_temperature
                0x0000000000001eec      0x15c build/default/debug/BME680.o
                0x0000000000001eec                BME680_calculate_temperature

.text.__cvt_u   0x0000000000002048      0x146
 .text.__cvt_u  0x0000000000002048      0x146 c:/program files/microchip/xc8/v3.10/avr/bin/../lib/gcc/avr/5.4.0/../../../../avr/lib/avrxmega2/memx-const/mapped\libc.a(__printf_64bit_arg_support.o)
                0x0000000000002048                __cvt_u

.text.BME680_read_pres_calib
                0x000000000000218e      0x104
 .text.BME680_read_pres_calib
                0x000000000000218e      0x104 build/default/debug/BME680.o
                0x000000000000218e                BME680_read_pres_calib

.text.floorf    0x0000000000002292       0xe8
 .text.floorf   0x0000000000002292       0xe8 c:/program files/microchip/xc8/v3.10/avr/bin/../lib/gcc/avr/5.4.0/../../../../avr/lib/avrxmega2/memx-const/mapped\libm.a(floorf.o)
                0x0000000000002292                floorf

.text.BME680_exchange_data
                0x000000000000237a       0xe0
 .text.BME680_exchange_data
                0x000000000000237a       0xe0 build/default/debug/BME680.o
                0x000000000000237a                BME680_exchange_data

.text           0x000000000000245a       0xde
 .text          0x000000000000245a       0xde c:/program files/microchip/xc8/v3.10/avr/bin/../lib/gcc/avr/5.4.0/../../../../avr/lib/avrxmega2/memx-const/mapped\libm.a(divsf3x.o)
                0x000000000000245a                __divsf3x
                0x0000000000002482                __divsf3_pse

.text.BME680_read_hum_calib
                0x0000000000002538       0xd8
 .text.BME680_read_hum_calib
                0x0000000000002538       0xd8 build/default/debug/BME680.o
                0x0000000000002538                BME680_read_hum_calib

.text.__pop_ptr
                0x0000000000002610       0xd8
 .text.__pop_ptr
                0x0000000000002610       0xd8 c:/program files/microchip/xc8/v3.10/avr/bin/../lib/gcc/avr/5.4.0/../../../../avr/lib/avrxmega2/memx-const/mapped\libc.a(__printf_64bit_arg_support.o)
                0x0000000000002610                __pop_ptr

.text.ADC0_read
                0x00000000000026e8       0xd4
 .text.ADC0_read
                0x00000000000026e8       0xd4 build/default/debug/ADC.o
                0x00000000000026e8                ADC0_read

.text           0x00000000000027bc       0xd4
 .text          0x00000000000027bc       0xd4 c:/program files/microchip/xc8/v3.10/avr/bin/../lib/gcc/avr/5.4.0/../../../../avr/lib/avrxmega2/memx-const/mapped\libm.a(mulsf3x.o)
                0x00000000000027bc                __mulsf3x
                0x00000000000027e2                __mulsf3_pse

.text.__fmt_o   0x0000000000002890       0xd2
 .text.__fmt_o  0x0000000000002890       0xd2 c:/program files/microchip/xc8/v3.10/avr/bin/../lib/gcc/avr/5.4.0/../../../../avr/lib/avrxmega2/memx-const/mapped\libc.a(__printf_64bit_arg_support.o)
                0x0000000000002890                __fmt_o

.text           0x0000000000002962       0xce
 .text          0x0000000000002962       0xce c:/program files/microchip/xc8/v3.10/avr/bin/../lib/gcc/avr/5.4.0/../../../../avr/lib/avrxmega2/memx-const/mapped\libm.a(addsf3x.o)
                0x0000000000002962                __addsf3x

.text.BME680_Ctrl_meas
                0x0000000000002a30       0xc4
 .text.BME680_Ctrl_meas
                0x0000000000002a30       0xc4 build/default/debug/BME680.o
                0x0000000000002a30                BME680_Ctrl_meas

.text.ADC_read_ws_wd_sl
                0x0000000000002af4       0xb6
 .text.ADC_read_ws_wd_sl
                0x0000000000002af4       0xb6 build/default/debug/ADC.o
                0x0000000000002af4                ADC_read_ws_wd_sl

.text.__fmt_u   0x0000000000002baa       0xae
 .text.__fmt_u  0x0000000000002baa       0xae c:/program files/microchip/xc8/v3.10/avr/bin/../lib/gcc/avr/5.4.0/../../../../avr/lib/avrxmega2/memx-const/mapped\libc.a(__printf_64bit_arg_support.o)
                0x0000000000002baa                __fmt_u

.text.BME680_Config
                0x0000000000002c58       0xaa
 .text.BME680_Config
                0x0000000000002c58       0xaa build/default/debug/BME680.o
                0x0000000000002c58                BME680_Config

.text.libgcc.div
                0x0000000000002d02       0xa2
 .text.libgcc.div
                0x0000000000002d02       0xa2 c:/program files/microchip/xc8/v3.10/avr/bin/../lib/gcc/avr/5.4.0/avrxmega2/memx-const/mapped\libgcc.a(_udivmod64.o)
                0x0000000000002d02                __udivmod64

.text.fputc     0x0000000000002da4       0x98
 .text.fputc    0x0000000000002da4       0x98 c:/program files/microchip/xc8/v3.10/avr/bin/../lib/gcc/avr/5.4.0/../../../../avr/lib/avrxmega2/memx-const/mapped\libc.a(fputc.o)
                0x0000000000002da4                fputc
                0x0000000000002da4                putc

.text.vsnprintf
                0x0000000000002e3c       0x84
 .text.vsnprintf
                0x0000000000002e3c       0x84 c:/program files/microchip/xc8/v3.10/avr/bin/../lib/gcc/avr/5.4.0/../../../../avr/lib/avrxmega2/memx-const/mapped\libc.a(vsnprintf.o)
                0x0000000000002e3c                vsnprintf

.text.BME680_Ctrl_hum
                0x0000000000002ec0       0x7a
 .text.BME680_Ctrl_hum
                0x0000000000002ec0       0x7a build/default/debug/BME680.o
                0x0000000000002ec0                BME680_Ctrl_hum

.text           0x0000000000002f3a       0x7a
 .text          0x0000000000002f3a       0x7a c:/program files/microchip/xc8/v3.10/avr/bin/../lib/gcc/avr/5.4.0/../../../../avr/lib/avrxmega2/memx-const/mapped\libm.a(floatsisf.o)
                0x0000000000002f3a                __floatunsisf
                0x0000000000002f3e                __floatsisf

.text.RS485_TX  0x0000000000002fb4       0x72
 .text.RS485_TX
                0x0000000000002fb4       0x72 build/default/debug/RS485.o
                0x0000000000002fb4                RS485_TX

.text.__pad     0x0000000000003026       0x72
 .text.__pad    0x0000000000003026       0x72 c:/program files/microchip/xc8/v3.10/avr/bin/../lib/gcc/avr/5.4.0/../../../../avr/lib/avrxmega2/memx-const/mapped\libc.a(__printf_core.o)
                0x0000000000003026                __pad

.text.BME680_read_temp_calib
                0x0000000000003098       0x6a
 .text.BME680_read_temp_calib
                0x0000000000003098       0x6a build/default/debug/BME680.o
                0x0000000000003098                BME680_read_temp_calib

.text.__printf_core
                0x0000000000003102       0x68
 .text.__printf_core
                0x0000000000003102       0x68 c:/program files/microchip/xc8/v3.10/avr/bin/../lib/gcc/avr/5.4.0/../../../../avr/lib/avrxmega2/memx-const/mapped\libc.a(__printf_core.o)
                0x0000000000003102                __printf_core

.text.crc_packer
                0x000000000000316a       0x60
 .text.crc_packer
                0x000000000000316a       0x60 build/default/debug/crc8.o
                0x000000000000316a                crc_packer

.text           0x00000000000031ca       0x5e
 .text          0x00000000000031ca       0x5e c:/program files/microchip/xc8/v3.10/avr/bin/../lib/gcc/avr/5.4.0/../../../../avr/lib/avrxmega2/memx-const/mapped\libm.a(fixunssfsi.o)
                0x00000000000031ca                __fixunssfsi

.text.RTC_ON    0x0000000000003228       0x5c
 .text.RTC_ON   0x0000000000003228       0x5c build/default/debug/RTC.o
                0x0000000000003228                RTC_ON

.text.read_prec_or_width
                0x0000000000003284       0x5c
 .text.read_prec_or_width
                0x0000000000003284       0x5c c:/program files/microchip/xc8/v3.10/avr/bin/../lib/gcc/avr/5.4.0/../../../../avr/lib/avrxmega2/memx-const/mapped\libc.a(__printf_64bit_arg_support.o)

.text.BME680_change_page
                0x00000000000032e0       0x56
 .text.BME680_change_page
                0x00000000000032e0       0x56 build/default/debug/BME680.o
                0x00000000000032e0                BME680_change_page

.text.BME680_read_temp
                0x0000000000003336       0x54
 .text.BME680_read_temp
                0x0000000000003336       0x54 build/default/debug/BME680.o
                0x0000000000003336                BME680_read_temp

.text.BME680_read_pres
                0x000000000000338a       0x54
 .text.BME680_read_pres
                0x000000000000338a       0x54 build/default/debug/BME680.o
                0x000000000000338a                BME680_read_pres

.text.__fmt_s   0x00000000000033de       0x54
 .text.__fmt_s  0x00000000000033de       0x54 c:/program files/microchip/xc8/v3.10/avr/bin/../lib/gcc/avr/5.4.0/../../../../avr/lib/avrxmega2/memx-const/mapped\libc.a(__fmt_s.o)
                0x00000000000033de                __fmt_s
                0x00000000000033de                __fmt_0_needed
                0x00000000000033de                __fmt_s_needed

.text.main      0x0000000000003432       0x4e
 .text.main     0x0000000000003432       0x4e build/default/debug/main.o
                0x0000000000003432                main

.text.GPIO_init
                0x0000000000003480       0x48
 .text.GPIO_init
                0x0000000000003480       0x48 build/default/debug/GPIO.o
                0x0000000000003480                GPIO_init

.text           0x00000000000034c8       0x48
 .text          0x00000000000034c8       0x48 c:/program files/microchip/xc8/v3.10/avr/bin/../lib/gcc/avr/5.4.0/../../../../avr/lib/avrxmega2/memx-const/mapped\libm.a(fp_cmp.o)
                0x00000000000034c8                __fp_cmp

.text.USART0_sendString
                0x0000000000003510       0x44
 .text.USART0_sendString
                0x0000000000003510       0x44 build/default/debug/USART.o
                0x0000000000003510                USART0_sendString

.text           0x0000000000003554       0x44
 .text          0x0000000000003554       0x44 c:/program files/microchip/xc8/v3.10/avr/bin/../lib/gcc/avr/5.4.0/../../../../avr/lib/avrxmega2/memx-const/mapped\libm.a(fp_split3.o)
                0x0000000000003554                __fp_split3
                0x0000000000003564                __fp_splitA

.text.libgcc.div
                0x0000000000003598       0x44
 .text.libgcc.div
                0x0000000000003598       0x44 c:/program files/microchip/xc8/v3.10/avr/bin/../lib/gcc/avr/5.4.0/avrxmega2/memx-const/mapped\libgcc.a(_udivmodsi4.o)
                0x0000000000003598                __udivmodsi4

.text.__fmt_state
                0x00000000000035dc       0x40
 .text.__fmt_state
                0x00000000000035dc       0x40 c:/program files/microchip/xc8/v3.10/avr/bin/../lib/gcc/avr/5.4.0/../../../../avr/lib/avrxmega2/memx-const/mapped\libc.a(__printf_core.o)
                0x00000000000035dc                __fmt_state

.text.__pop_float
                0x000000000000361c       0x40
 .text.__pop_float
                0x000000000000361c       0x40 c:/program files/microchip/xc8/v3.10/avr/bin/../lib/gcc/avr/5.4.0/../../../../avr/lib/avrxmega2/memx-const/mapped\libc.a(__pop_float.o)
                0x000000000000361c                __pop_float_needed
                0x000000000000361c                __pop_float

.text.USART0_printf
                0x000000000000365c       0x3c
 .text.USART0_printf
                0x000000000000365c       0x3c build/default/debug/USART.o
                0x000000000000365c                USART0_printf

.text.libgcc.builtins
                0x0000000000003698       0x3c
 .text.libgcc.builtins
                0x0000000000003698       0x3c c:/program files/microchip/xc8/v3.10/avr/bin/../lib/gcc/avr/5.4.0/avrxmega2/memx-const/mapped\libgcc.a(_ashrdi3.o)
                0x0000000000003698                __ashrdi3
                0x000000000000369c                __lshrdi3

.text.__out     0x00000000000036d4       0x3a
 .text.__out    0x00000000000036d4       0x3a c:/program files/microchip/xc8/v3.10/avr/bin/../lib/gcc/avr/5.4.0/../../../../avr/lib/avrxmega2/memx-const/mapped\libc.a(__printf_core.o)
                0x00000000000036d4                __out

.text.BME680_read_hum
                0x000000000000370e       0x34
 .text.BME680_read_hum
                0x000000000000370e       0x34 build/default/debug/BME680.o
                0x000000000000370e                BME680_read_hum

.text.BME680_read_t_p_rh
                0x0000000000003742       0x32
 .text.BME680_read_t_p_rh
                0x0000000000003742       0x32 build/default/debug/BME680.o
                0x0000000000003742                BME680_read_t_p_rh

.text.libgcc.prologue
                0x0000000000003774       0x32
 .text.libgcc.prologue
                0x0000000000003774       0x32 c:/program files/microchip/xc8/v3.10/avr/bin/../lib/gcc/avr/5.4.0/avrxmega2/memx-const/mapped\libgcc.a(_prologue.o)
                0x0000000000003774                __prologue_saves__

.text.crc8_cdma2000
                0x00000000000037a6       0x30
 .text.crc8_cdma2000
                0x00000000000037a6       0x30 build/default/debug/crc8.o
                0x00000000000037a6                crc8_cdma2000

.text.vfprintf  0x00000000000037d6       0x30
 .text.vfprintf
                0x00000000000037d6       0x30 c:/program files/microchip/xc8/v3.10/avr/bin/../lib/gcc/avr/5.4.0/../../../../avr/lib/avrxmega2/memx-const/mapped\libc.a(vfprintf.o)
                0x00000000000037d6                vfprintf

.text.libgcc.prologue
                0x0000000000003806       0x30
 .text.libgcc.prologue
                0x0000000000003806       0x30 c:/program files/microchip/xc8/v3.10/avr/bin/../lib/gcc/avr/5.4.0/avrxmega2/memx-const/mapped\libgcc.a(_epilogue.o)
                0x0000000000003806                __epilogue_restores__

.text.libgcc.div
                0x0000000000003836       0x2e
 .text.libgcc.div
                0x0000000000003836       0x2e c:/program files/microchip/xc8/v3.10/avr/bin/../lib/gcc/avr/5.4.0/avrxmega2/memx-const/mapped\libgcc.a(_divmodsi4.o)
                0x0000000000003836                __divmodsi4

.text.CLOCK_INHF_clock_init
                0x0000000000003864       0x2a
 .text.CLOCK_INHF_clock_init
                0x0000000000003864       0x2a build/default/debug/CLK.o
                0x0000000000003864                CLOCK_INHF_clock_init

.text.libgcc.div
                0x000000000000388e       0x28
 .text.libgcc.div
                0x000000000000388e       0x28 c:/program files/microchip/xc8/v3.10/avr/bin/../lib/gcc/avr/5.4.0/avrxmega2/memx-const/mapped\libgcc.a(_udivmodhi4.o)
                0x000000000000388e                __udivmodhi4

.text.libgcc.div
                0x00000000000038b6       0x28
 .text.libgcc.div
                0x00000000000038b6       0x28 c:/program files/microchip/xc8/v3.10/avr/bin/../lib/gcc/avr/5.4.0/avrxmega2/memx-const/mapped\libgcc.a(_divmodhi4.o)
                0x00000000000038b6                _div
                0x00000000000038b6                __divmodhi4

.text           0x00000000000038de       0x22
 .text          0x00000000000038de       0x22 c:/program files/microchip/xc8/v3.10/avr/bin/../lib/gcc/avr/5.4.0/../../../../avr/lib/avrxmega2/memx-const/mapped\libm.a(fp_round.o)
                0x00000000000038de                __fp_round

.text.libgcc.mul
                0x0000000000003900       0x20
 .text.libgcc.mul
                0x0000000000003900       0x20 c:/program files/microchip/xc8/v3.10/avr/bin/../lib/gcc/avr/5.4.0/avrxmega2/memx-const/mapped\libgcc.a(_mulsi3.o)
                0x0000000000003900                __mulsi3

.text.libgcc    0x0000000000003920       0x20
 .text.libgcc   0x0000000000003920       0x20 c:/program files/microchip/xc8/v3.10/avr/bin/../lib/gcc/avr/5.4.0/avrxmega2/memx-const/mapped\libgcc.a(_negdi2.o)
                0x0000000000003920                __negdi2

.text.libgcc.mul
                0x0000000000003940       0x1e
 .text.libgcc.mul
                0x0000000000003940       0x1e c:/program files/microchip/xc8/v3.10/avr/bin/../lib/gcc/avr/5.4.0/avrxmega2/memx-const/mapped\libgcc.a(_umulhisi3.o)
                0x0000000000003940                __umulhisi3

.text.strlen    0x000000000000395e       0x1c
 .text.strlen   0x000000000000395e       0x1c c:/program files/microchip/xc8/v3.10/avr/bin/../lib/gcc/avr/5.4.0/../../../../avr/lib/avrxmega2/memx-const/mapped\libc.a(strlen.o)
                0x000000000000395e                strlen

.text.libgcc.div
                0x000000000000397a       0x1c
 .text.libgcc.div
                0x000000000000397a       0x1c c:/program files/microchip/xc8/v3.10/avr/bin/../lib/gcc/avr/5.4.0/avrxmega2/memx-const/mapped\libgcc.a(_udivdi3.o)
                0x000000000000397a                __umoddi3
                0x000000000000397e                __udivdi3
                0x0000000000003980                __udivdi3_umoddi3

.text.SPI_exchange_data
                0x0000000000003996       0x1a
 .text.SPI_exchange_data
                0x0000000000003996       0x1a build/default/debug/SPI.o
                0x0000000000003996                SPI_exchange_data

.text.USART0_init
                0x00000000000039b0       0x1a
 .text.USART0_init
                0x00000000000039b0       0x1a build/default/debug/USART.o
                0x00000000000039b0                USART0_init

.text.ADC0_init
                0x00000000000039ca       0x1a
 .text.ADC0_init
                0x00000000000039ca       0x1a build/default/debug/ADC.o
                0x00000000000039ca                ADC0_init

.text.libgcc.mul
                0x00000000000039e4       0x16
 .text.libgcc.mul
                0x00000000000039e4       0x16 c:/program files/microchip/xc8/v3.10/avr/bin/../lib/gcc/avr/5.4.0/avrxmega2/memx-const/mapped\libgcc.a(_muluhisi3.o)
                0x00000000000039e4                __muluhisi3

.text.exit      0x00000000000039fa       0x16
 .text.exit     0x00000000000039fa       0x16 c:/program files/microchip/xc8/v3.10/avr/bin/../lib/gcc/avr/5.4.0/../../../../avr/lib/avrxmega2/memx-const/mapped\libc.a(exit.o)
                0x00000000000039fa                exit

.text.memset    0x0000000000003a10       0x12
 .text.memset   0x0000000000003a10       0x12 c:/program files/microchip/xc8/v3.10/avr/bin/../lib/gcc/avr/5.4.0/../../../../avr/lib/avrxmega2/memx-const/mapped\libc.a(memset.o)
                0x0000000000003a10                memset

.text.toupper   0x0000000000003a22       0x12
 .text.toupper  0x0000000000003a22       0x12 c:/program files/microchip/xc8/v3.10/avr/bin/../lib/gcc/avr/5.4.0/../../../../avr/lib/avrxmega2/memx-const/mapped\libc.a(toupper.o)
                0x0000000000003a22                toupper

.text.libgcc    0x0000000000003a34       0x12
 .text.libgcc   0x0000000000003a34       0x12 c:/program files/microchip/xc8/v3.10/avr/bin/../lib/gcc/avr/5.4.0/avrxmega2/memx-const/mapped\libgcc.a(_cmpdi2_with_0.o)
                0x0000000000003a34                __cmpdi2_with_0

.text.USART0_sendChar
                0x0000000000003a46       0x10
 .text.USART0_sendChar
                0x0000000000003a46       0x10 build/default/debug/USART.o
                0x0000000000003a46                USART0_sendChar

.text.libgcc.div
                0x0000000000003a56       0x10
 .text.libgcc.div
                0x0000000000003a56       0x10 c:/program files/microchip/xc8/v3.10/avr/bin/../lib/gcc/avr/5.4.0/avrxmega2/memx-const/mapped\libgcc.a(_negsi2.o)
                0x0000000000003a56                __negsi2

.text.libgcc.mul
                0x0000000000003a66       0x10
 .text.libgcc.mul
                0x0000000000003a66       0x10 c:/program files/microchip/xc8/v3.10/avr/bin/../lib/gcc/avr/5.4.0/avrxmega2/memx-const/mapped\libgcc.a(_mulshisi3.o)
                0x0000000000003a66                __mulshisi3
                0x0000000000003a6c                __mulohisi3

.text.strcpy    0x0000000000003a76       0x10
 .text.strcpy   0x0000000000003a76       0x10 c:/program files/microchip/xc8/v3.10/avr/bin/../lib/gcc/avr/5.4.0/../../../../avr/lib/avrxmega2/memx-const/mapped\libc.a(strcpy.o)
                0x0000000000003a76                strcpy

.text.tolower   0x0000000000003a86       0x10
 .text.tolower  0x0000000000003a86       0x10 c:/program files/microchip/xc8/v3.10/avr/bin/../lib/gcc/avr/5.4.0/../../../../avr/lib/avrxmega2/memx-const/mapped\libc.a(tolower.o)
                0x0000000000003a86                tolower

.text.SPI_init  0x0000000000003a96        0xe
 .text.SPI_init
                0x0000000000003a96        0xe build/default/debug/SPI.o
                0x0000000000003a96                SPI_init

.text           0x0000000000003aa4        0xe
 .text          0x0000000000003aa4        0xe c:/program files/microchip/xc8/v3.10/avr/bin/../lib/gcc/avr/5.4.0/../../../../avr/lib/avrxmega2/memx-const/mapped\libm.a(addsf3.o)
                0x0000000000003aa4                __subsf3
                0x0000000000003aa6                __addsf3

.text           0x0000000000003ab2        0xe
 .text          0x0000000000003ab2        0xe c:/program files/microchip/xc8/v3.10/avr/bin/../lib/gcc/avr/5.4.0/../../../../avr/lib/avrxmega2/memx-const/mapped\libm.a(fp_pscA.o)
                0x0000000000003ab2                __fp_pscA

.text           0x0000000000003ac0        0xe
 .text          0x0000000000003ac0        0xe c:/program files/microchip/xc8/v3.10/avr/bin/../lib/gcc/avr/5.4.0/../../../../avr/lib/avrxmega2/memx-const/mapped\libm.a(fp_pscB.o)
                0x0000000000003ac0                __fp_pscB

.text           0x0000000000003ace        0xe
 .text          0x0000000000003ace        0xe c:/program files/microchip/xc8/v3.10/avr/bin/../lib/gcc/avr/5.4.0/../../../../avr/lib/avrxmega2/memx-const/mapped\libm.a(fp_zero.o)
                0x0000000000003ace                __fp_zero
                0x0000000000003ad0                __fp_szero

.text.libgcc.builtins
                0x0000000000003adc        0xe
 .text.libgcc.builtins
                0x0000000000003adc        0xe c:/program files/microchip/xc8/v3.10/avr/bin/../lib/gcc/avr/5.4.0/avrxmega2/memx-const/mapped\libgcc.a(_bswapsi2.o)
                0x0000000000003adc                __bswapsi2

.text           0x0000000000003aea        0xe
 .text          0x0000000000003aea        0xe c:/program files/microchip/xc8/v3.10/avr/bin/../lib/gcc/avr/5.4.0/../../../../avr/lib/avrxmega2/memx-const/mapped\libm.a(fixsfsi.o)
                0x0000000000003aea                __fixsfsi

.text           0x0000000000003af8        0xc
 .text          0x0000000000003af8        0xc c:/program files/microchip/xc8/v3.10/avr/bin/../lib/gcc/avr/5.4.0/../../../../avr/lib/avrxmega2/memx-const/mapped\libm.a(fp_inf.o)
                0x0000000000003af8                __fp_inf

.text.avrlibc   0x0000000000003b04        0xc
 .text.avrlibc  0x0000000000003b04        0xc C:/Program Files/Microchip/MPLABX/v6.35/packs/Microchip/AVR-Dx_DFP/2.8.343/xc8/avr/lib/avrxmega2/memx-const/mapped\libavr64dd32.a(ccp_write.o)
                0x0000000000003b04                ccp_write_io

.text           0x0000000000003b10        0xa
 .text          0x0000000000003b10        0xa c:/program files/microchip/xc8/v3.10/avr/bin/../lib/gcc/avr/5.4.0/../../../../avr/lib/avrxmega2/memx-const/mapped\libm.a(cmpsf2.o)
                0x0000000000003b10                __nesf2
                0x0000000000003b10                __eqsf2
                0x0000000000003b10                __cmpsf2
                0x0000000000003b10                __ltsf2
                0x0000000000003b10                __lesf2

.text           0x0000000000003b1a        0xa
 .text          0x0000000000003b1a        0xa c:/program files/microchip/xc8/v3.10/avr/bin/../lib/gcc/avr/5.4.0/../../../../avr/lib/avrxmega2/memx-const/mapped\libm.a(gesf2.o)
                0x0000000000003b1a                __gesf2
                0x0000000000003b1a                __gtsf2

.text           0x0000000000003b24        0x8
 .text          0x0000000000003b24        0x8 c:/program files/microchip/xc8/v3.10/avr/bin/../lib/gcc/avr/5.4.0/../../../../avr/lib/avrxmega2/memx-const/mapped\libm.a(divsf3.o)
                0x0000000000003b24                __divsf3

.text           0x0000000000003b2c        0x8
 .text          0x0000000000003b2c        0x8 c:/program files/microchip/xc8/v3.10/avr/bin/../lib/gcc/avr/5.4.0/../../../../avr/lib/avrxmega2/memx-const/mapped\libm.a(mulsf3.o)
                0x0000000000003b2c                __mulsf3

.text           0x0000000000003b34        0x6
 .text          0x0000000000003b34        0x6 c:/program files/microchip/xc8/v3.10/avr/bin/../lib/gcc/avr/5.4.0/../../../../avr/lib/avrxmega2/memx-const/mapped\libm.a(fp_nan.o)
                0x0000000000003b34                __fp_nan

.text           0x0000000000003b3a        0x4
 .text          0x0000000000003b3a        0x4 C:/Program Files/Microchip/MPLABX/v6.35/packs/Microchip/AVR-Dx_DFP/2.8.343/xc8/avr/lib/avrxmega2/memx-const/mapped/crtavr64dd32.o
                0x0000000000003b3a                __vector_22
                0x0000000000003b3a                __vector_28
                0x0000000000003b3a                __vector_1
                0x0000000000003b3a                __vector_32
                0x0000000000003b3a                __vector_34
                0x0000000000003b3a                __vector_24
                0x0000000000003b3a                __vector_12
                0x0000000000003b3a                __bad_interrupt
                0x0000000000003b3a                __vector_6
                0x0000000000003b3a                __vector_31
                0x0000000000003b3a                __vector_35
                0x0000000000003b3a                __vector_3
                0x0000000000003b3a                __vector_23
                0x0000000000003b3a                __vector_30
                0x0000000000003b3a                __vector_25
                0x0000000000003b3a                __vector_11
                0x0000000000003b3a                __vector_13
                0x0000000000003b3a                __vector_17
                0x0000000000003b3a                __vector_19
                0x0000000000003b3a                __vector_7
                0x0000000000003b3a                __vector_27
                0x0000000000003b3a                __vector_5
                0x0000000000003b3a                __vector_33
                0x0000000000003b3a                __vector_4
                0x0000000000003b3a                __vector_9
                0x0000000000003b3a                __vector_2
                0x0000000000003b3a                __vector_21
                0x0000000000003b3a                __vector_15
                0x0000000000003b3a                __vector_29
                0x0000000000003b3a                __vector_8
                0x0000000000003b3a                __vector_26
                0x0000000000003b3a                __vector_14
                0x0000000000003b3a                __vector_10
                0x0000000000003b3a                __vector_16
                0x0000000000003b3a                __vector_18
                0x0000000000003b3a                __vector_20

.text._Exit     0x0000000000003b3e        0x4
 .text._Exit    0x0000000000003b3e        0x4 c:/program files/microchip/xc8/v3.10/avr/bin/../lib/gcc/avr/5.4.0/../../../../avr/lib/avrxmega2/memx-const/mapped\libc.a(_Exit.o)
                0x0000000000003b3e                _Exit

.text.__dummy_fini
                0x0000000000003b42        0x2
 .text.__dummy_fini
                0x0000000000003b42        0x2 c:/program files/microchip/xc8/v3.10/avr/bin/../lib/gcc/avr/5.4.0/../../../../avr/lib/avrxmega2/memx-const/mapped\libc.a(exit.o)
                0x0000000000003b42                _fini

.text.__dummy_funcs_on_exit
                0x0000000000003b44        0x2
 .text.__dummy_funcs_on_exit
                0x0000000000003b44        0x2 c:/program files/microchip/xc8/v3.10/avr/bin/../lib/gcc/avr/5.4.0/../../../../avr/lib/avrxmega2/memx-const/mapped\libc.a(exit.o)
                0x0000000000003b44                __funcs_on_exit

.text.__dummy_simulator_exit
                0x0000000000003b46        0x2
 .text.__dummy_simulator_exit
                0x0000000000003b46        0x2 c:/program files/microchip/xc8/v3.10/avr/bin/../lib/gcc/avr/5.4.0/../../../../avr/lib/avrxmega2/memx-const/mapped\libc.a(exit.o)
                0x0000000000003b46                __simulator_exit

.data.AnalogSensors
                0x0000000000806045       0x18 load address 0x0000000000003b48
 .data.AnalogSensors
                0x0000000000806045       0x18 build/default/debug/ADC.o
                0x0000000000806045                AnalogSensors

.rodata.state_table
                0x000000000080605d       0x16 load address 0x0000000000003b60
 .rodata.state_table
                0x000000000080605d       0x16 c:/program files/microchip/xc8/v3.10/avr/bin/../lib/gcc/avr/5.4.0/../../../../avr/lib/avrxmega2/memx-const/mapped\libc.a(__printf_core.o)

.rodata         0x0000000000806073       0x10 load address 0x0000000000003b76
 .rodata        0x0000000000806073       0x10 c:/program files/microchip/xc8/v3.10/avr/bin/../lib/gcc/avr/5.4.0/../../../../avr/lib/avrxmega2/memx-const/mapped\libc.a(__fmt_a.o)

.rodata         0x0000000000806083       0x10 load address 0x0000000000003b86
 .rodata        0x0000000000806083       0x10 c:/program files/microchip/xc8/v3.10/avr/bin/../lib/gcc/avr/5.4.0/../../../../avr/lib/avrxmega2/memx-const/mapped\libc.a(__fmt_fp.o)

.data.ADC0_sensors
                0x0000000000806093        0x8 load address 0x0000000000003b96
 .data.ADC0_sensors
                0x0000000000806093        0x8 build/default/debug/ADC.o
                0x0000000000806093                ADC0_sensors

.rodata.nuls.2781
                0x000000000080609b        0x7 load address 0x0000000000003b9e
 .rodata.nuls.2781
                0x000000000080609b        0x7 c:/program files/microchip/xc8/v3.10/avr/bin/../lib/gcc/avr/5.4.0/../../../../avr/lib/avrxmega2/memx-const/mapped\libc.a(__fmt_s.o)

.rodata.nilstr.3022
                0x00000000008060a2        0x6 load address 0x0000000000003ba5
 .rodata.nilstr.3022
                0x00000000008060a2        0x6 c:/program files/microchip/xc8/v3.10/avr/bin/../lib/gcc/avr/5.4.0/../../../../avr/lib/avrxmega2/memx-const/mapped\libc.a(__printf_64bit_arg_support.o)
