Archive member included to satisfy reference by file (symbol)

c:/program files/microchip/xc8/v3.10/avr/bin/../lib/gcc/avr/5.4.0/avrxmega2/memx-const/mapped\libgcc.a(_mulsi3.o)
                              build/default/production/BME680.o (__mulsi3)
c:/program files/microchip/xc8/v3.10/avr/bin/../lib/gcc/avr/5.4.0/avrxmega2/memx-const/mapped\libgcc.a(_udivmodsi4.o)
                              build/default/production/BME680.o (__udivmodsi4)
c:/program files/microchip/xc8/v3.10/avr/bin/../lib/gcc/avr/5.4.0/avrxmega2/memx-const/mapped\libgcc.a(_divmodsi4.o)
                              build/default/production/BME680.o (__divmodsi4)
c:/program files/microchip/xc8/v3.10/avr/bin/../lib/gcc/avr/5.4.0/avrxmega2/memx-const/mapped\libgcc.a(_negsi2.o)
                              c:/program files/microchip/xc8/v3.10/avr/bin/../lib/gcc/avr/5.4.0/avrxmega2/memx-const/mapped\libgcc.a(_divmodsi4.o) (__negsi2)
c:/program files/microchip/xc8/v3.10/avr/bin/../lib/gcc/avr/5.4.0/avrxmega2/memx-const/mapped\libgcc.a(_copy_data.o)
                              build/default/production/main.o (__do_copy_data)
c:/program files/microchip/xc8/v3.10/avr/bin/../lib/gcc/avr/5.4.0/avrxmega2/memx-const/mapped\libgcc.a(_bswapsi2.o)
                              build/default/production/BME680.o (__bswapsi2)
c:/program files/microchip/xc8/v3.10/avr/bin/../lib/gcc/avr/5.4.0/avrxmega2/memx-const/mapped\libgcc.a(_muluhisi3.o)
                              build/default/production/BME680.o (__muluhisi3)
c:/program files/microchip/xc8/v3.10/avr/bin/../lib/gcc/avr/5.4.0/avrxmega2/memx-const/mapped\libgcc.a(_mulshisi3.o)
                              build/default/production/BME680.o (__mulshisi3)
c:/program files/microchip/xc8/v3.10/avr/bin/../lib/gcc/avr/5.4.0/avrxmega2/memx-const/mapped\libgcc.a(_umulhisi3.o)
                              c:/program files/microchip/xc8/v3.10/avr/bin/../lib/gcc/avr/5.4.0/avrxmega2/memx-const/mapped\libgcc.a(_muluhisi3.o) (__umulhisi3)
c:/program files/microchip/xc8/v3.10/avr/bin/../lib/gcc/avr/5.4.0/../../../../avr/lib/avrxmega2/memx-const/mapped\libc.a(exit.o)
                              C:/Program Files/Microchip/MPLABX/v6.35/packs/Microchip/AVR-Dx_DFP/2.8.343/xc8/avr/lib/avrxmega2/memx-const/mapped/crtavr64dd32.o (exit)
c:/program files/microchip/xc8/v3.10/avr/bin/../lib/gcc/avr/5.4.0/../../../../avr/lib/avrxmega2/memx-const/mapped\libc.a(vsnprintf.o)
                              build/default/production/USART.o (vsnprintf)
c:/program files/microchip/xc8/v3.10/avr/bin/../lib/gcc/avr/5.4.0/../../../../avr/lib/avrxmega2/memx-const/mapped\libc.a(vfprintf.o)
                              c:/program files/microchip/xc8/v3.10/avr/bin/../lib/gcc/avr/5.4.0/../../../../avr/lib/avrxmega2/memx-const/mapped\libc.a(vsnprintf.o) (vfprintf)
c:/program files/microchip/xc8/v3.10/avr/bin/../lib/gcc/avr/5.4.0/../../../../avr/lib/avrxmega2/memx-const/mapped\libc.a(errno.o)
                              c:/program files/microchip/xc8/v3.10/avr/bin/../lib/gcc/avr/5.4.0/../../../../avr/lib/avrxmega2/memx-const/mapped\libc.a(vsnprintf.o) (__errno_val)
c:/program files/microchip/xc8/v3.10/avr/bin/../lib/gcc/avr/5.4.0/../../../../avr/lib/avrxmega2/memx-const/mapped\libc.a(_Exit.o)
                              c:/program files/microchip/xc8/v3.10/avr/bin/../lib/gcc/avr/5.4.0/../../../../avr/lib/avrxmega2/memx-const/mapped\libc.a(exit.o) (_Exit)
c:/program files/microchip/xc8/v3.10/avr/bin/../lib/gcc/avr/5.4.0/../../../../avr/lib/avrxmega2/memx-const/mapped\libc.a(__io_fmt_needed.o)
                              c:/program files/microchip/xc8/v3.10/avr/bin/../lib/gcc/avr/5.4.0/../../../../avr/lib/avrxmega2/memx-const/mapped\libc.a(vfprintf.o) (__io_fmt_needed)
c:/program files/microchip/xc8/v3.10/avr/bin/../lib/gcc/avr/5.4.0/../../../../avr/lib/avrxmega2/memx-const/mapped\libc.a(__pop_int.o)
                              c:/program files/microchip/xc8/v3.10/avr/bin/../lib/gcc/avr/5.4.0/../../../../avr/lib/avrxmega2/memx-const/mapped\libc.a(__io_fmt_needed.o) (__pop_int_needed)
c:/program files/microchip/xc8/v3.10/avr/bin/../lib/gcc/avr/5.4.0/../../../../avr/lib/avrxmega2/memx-const/mapped\libc.a(__pop_ptr.o)
                              c:/program files/microchip/xc8/v3.10/avr/bin/../lib/gcc/avr/5.4.0/../../../../avr/lib/avrxmega2/memx-const/mapped\libc.a(__io_fmt_needed.o) (__pop_ptr_needed)
c:/program files/microchip/xc8/v3.10/avr/bin/../lib/gcc/avr/5.4.0/../../../../avr/lib/avrxmega2/memx-const/mapped\libc.a(__printf_core.o)
                              c:/program files/microchip/xc8/v3.10/avr/bin/../lib/gcc/avr/5.4.0/../../../../avr/lib/avrxmega2/memx-const/mapped\libc.a(vfprintf.o) (__printf_core)
c:/program files/microchip/xc8/v3.10/avr/bin/../lib/gcc/avr/5.4.0/../../../../avr/lib/avrxmega2/memx-const/mapped\libc.a(fputc.o)
                              c:/program files/microchip/xc8/v3.10/avr/bin/../lib/gcc/avr/5.4.0/../../../../avr/lib/avrxmega2/memx-const/mapped\libc.a(__printf_core.o) (fputc)
[...]
Memory Configuration

Name             Origin             Length             Attributes
text             0x0000000000000000 0x0000000000010000 xr
data             0x0000000000806000 0x0000000000002000 rw !x
eeprom           0x0000000000810000 0x0000000000000100 rw !x
fuse             0x0000000000820000 0x0000000000000010 rw !x
lock             0x0000000000830000 0x0000000000000400 rw !x
signature        0x0000000000840000 0x0000000000000400 rw !x
user_signatures  0x0000000000850000 0x0000000000000400 rw !x
bootrow          0x0000000000860000 0x0000000000000400 rw !x
*default*        0x0000000000000000 0xffffffffffffffff

Linker script and memory map

Address of section .data set to 0x806000
                0x0000000000008000                __RODATA_PM_OFFSET__ = 0x8000
LOAD C:/Program Files/Microchip/MPLABX/v6.35/packs/Microchip/AVR-Dx_DFP/2.8.343/xc8/avr/lib/avrxmega2/memx-const/mapped/crtavr64dd32.o
                0x0000000000000001                __MPLAB_BUILD = 0x1
LOAD build/default/production/BME680.o
LOAD build/default/production/main.o
LOAD build/default/production/SPI.o
LOAD build/default/production/USART.o
LOAD build/default/production/CLK.o
LOAD build/default/production/GPIO.o
START GROUP
LOAD c:/program files/microchip/xc8/v3.10/avr/bin/../lib/gcc/avr/5.4.0/../../../../avr/lib/avrxmega2/memx-const/mapped\libm.a
END GROUP
START GROUP
LOAD c:/program files/microchip/xc8/v3.10/avr/bin/../lib/gcc/avr/5.4.0/avrxmega2/memx-const/mapped\libgcc.a
LOAD c:/program files/microchip/xc8/v3.10/avr/bin/../lib/gcc/avr/5.4.0/../../../../avr/lib/avrxmega2/memx-const/mapped\libm.a
LOAD c:/program files/microchip/xc8/v3.10/avr/bin/../lib/gcc/avr/5.4.0/../../../../avr/lib/avrxmega2/memx-const/mapped\libc.a
LOAD C:/Program Files/Microchip/MPLABX/v6.35/packs/Microchip/AVR-Dx_DFP/2.8.343/xc8/avr/lib/avrxmega2/memx-const/mapped\libavr64dd32.a
END GROUP
                [0x0000000000000000]                __TEXT_REGION_ORIGIN__ = DEFINED (__TEXT_REGION_ORIGIN__)?__TEXT_REGION_ORIGIN__:0x0
                [0x0000000000806000]                __DATA_REGION_ORIGIN__ = DEFINED (__DATA_REGION_ORIGIN__)?__DATA_REGION_ORIGIN__:0x802000
                [0x0000000000010000]                __TEXT_REGION_LENGTH__ = DEFINED (__TEXT_REGION_LENGTH__)?__TEXT_REGION_LENGTH__:0x100000
                [0x0000000000002000]                __DATA_REGION_LENGTH__ = DEFINED (__DATA_REGION_LENGTH__)?__DATA_REGION_LENGTH__:0xffa0
                [0x0000000000000100]                __EEPROM_REGION_LENGTH__ = DEFINED (__EEPROM_REGION_LENGTH__)?__EEPROM_REGION_LENGTH__:0x10000
                [0x0000000000000010]                __FUSE_REGION_LENGTH__ = DEFINED (__FUSE_REGION_LENGTH__)?__FUSE_REGION_LENGTH__:0x400
                0x0000000000000400                __LOCK_REGION_LENGTH__ = DEFINED (__LOCK_REGION_LENGTH__)?__LOCK_REGION_LENGTH__:0x400
                0x0000000000000400                __SIGNATURE_REGION_LENGTH__ = DEFINED (__SIGNATURE_REGION_LENGTH__)?__SIGNATURE_REGION_LENGTH__:0x400
                0x0000000000000400                __USER_SIGNATURE_REGION_LENGTH__ = DEFINED (__USER_SIGNATURE_REGION_LENGTH__)?__USER_SIGNATURE_REGION_LENGTH__:0x400
                0x0000000000000400                __BOOTROW_REGION_LENGTH__ = DEFINED (__BOOTROW_REGION_LENGTH__)?__BOOTROW_REGION_LENGTH__:0x400

.hash
 *(.hash)

.dynsym
 *(.dynsym)

.dynstr
 *(.dynstr)

.gnu.version
 *(.gnu.version)

.gnu.version_d
 *(.gnu.version_d)

.gnu.version_r
 *(.gnu.version_r)

.rel.init
 *(.rel.init)

.rela.init
 *(.rela.init)

.rel.text
 *(.rel.text)
 *(.rel.text.*)
 *(.rel.gnu.linkonce.t*)

.rela.text
 *(.rela.text)
 *(.rela.text.*)
 *(.rela.gnu.linkonce.t*)

.rel.fini
 *(.rel.fini)

.rela.fini
 *(.rela.fini)

.rel.rodata
 *(.rel.rodata)
 *(.rel.rodata.*)
 *(.rel.gnu.linkonce.r*)

.rela.rodata
 *(.rela.rodata)
 *(.rela.rodata.*)
 *(.rela.gnu.linkonce.r*)

.rel.data
 *(.rel.data)
 *(.rel.data.*)
 *(.rel.gnu.linkonce.d*)

.rela.data
 *(.rela.data)
 *(.rela.data.*)
 *(.rela.gnu.linkonce.d*)

.rel.ctors
 *(.rel.ctors)

.rela.ctors
 *(.rela.ctors)

.rel.dtors
 *(.rel.dtors)

.rela.dtors
 *(.rela.dtors)

.rel.got
 *(.rel.got)

.rela.got
 *(.rela.got)

.rel.bss
 *(.rel.bss)

.rela.bss
 *(.rela.bss)

.rel.plt
 *(.rel.plt)

.rela.plt
 *(.rela.plt)

.text           0x0000000000000000      0x102
 *(.vectors)
 .vectors       0x0000000000000000       0x90 C:/Program Files/Microchip/MPLABX/v6.35/packs/Microchip/AVR-Dx_DFP/2.8.343/xc8/avr/lib/avrxmega2/memx-const/mapped/crtavr64dd32.o
                0x0000000000000000                __vector_default
                0x0000000000000000                __vectors
 *(.vectors)
 *(.progmem.gcc*)
 *(.dinit)
 .dinit         0x0000000000000090        0xc data_init
                0x000000000000009c                . = ALIGN (0x2)
 *fill*         0x000000000000009c        0x0 
                0x000000000000009c                __trampolines_start = .
 *(.trampolines)
 .trampolines   0x000000000000009c        0x0 linker stubs
 *(.trampolines*)
                0x000000000000009c                __trampolines_end = .
 *libprintf_flt.a:*(.progmem.data)
 *libc.a:*(.progmem.data)
                0x000000000000009c                . = ALIGN (0x2)
 *(.jumptables)
 *(.jumptables*)
 *(.lowtext)
 *(.lowtext*)
                0x000000000000009c                __ctors_start = .
 *(.ctors)
                0x000000000000009c                __ctors_end = .
                0x000000000000009c                __dtors_start = .
 *(.dtors)
                0x000000000000009c                __dtors_end = .
 SORT(*)(.ctors)
 SORT(*)(.dtors)
 *(.init0)
 .init0         0x000000000000009c        0x0 C:/Program Files/Microchip/MPLABX/v6.35/packs/Microchip/AVR-Dx_DFP/2.8.343/xc8/avr/lib/avrxmega2/memx-const/mapped/crtavr64dd32.o
                0x000000000000009c                __init
 *(.init0)
 *(.init1)
 .init1         0x000000000000009c       0x12 C:/Program Files/Microchip/MPLABX/v6.35/packs/Microchip/AVR-Dx_DFP/2.8.343/xc8/avr/lib/avrxmega2/memx-const/mapped/crtavr64dd32.o
 *(.init1)
 *(.init2)
 .init2         0x00000000000000ae        0xc C:/Program Files/Microchip/MPLABX/v6.35/packs/Microchip/AVR-Dx_DFP/2.8.343/xc8/avr/lib/avrxmega2/memx-const/mapped/crtavr64dd32.o
 *(.init2)
 *(.init3)
 *(.init3)
 *(.init4)
 .init4         0x00000000000000ba       0x3c c:/program files/microchip/xc8/v3.10/avr/bin/../lib/gcc/avr/5.4.0/avrxmega2/memx-const/mapped\libgcc.a(_copy_data.o)
                0x00000000000000ba                __do_copy_data
                0x00000000000000e8                __do_clear_bss
 *(.init4)
 *(.init5)
 *(.init5)
 *(.init6)
 *(.init6)
 *(.init7)
 *(.init7)
 *(.init8)
 *(.init8)
 *(.init9)
 .init9         0x00000000000000f6        0x8 C:/Program Files/Microchip/MPLABX/v6.35/packs/Microchip/AVR-Dx_DFP/2.8.343/xc8/avr/lib/avrxmega2/memx-const/mapped/crtavr64dd32.o
 *(.init9)
                0x00000000000000fe                . = ALIGN (0x2)
 *(.fini9)
 .fini9         0x00000000000000fe        0x0 c:/program files/microchip/xc8/v3.10/avr/bin/../lib/gcc/avr/5.4.0/avrxmega2/memx-const/mapped\libgcc.a(_exit.o)
                0x00000000000000fe                _exit
 *(.fini9)
 *(.fini8)
 *(.fini8)
 *(.fini7)
 *(.fini7)
 *(.fini6)
 *(.fini6)
 *(.fini5)
 *(.fini5)
 *(.fini4)
 *(.fini4)
 *(.fini3)
 *(.fini3)
 *(.fini2)
 *(.fini2)
 *(.fini1)
 *(.fini1)
 *(.fini0)
 .fini0         0x00000000000000fe        0x4 c:/program files/microchip/xc8/v3.10/avr/bin/../lib/gcc/avr/5.4.0/avrxmega2/memx-const/mapped\libgcc.a(_exit.o)
 *(.fini0)
                0x0000000000000102                _etext = .

.data           0x0000000000806000        0x0 load address 0x0000000000000102
                [!provide]                        PROVIDE (__data_start, .)
 *(.gnu.linkonce.d*)
 *(.gnu.linkonce.r*)
                0x0000000000806000                . = ALIGN (0x2)
                0x0000000000806000                _edata = .
                [!provide]                        PROVIDE (__data_end, .)

.bss            0x0000000000806000        0x2
                [!provide]                        PROVIDE (__bss_start, .)
 *(COMMON)
 COMMON         0x0000000000806000        0x2 c:/program files/microchip/xc8/v3.10/avr/bin/../lib/gcc/avr/5.4.0/../../../../avr/lib/avrxmega2/memx-const/mapped\libc.a(errno.o)
                0x0000000000806000                __errno_val
                [!provide]                        PROVIDE (__bss_end, .)
                0x0000000000000102                __data_load_start = LOADADDR (.data)
                0x0000000000000102                __data_load_end = (__data_load_start + SIZEOF (.data))

.noinit         0x0000000000806002        0x0
                [!provide]                        PROVIDE (__noinit_start, .)
 *(.noinit*)
                [!provide]                        PROVIDE (__noinit_end, .)
                0x0000000000806002                _end = .

.eeprom         0x0000000000810000        0x0
 *(.eeprom*)
                0x0000000000810000                __eeprom_end = .

.fuse           0x0000000000820000        0x9
 *(.fuse)
 .fuse          0x0000000000820000        0x9 build/default/production/main.o
                0x0000000000820000                __fuse
 *(.lfuse)
 *(.hfuse)
 *(.efuse)

.lock           0x0000000000830000        0x4
 *(.lock*)
 .lock          0x0000000000830000        0x4 build/default/production/main.o
                0x0000000000830000                __lock

.signature
 *(.signature*)

.user_signatures
 *(.user_signatures*)

.bootrow
 *(.bootrow*)

.stab
 *(.stab)

.stabstr
 *(.stabstr)

.stab.excl
 *(.stab.excl)

.stab.exclstr
 *(.stab.exclstr)

.stab.index
 *(.stab.index)

.stab.indexstr
 *(.stab.indexstr)

.comment        0x0000000000000000       0x5b
 *(.comment)
 .comment       0x0000000000000000       0x2f build/default/production/BME680.o
                                         0x30 (size before relaxing)
 .comment       0x000000000000002f       0x30 build/default/production/main.o
 .comment       0x000000000000002f       0x30 build/default/production/SPI.o
 .comment       0x000000000000002f       0x30 build/default/production/USART.o
 .comment       0x000000000000002f       0x30 build/default/production/CLK.o
 .comment       0x000000000000002f       0x30 build/default/production/GPIO.o
 .comment       0x000000000000002f       0x2c c:/program files/microchip/xc8/v3.10/avr/bin/../lib/gcc/avr/5.4.0/../../../../avr/lib/avrxmega2/memx-const/mapped\libc.a(exit.o)
                                         0x2d (size before relaxing)
 .comment       0x000000000000005b       0x2d c:/program files/microchip/xc8/v3.10/avr/bin/../lib/gcc/avr/5.4.0/../../../../avr/lib/avrxmega2/memx-const/mapped\libc.a(vsnprintf.o)
 .comment       0x000000000000005b       0x2d c:/program files/microchip/xc8/v3.10/avr/bin/../lib/gcc/avr/5.4.0/../../../../avr/lib/avrxmega2/memx-const/mapped\libc.a(vfprintf.o)
 .comment       0x000000000000005b       0x2d c:/program files/microchip/xc8/v3.10/avr/bin/../lib/gcc/avr/5.4.0/../../../../avr/lib/avrxmega2/memx-const/mapped\libc.a(errno.o)
 .comment       0x000000000000005b       0x2d c:/program files/microchip/xc8/v3.10/avr/bin/../lib/gcc/avr/5.4.0/../../../../avr/lib/avrxmega2/memx-const/mapped\libc.a(_Exit.o)
 .comment       0x000000000000005b       0x2d c:/program files/microchip/xc8/v3.10/avr/bin/../lib/gcc/avr/5.4.0/../../../../avr/lib/avrxmega2/memx-const/mapped\libc.a(__printf_core.o)
 .comment       0x000000000000005b       0x2d c:/program files/microchip/xc8/v3.10/avr/bin/../lib/gcc/avr/5.4.0/../../../../avr/lib/avrxmega2/memx-const/mapped\libc.a(fputc.o)
 .comment       0x000000000000005b       0x2d c:/program files/microchip/xc8/v3.10/avr/bin/../lib/gcc/avr/5.4.0/../../../../avr/lib/avrxmega2/memx-const/mapped\libc.a(__fmt_a.o)
 .comment       0x000000000000005b       0x2d c:/program files/microchip/xc8/v3.10/avr/bin/../lib/gcc/avr/5.4.0/../../../../avr/lib/avrxmega2/memx-const/mapped\libc.a(__pop_float.o)
 .comment       0x000000000000005b       0x2d c:/program files/microchip/xc8/v3.10/avr/bin/../lib/gcc/avr/5.4.0/../../../../avr/lib/avrxmega2/memx-const/mapped\libc.a(memset.o)
 .comment       0x000000000000005b       0x2d c:/program files/microchip/xc8/v3.10/avr/bin/../lib/gcc/avr/5.4.0/../../../../avr/lib/avrxmega2/memx-const/mapped\libc.a(strcpy.o)
 .comment       0x000000000000005b       0x2d c:/program files/microchip/xc8/v3.10/avr/bin/../lib/gcc/avr/5.4.0/../../../../avr/lib/avrxmega2/memx-const/mapped\libc.a(strlen.o)
 .comment       0x000000000000005b       0x2d c:/program files/microchip/xc8/v3.10/avr/bin/../lib/gcc/avr/5.4.0/../../../../avr/lib/avrxmega2/memx-const/mapped\libc.a(__printf_64bit_arg_support.o)
 .comment       0x000000000000005b       0x2d c:/program files/microchip/xc8/v3.10/avr/bin/../lib/gcc/avr/5.4.0/../../../../avr/lib/avrxmega2/memx-const/mapped\libc.a(tolower.o)
 .comment       0x000000000000005b       0x2d c:/program files/microchip/xc8/v3.10/avr/bin/../lib/gcc/avr/5.4.0/../../../../avr/lib/avrxmega2/memx-const/mapped\libc.a(toupper.o)
 .comment       0x000000000000005b       0x2d c:/program files/microchip/xc8/v3.10/avr/bin/../lib/gcc/avr/5.4.0/../../../../avr/lib/avrxmega2/memx-const/mapped\libc.a(__fmt_fp.o)
 .comment       0x000000000000005b       0x2d c:/program files/microchip/xc8/v3.10/avr/bin/../lib/gcc/avr/5.4.0/../../../../avr/lib/avrxmega2/memx-const/mapped\libc.a(__fmt_s.o)
 .comment       0x000000000000005b       0x2d c:/program files/microchip/xc8/v3.10/avr/bin/../lib/gcc/avr/5.4.0/../../../../avr/lib/avrxmega2/memx-const/mapped\libm.a(floorf.o)

.stack.descriptors.hdr
                0x0000000000000000      0x2e6
 .stack.descriptors.hdr
                0x0000000000000000        0xe c:/program files/microchip/xc8/v3.10/avr/bin/../lib/gcc/avr/5.4.0/avrxmega2/memx-const/mapped\libgcc.a(_mulsi3.o)
 .stack.descriptors.hdr
                0x000000000000000e        0xe c:/program files/microchip/xc8/v3.10/avr/bin/../lib/gcc/avr/5.4.0/avrxmega2/memx-const/mapped\libgcc.a(_udivmodsi4.o)
 .stack.descriptors.hdr
                0x000000000000001c        0xe c:/program files/microchip/xc8/v3.10/avr/bin/../lib/gcc/avr/5.4.0/avrxmega2/memx-const/mapped\libgcc.a(_divmodsi4.o)
 .stack.descriptors.hdr
                0x000000000000002a        0xe c:/program files/microchip/xc8/v3.10/avr/bin/../lib/gcc/avr/5.4.0/avrxmega2/memx-const/mapped\libgcc.a(_negsi2.o)
 .stack.descriptors.hdr
                0x0000000000000038        0xe c:/program files/microchip/xc8/v3.10/avr/bin/../lib/gcc/avr/5.4.0/avrxmega2/memx-const/mapped\libgcc.a(_bswapsi2.o)
 .stack.descriptors.hdr
                0x0000000000000046        0xe c:/program files/microchip/xc8/v3.10/avr/bin/../lib/gcc/avr/5.4.0/avrxmega2/memx-const/mapped\libgcc.a(_muluhisi3.o)
 .stack.descriptors.hdr
                0x0000000000000054        0xe c:/program files/microchip/xc8/v3.10/avr/bin/../lib/gcc/avr/5.4.0/avrxmega2/memx-const/mapped\libgcc.a(_mulshisi3.o)
 .stack.descriptors.hdr
                0x0000000000000062        0xe c:/program files/microchip/xc8/v3.10/avr/bin/../lib/gcc/avr/5.4.0/avrxmega2/memx-const/mapped\libgcc.a(_umulhisi3.o)
 .stack.descriptors.hdr
                0x0000000000000070        0xe c:/program files/microchip/xc8/v3.10/avr/bin/../lib/gcc/avr/5.4.0/../../../../avr/lib/avrxmega2/memx-const/mapped\libc.a(exit.o)
 .stack.descriptors.hdr
                0x000000000000007e        0xe c:/program files/microchip/xc8/v3.10/avr/bin/../lib/gcc/avr/5.4.0/../../../../avr/lib/avrxmega2/memx-const/mapped\libc.a(vsnprintf.o)
 .stack.descriptors.hdr
                0x000000000000008c        0xe c:/program files/microchip/xc8/v3.10/avr/bin/../lib/gcc/avr/5.4.0/../../../../avr/lib/avrxmega2/memx-const/mapped\libc.a(vfprintf.o)
 .stack.descriptors.hdr
                0x000000000000009a        0xe c:/program files/microchip/xc8/v3.10/avr/bin/../lib/gcc/avr/5.4.0/../../../../avr/lib/avrxmega2/memx-const/mapped\libc.a(errno.o)
 .stack.descriptors.hdr
                0x00000000000000a8        0xe c:/program files/microchip/xc8/v3.10/avr/bin/../lib/gcc/avr/5.4.0/../../../../avr/lib/avrxmega2/memx-const/mapped\libc.a(_Exit.o)
 .stack.descriptors.hdr
                0x00000000000000b6        0xe c:/program files/microchip/xc8/v3.10/avr/bin/../lib/gcc/avr/5.4.0/../../../../avr/lib/avrxmega2/memx-const/mapped\libc.a(__printf_core.o)
 .stack.descriptors.hdr
                0x00000000000000c4        0xe c:/program files/microchip/xc8/v3.10/avr/bin/../lib/gcc/avr/5.4.0/../../../../avr/lib/avrxmega2/memx-const/mapped\libc.a(fputc.o)
 .stack.descriptors.hdr
                0x00000000000000d2        0xe c:/program files/microchip/xc8/v3.10/avr/bin/../lib/gcc/avr/5.4.0/../../../../avr/lib/avrxmega2/memx-const/mapped\libc.a(__fmt_a.o)
 .stack.descriptors.hdr
                0x00000000000000e0        0xe c:/program files/microchip/xc8/v3.10/avr/bin/../lib/gcc/avr/5.4.0/../../../../avr/lib/avrxmega2/memx-const/mapped\libc.a(__pop_float.o)
 .stack.descriptors.hdr
                0x00000000000000ee        0xe c:/program files/microchip/xc8/v3.10/avr/bin/../lib/gcc/avr/5.4.0/../../../../avr/lib/avrxmega2/memx-const/mapped\libc.a(memset.o)
 .stack.descriptors.hdr
                0x00000000000000fc        0xe c:/program files/microchip/xc8/v3.10/avr/bin/../lib/gcc/avr/5.4.0/../../../../avr/lib/avrxmega2/memx-const/mapped\libc.a(strcpy.o)
 .stack.descriptors.hdr
                0x000000000000010a        0xe c:/program files/microchip/xc8/v3.10/avr/bin/../lib/gcc/avr/5.4.0/../../../../avr/lib/avrxmega2/memx-const/mapped\libc.a(strlen.o)
 .stack.descriptors.hdr
                0x0000000000000118        0xe c:/program files/microchip/xc8/v3.10/avr/bin/../lib/gcc/avr/5.4.0/../../../../avr/lib/avrxmega2/memx-const/mapped\libc.a(__printf_64bit_arg_support.o)
 .stack.descriptors.hdr
                0x0000000000000126        0xe c:/program files/microchip/xc8/v3.10/avr/bin/../lib/gcc/avr/5.4.0/../../../../avr/lib/avrxmega2/memx-const/mapped\libc.a(tolower.o)
 .stack.descriptors.hdr
                0x0000000000000134        0xe c:/program files/microchip/xc8/v3.10/avr/bin/../lib/gcc/avr/5.4.0/../../../../avr/lib/avrxmega2/memx-const/mapped\libc.a(toupper.o)
 .stack.descriptors.hdr
                0x0000000000000142        0xe c:/program files/microchip/xc8/v3.10/avr/bin/../lib/gcc/avr/5.4.0/../../../../avr/lib/avrxmega2/memx-const/mapped\libc.a(__fmt_fp.o)
 .stack.descriptors.hdr
                0x0000000000000150        0xe c:/program files/microchip/xc8/v3.10/avr/bin/../lib/gcc/avr/5.4.0/../../../../avr/lib/avrxmega2/memx-const/mapped\libc.a(__fmt_s.o)
 .stack.descriptors.hdr
                0x000000000000015e        0xe C:/Program Files/Microchip/MPLABX/v6.35/packs/Microchip/AVR-Dx_DFP/2.8.343/xc8/avr/lib/avrxmega2/memx-const/mapped\libavr64dd32.a(ccp_write.o)
 .stack.descriptors.hdr
                0x000000000000016c        0xe c:/program files/microchip/xc8/v3.10/avr/bin/../lib/gcc/avr/5.4.0/avrxmega2/memx-const/mapped\libgcc.a(_divmodhi4.o)
 .stack.descriptors.hdr
                0x000000000000017a        0xe c:/program files/microchip/xc8/v3.10/avr/bin/../lib/gcc/avr/5.4.0/avrxmega2/memx-const/mapped\libgcc.a(_exit.o)
 .stack.descriptors.hdr
                0x0000000000000188        0xe c:/program files/microchip/xc8/v3.10/avr/bin/../lib/gcc/avr/5.4.0/avrxmega2/memx-const/mapped\libgcc.a(_udivdi3.o)
 .stack.descriptors.hdr
                0x0000000000000196        0xe c:/program files/microchip/xc8/v3.10/avr/bin/../lib/gcc/avr/5.4.0/avrxmega2/memx-const/mapped\libgcc.a(_udivmod64.o)
 .stack.descriptors.hdr
                0x00000000000001a4        0xe c:/program files/microchip/xc8/v3.10/avr/bin/../lib/gcc/avr/5.4.0/avrxmega2/memx-const/mapped\libgcc.a(_negdi2.o)
 .stack.descriptors.hdr
                0x00000000000001b2        0xe c:/program files/microchip/xc8/v3.10/avr/bin/../lib/gcc/avr/5.4.0/avrxmega2/memx-const/mapped\libgcc.a(_ashrdi3.o)
 .stack.descriptors.hdr
                0x00000000000001c0        0xe c:/program files/microchip/xc8/v3.10/avr/bin/../lib/gcc/avr/5.4.0/avrxmega2/memx-const/mapped\libgcc.a(_cmpdi2_with_0.o)
 .stack.descriptors.hdr
                0x00000000000001ce        0xe c:/program files/microchip/xc8/v3.10/avr/bin/../lib/gcc/avr/5.4.0/avrxmega2/memx-const/mapped\libgcc.a(_udivmodhi4.o)
 .stack.descriptors.hdr
                0x00000000000001dc        0xe c:/program files/microchip/xc8/v3.10/avr/bin/../lib/gcc/avr/5.4.0/../../../../avr/lib/avrxmega2/memx-const/mapped\libm.a(addsf3.o)
 .stack.descriptors.hdr
                0x00000000000001ea        0xe c:/program files/microchip/xc8/v3.10/avr/bin/../lib/gcc/avr/5.4.0/../../../../avr/lib/avrxmega2/memx-const/mapped\libm.a(addsf3x.o)
 .stack.descriptors.hdr
                0x00000000000001f8        0xe c:/program files/microchip/xc8/v3.10/avr/bin/../lib/gcc/avr/5.4.0/../../../../avr/lib/avrxmega2/memx-const/mapped\libm.a(cmpsf2.o)
 .stack.descriptors.hdr
                0x0000000000000206        0xe c:/program files/microchip/xc8/v3.10/avr/bin/../lib/gcc/avr/5.4.0/../../../../avr/lib/avrxmega2/memx-const/mapped\libm.a(divsf3.o)
 .stack.descriptors.hdr
                0x0000000000000214        0xe c:/program files/microchip/xc8/v3.10/avr/bin/../lib/gcc/avr/5.4.0/../../../../avr/lib/avrxmega2/memx-const/mapped\libm.a(divsf3x.o)
 .stack.descriptors.hdr
                0x0000000000000222        0xe c:/program files/microchip/xc8/v3.10/avr/bin/../lib/gcc/avr/5.4.0/../../../../avr/lib/avrxmega2/memx-const/mapped\libm.a(fixsfsi.o)
 .stack.descriptors.hdr
                0x0000000000000230        0xe c:/program files/microchip/xc8/v3.10/avr/bin/../lib/gcc/avr/5.4.0/../../../../avr/lib/avrxmega2/memx-const/mapped\libm.a(fixunssfsi.o)
 .stack.descriptors.hdr
                0x000000000000023e        0xe c:/program files/microchip/xc8/v3.10/avr/bin/../lib/gcc/avr/5.4.0/../../../../avr/lib/avrxmega2/memx-const/mapped\libm.a(floorf.o)
 .stack.descriptors.hdr
                0x000000000000024c        0xe c:/program files/microchip/xc8/v3.10/avr/bin/../lib/gcc/avr/5.4.0/../../../../avr/lib/avrxmega2/memx-const/mapped\libm.a(fp_cmp.o)
 .stack.descriptors.hdr
                0x000000000000025a        0xe c:/program files/microchip/xc8/v3.10/avr/bin/../lib/gcc/avr/5.4.0/../../../../avr/lib/avrxmega2/memx-const/mapped\libm.a(fp_inf.o)
 .stack.descriptors.hdr
                0x0000000000000268        0xe c:/program files/microchip/xc8/v3.10/avr/bin/../lib/gcc/avr/5.4.0/../../../../avr/lib/avrxmega2/memx-const/mapped\libm.a(fp_nan.o)
 .stack.descriptors.hdr
                0x0000000000000276        0xe c:/program files/microchip/xc8/v3.10/avr/bin/../lib/gcc/avr/5.4.0/../../../../avr/lib/avrxmega2/memx-const/mapped\libm.a(fp_pscA.o)
 .stack.descriptors.hdr
                0x0000000000000284        0xe c:/program files/microchip/xc8/v3.10/avr/bin/../lib/gcc/avr/5.4.0/../../../../avr/lib/avrxmega2/memx-const/mapped\libm.a(fp_pscB.o)
 .stack.descriptors.hdr
                0x0000000000000292        0xe c:/program files/microchip/xc8/v3.10/avr/bin/../lib/gcc/avr/5.4.0/../../../../avr/lib/avrxmega2/memx-const/mapped\libm.a(fp_round.o)
 .stack.descriptors.hdr
                0x00000000000002a0        0xe c:/program files/microchip/xc8/v3.10/avr/bin/../lib/gcc/avr/5.4.0/../../../../avr/lib/avrxmega2/memx-const/mapped\libm.a(fp_split3.o)
 .stack.descriptors.hdr
                0x00000000000002ae        0xe c:/program files/microchip/xc8/v3.10/avr/bin/../lib/gcc/avr/5.4.0/../../../../avr/lib/avrxmega2/memx-const/mapped\libm.a(fp_zero.o)
 .stack.descriptors.hdr
                0x00000000000002bc        0xe c:/program files/microchip/xc8/v3.10/avr/bin/../lib/gcc/avr/5.4.0/../../../../avr/lib/avrxmega2/memx-const/mapped\libm.a(gesf2.o)
 .stack.descriptors.hdr
                0x00000000000002ca        0xe c:/program files/microchip/xc8/v3.10/avr/bin/../lib/gcc/avr/5.4.0/../../../../avr/lib/avrxmega2/memx-const/mapped\libm.a(mulsf3.o)
 .stack.descriptors.hdr
                0x00000000000002d8        0xe c:/program files/microchip/xc8/v3.10/avr/bin/../lib/gcc/avr/5.4.0/../../../../avr/lib/avrxmega2/memx-const/mapped\libm.a(mulsf3x.o)

.note.GNU-stack
                0x0000000000000000        0x0
 .note.GNU-stack
                0x0000000000000000        0x0 c:/program files/microchip/xc8/v3.10/avr/bin/../lib/gcc/avr/5.4.0/../../../../avr/lib/avrxmega2/memx-const/mapped\libc.a(exit.o)
 .note.GNU-stack
                0x0000000000000000        0x0 c:/program files/microchip/xc8/v3.10/avr/bin/../lib/gcc/avr/5.4.0/../../../../avr/lib/avrxmega2/memx-const/mapped\libc.a(vsnprintf.o)
 .note.GNU-stack
                0x0000000000000000        0x0 c:/program files/microchip/xc8/v3.10/avr/bin/../lib/gcc/avr/5.4.0/../../../../avr/lib/avrxmega2/memx-const/mapped\libc.a(vfprintf.o)
 .note.GNU-stack
                0x0000000000000000        0x0 c:/program files/microchip/xc8/v3.10/avr/bin/../lib/gcc/avr/5.4.0/../../../../avr/lib/avrxmega2/memx-const/mapped\libc.a(errno.o)
 .note.GNU-stack
                0x0000000000000000        0x0 c:/program files/microchip/xc8/v3.10/avr/bin/../lib/gcc/avr/5.4.0/../../../../avr/lib/avrxmega2/memx-const/mapped\libc.a(_Exit.o)
 .note.GNU-stack
                0x0000000000000000        0x0 c:/program files/microchip/xc8/v3.10/avr/bin/../lib/gcc/avr/5.4.0/../../../../avr/lib/avrxmega2/memx-const/mapped\libc.a(__printf_core.o)
 .note.GNU-stack
                0x0000000000000000        0x0 c:/program files/microchip/xc8/v3.10/avr/bin/../lib/gcc/avr/5.4.0/../../../../avr/lib/avrxmega2/memx-const/mapped\libc.a(fputc.o)
 .note.GNU-stack
                0x0000000000000000        0x0 c:/program files/microchip/xc8/v3.10/avr/bin/../lib/gcc/avr/5.4.0/../../../../avr/lib/avrxmega2/memx-const/mapped\libc.a(__fmt_a.o)
 .note.GNU-stack
                0x0000000000000000        0x0 c:/program files/microchip/xc8/v3.10/avr/bin/../lib/gcc/avr/5.4.0/../../../../avr/lib/avrxmega2/memx-const/mapped\libc.a(__pop_float.o)
 .note.GNU-stack
                0x0000000000000000        0x0 c:/program files/microchip/xc8/v3.10/avr/bin/../lib/gcc/avr/5.4.0/../../../../avr/lib/avrxmega2/memx-const/mapped\libc.a(memset.o)
 .note.GNU-stack
                0x0000000000000000        0x0 c:/program files/microchip/xc8/v3.10/avr/bin/../lib/gcc/avr/5.4.0/../../../../avr/lib/avrxmega2/memx-const/mapped\libc.a(strcpy.o)
 .note.GNU-stack
                0x0000000000000000        0x0 c:/program files/microchip/xc8/v3.10/avr/bin/../lib/gcc/avr/5.4.0/../../../../avr/lib/avrxmega2/memx-const/mapped\libc.a(strlen.o)
 .note.GNU-stack
                0x0000000000000000        0x0 c:/program files/microchip/xc8/v3.10/avr/bin/../lib/gcc/avr/5.4.0/../../../../avr/lib/avrxmega2/memx-const/mapped\libc.a(__printf_64bit_arg_support.o)
 .note.GNU-stack
                0x0000000000000000        0x0 c:/program files/microchip/xc8/v3.10/avr/bin/../lib/gcc/avr/5.4.0/../../../../avr/lib/avrxmega2/memx-const/mapped\libc.a(tolower.o)
 .note.GNU-stack
                0x0000000000000000        0x0 c:/program files/microchip/xc8/v3.10/avr/bin/../lib/gcc/avr/5.4.0/../../../../avr/lib/avrxmega2/memx-const/mapped\libc.a(toupper.o)
 .note.GNU-stack
                0x0000000000000000        0x0 c:/program files/microchip/xc8/v3.10/avr/bin/../lib/gcc/avr/5.4.0/../../../../avr/lib/avrxmega2/memx-const/mapped\libc.a(__fmt_fp.o)
 .note.GNU-stack
                0x0000000000000000        0x0 c:/program files/microchip/xc8/v3.10/avr/bin/../lib/gcc/avr/5.4.0/../../../../avr/lib/avrxmega2/memx-const/mapped\libc.a(__fmt_s.o)
 .note.GNU-stack
                0x0000000000000000        0x0 c:/program files/microchip/xc8/v3.10/avr/bin/../lib/gcc/avr/5.4.0/../../../../avr/lib/avrxmega2/memx-const/mapped\libm.a(addsf3.o)
 .note.GNU-stack
                0x0000000000000000        0x0 c:/program files/microchip/xc8/v3.10/avr/bin/../lib/gcc/avr/5.4.0/../../../../avr/lib/avrxmega2/memx-const/mapped\libm.a(addsf3x.o)
 .note.GNU-stack
                0x0000000000000000        0x0 c:/program files/microchip/xc8/v3.10/avr/bin/../lib/gcc/avr/5.4.0/../../../../avr/lib/avrxmega2/memx-const/mapped\libm.a(cmpsf2.o)
 .note.GNU-stack
                0x0000000000000000        0x0 c:/program files/microchip/xc8/v3.10/avr/bin/../lib/gcc/avr/5.4.0/../../../../avr/lib/avrxmega2/memx-const/mapped\libm.a(divsf3.o)
 .note.GNU-stack
                0x0000000000000000        0x0 c:/program files/microchip/xc8/v3.10/avr/bin/../lib/gcc/avr/5.4.0/../../../../avr/lib/avrxmega2/memx-const/mapped\libm.a(divsf3x.o)
 .note.GNU-stack
                0x0000000000000000        0x0 c:/program files/microchip/xc8/v3.10/avr/bin/../lib/gcc/avr/5.4.0/../../../../avr/lib/avrxmega2/memx-const/mapped\libm.a(fixsfsi.o)
 .note.GNU-stack
                0x0000000000000000        0x0 c:/program files/microchip/xc8/v3.10/avr/bin/../lib/gcc/avr/5.4.0/../../../../avr/lib/avrxmega2/memx-const/mapped\libm.a(fixunssfsi.o)
 .note.GNU-stack
                0x0000000000000000        0x0 c:/program files/microchip/xc8/v3.10/avr/bin/../lib/gcc/avr/5.4.0/../../../../avr/lib/avrxmega2/memx-const/mapped\libm.a(floorf.o)
 .note.GNU-stack
                0x0000000000000000        0x0 c:/program files/microchip/xc8/v3.10/avr/bin/../lib/gcc/avr/5.4.0/../../../../avr/lib/avrxmega2/memx-const/mapped\libm.a(fp_cmp.o)
 .note.GNU-stack
                0x0000000000000000        0x0 c:/program files/microchip/xc8/v3.10/avr/bin/../lib/gcc/avr/5.4.0/../../../../avr/lib/avrxmega2/memx-const/mapped\libm.a(fp_inf.o)
 .note.GNU-stack
                0x0000000000000000        0x0 c:/program files/microchip/xc8/v3.10/avr/bin/../lib/gcc/avr/5.4.0/../../../../avr/lib/avrxmega2/memx-const/mapped\libm.a(fp_nan.o)
 .note.GNU-stack
                0x0000000000000000        0x0 c:/program files/microchip/xc8/v3.10/avr/bin/../lib/gcc/avr/5.4.0/../../../../avr/lib/avrxmega2/memx-const/mapped\libm.a(fp_pscA.o)
 .note.GNU-stack
                0x0000000000000000        0x0 c:/program files/microchip/xc8/v3.10/avr/bin/../lib/gcc/avr/5.4.0/../../../../avr/lib/avrxmega2/memx-const/mapped\libm.a(fp_pscB.o)
 .note.GNU-stack
                0x0000000000000000        0x0 c:/program files/microchip/xc8/v3.10/avr/bin/../lib/gcc/avr/5.4.0/../../../../avr/lib/avrxmega2/memx-const/mapped\libm.a(fp_round.o)
 .note.GNU-stack
                0x0000000000000000        0x0 c:/program files/microchip/xc8/v3.10/avr/bin/../lib/gcc/avr/5.4.0/../../../../avr/lib/avrxmega2/memx-const/mapped\libm.a(fp_split3.o)
 .note.GNU-stack
                0x0000000000000000        0x0 c:/program files/microchip/xc8/v3.10/avr/bin/../lib/gcc/avr/5.4.0/../../../../avr/lib/avrxmega2/memx-const/mapped\libm.a(fp_zero.o)
 .note.GNU-stack
                0x0000000000000000        0x0 c:/program files/microchip/xc8/v3.10/avr/bin/../lib/gcc/avr/5.4.0/../../../../avr/lib/avrxmega2/memx-const/mapped\libm.a(gesf2.o)
 .note.GNU-stack
                0x0000000000000000        0x0 c:/program files/microchip/xc8/v3.10/avr/bin/../lib/gcc/avr/5.4.0/../../../../avr/lib/avrxmega2/memx-const/mapped\libm.a(mulsf3.o)
 .note.GNU-stack
                0x0000000000000000        0x0 c:/program files/microchip/xc8/v3.10/avr/bin/../lib/gcc/avr/5.4.0/../../../../avr/lib/avrxmega2/memx-const/mapped\libm.a(mulsf3x.o)

.note.gnu.build-id
 *(.note.gnu.build-id)

.debug
 *(.debug)

.line
 *(.line)

.debug_srcinfo
 *(.debug_srcinfo)

.debug_sfnames
 *(.debug_sfnames)

.debug_aranges  0x0000000000000000      0x188
 *(.debug_aranges)
 .debug_aranges
                0x0000000000000000       0x90 build/default/production/BME680.o
 .debug_aranges
                0x0000000000000090       0x20 build/default/production/main.o
 .debug_aranges
                0x00000000000000b0       0x30 build/default/production/SPI.o
 .debug_aranges
                0x00000000000000e0       0x40 build/default/production/USART.o
 .debug_aranges
                0x0000000000000120       0x28 build/default/production/CLK.o
 .debug_aranges
                0x0000000000000148       0x20 build/default/production/GPIO.o
 .debug_aranges
                0x0000000000000168       0x20 C:/Program Files/Microchip/MPLABX/v6.35/packs/Microchip/AVR-Dx_DFP/2.8.343/xc8/avr/lib/avrxmega2/memx-const/mapped\libavr64dd32.a(ccp_write.o)

.debug_pubnames
 *(.debug_pubnames)

.debug_info     0x0000000000000000    0x1448f
 *(.debug_info .gnu.linkonce.wi.*)
 .debug_info    0x0000000000000000     0x2057 C:/Program Files/Microchip/MPLABX/v6.35/packs/Microchip/AVR-Dx_DFP/2.8.343/xc8/avr/lib/avrxmega2/memx-const/mapped/crtavr64dd32.o
 .debug_info    0x0000000000002057     0x88fd build/default/production/BME680.o
 .debug_info    0x000000000000a954     0x7c3e build/default/production/main.o
 .debug_info    0x0000000000012592      0x4a4 build/default/production/SPI.o
 .debug_info    0x0000000000012a36      0x88d build/default/production/USART.o
 .debug_info    0x00000000000132c3      0x923 build/default/production/CLK.o
 .debug_info    0x0000000000013be6      0x7e5 build/default/production/GPIO.o
 .debug_info    0x00000000000143cb       0xc4 C:/Program Files/Microchip/MPLABX/v6.35/packs/Microchip/AVR-Dx_DFP/2.8.343/xc8/avr/lib/avrxmega2/memx-const/mapped\libavr64dd32.a(ccp_write.o)

.debug_abbrev   0x0000000000000000     0x2629
 *(.debug_abbrev)
 .debug_abbrev  0x0000000000000000     0x1ea0 C:/Program Files/Microchip/MPLABX/v6.35/packs/Microchip/AVR-Dx_DFP/2.8.343/xc8/avr/lib/avrxmega2/memx-const/mapped/crtavr64dd32.o
 .debug_abbrev  0x0000000000001ea0      0x204 build/default/production/BME680.o
 .debug_abbrev  0x00000000000020a4      0x152 build/default/production/main.o
 .debug_abbrev  0x00000000000021f6       0xe5 build/default/production/SPI.o
 .debug_abbrev  0x00000000000022db      0x1af build/default/production/USART.o
 .debug_abbrev  0x000000000000248a       0xda build/default/production/CLK.o
 .debug_abbrev  0x0000000000002564       0xb1 build/default/production/GPIO.o
 .debug_abbrev  0x0000000000002615       0x14 C:/Program Files/Microchip/MPLABX/v6.35/packs/Microchip/AVR-Dx_DFP/2.8.343/xc8/avr/lib/avrxmega2/memx-const/mapped\libavr64dd32.a(ccp_write.o)

.debug_line     0x0000000000000000      0xf70
 *(.debug_line .debug_line.* .debug_line_end)
 .debug_line    0x0000000000000000      0x1aa C:/Program Files/Microchip/MPLABX/v6.35/packs/Microchip/AVR-Dx_DFP/2.8.343/xc8/avr/lib/avrxmega2/memx-const/mapped/crtavr64dd32.o
 .debug_line    0x00000000000001aa      0x598 build/default/production/BME680.o
 .debug_line    0x0000000000000742      0x1aa build/default/production/main.o
 .debug_line    0x00000000000008ec      0x15d build/default/production/SPI.o
 .debug_line    0x0000000000000a49      0x1f5 build/default/production/USART.o
 .debug_line    0x0000000000000c3e      0x18d build/default/production/CLK.o
 .debug_line    0x0000000000000dcb      0x138 build/default/production/GPIO.o
 .debug_line    0x0000000000000f03       0x6d C:/Program Files/Microchip/MPLABX/v6.35/packs/Microchip/AVR-Dx_DFP/2.8.343/xc8/avr/lib/avrxmega2/memx-const/mapped\libavr64dd32.a(ccp_write.o)

.debug_frame    0x0000000000000000      0x404
 *(.debug_frame)
 .debug_frame   0x0000000000000000      0x274 build/default/production/BME680.o
 .debug_frame   0x0000000000000274       0x60 build/default/production/main.o
 .debug_frame   0x00000000000002d4       0x44 build/default/production/SPI.o
 .debug_frame   0x0000000000000318       0x94 build/default/production/USART.o
 .debug_frame   0x00000000000003ac       0x34 build/default/production/CLK.o
 .debug_frame   0x00000000000003e0       0x24 build/default/production/GPIO.o

.debug_str      0x0000000000000000      0xe1d
 *(.debug_str)
 .debug_str     0x0000000000000000      0xdcd C:/Program Files/Microchip/MPLABX/v6.35/packs/Microchip/AVR-Dx_DFP/2.8.343/xc8/avr/lib/avrxmega2/memx-const/mapped/crtavr64dd32.o
 .debug_str     0x0000000000000dcd       0x23 build/default/production/BME680.o
 .debug_str     0x0000000000000df0        0x0 build/default/production/main.o
 .debug_str     0x0000000000000df0        0x0 build/default/production/SPI.o
 .debug_str     0x0000000000000df0        0xa build/default/production/USART.o
 .debug_str     0x0000000000000dfa        0xd build/default/production/CLK.o
 .debug_str     0x0000000000000e07       0x16 build/default/production/GPIO.o

.debug_loc      0x0000000000000000      0xdcc
 *(.debug_loc)
 .debug_loc     0x0000000000000000      0xcc8 build/default/production/BME680.o
 .debug_loc     0x0000000000000cc8       0x5c build/default/production/SPI.o
 .debug_loc     0x0000000000000d24       0xa8 build/default/production/USART.o

.debug_macinfo
 *(.debug_macinfo)

.debug_weaknames
 *(.debug_weaknames)

.debug_funcnames
 *(.debug_funcnames)

.debug_typenames
 *(.debug_typenames)

.debug_varnames
 *(.debug_varnames)

.debug_pubtypes
 *(.debug_pubtypes)

.debug_ranges   0x0000000000000000      0x108
 *(.debug_ranges)
 .debug_ranges  0x0000000000000000       0x80 build/default/production/BME680.o
 .debug_ranges  0x0000000000000080       0x10 build/default/production/main.o
 .debug_ranges  0x0000000000000090       0x20 build/default/production/SPI.o
 .debug_ranges  0x00000000000000b0       0x30 build/default/production/USART.o
 .debug_ranges  0x00000000000000e0       0x18 build/default/production/CLK.o
 .debug_ranges  0x00000000000000f8       0x10 build/default/production/GPIO.o

.debug_macro
 *(.debug_macro)
OUTPUT(dist/default/production/AVR64DD_BME680_RS485.X.production.elf elf32-avr)
LOAD linker stubs
LOAD data_init

.note.gnu.avr.deviceinfo
                0x0000000000000000       0x3c
 .note.gnu.avr.deviceinfo
                0x0000000000000000       0x3c C:/Program Files/Microchip/MPLABX/v6.35/packs/Microchip/AVR-Dx_DFP/2.8.343/xc8/avr/lib/avrxmega2/memx-const/mapped/crtavr64dd32.o

.bss.BME680     0x0000000000806002       0x81
 .bss.BME680    0x0000000000806002       0x81 build/default/production/BME680.o
                0x0000000000806002                BME680

.rodata         0x0000000000808102       0x35 load address 0x0000000000000102
 .rodata        0x0000000000808102       0x35 build/default/production/main.o

.text.__fmt_fp  0x0000000000000138      0x728
 .text.__fmt_fp
                0x0000000000000138      0x728 c:/program files/microchip/xc8/v3.10/avr/bin/../lib/gcc/avr/5.4.0/../../../../avr/lib/avrxmega2/memx-const/mapped\libc.a(__fmt_fp.o)
                0x0000000000000138                __fmt_f_needed
                0x0000000000000138                __fmt_fp

.text.__fmt_a   0x0000000000000860      0x62a
 .text.__fmt_a  0x0000000000000860      0x62a c:/program files/microchip/xc8/v3.10/avr/bin/../lib/gcc/avr/5.4.0/../../../../avr/lib/avrxmega2/memx-const/mapped\libc.a(__fmt_a.o)
                0x0000000000000860                __fmt_a_needed
                0x0000000000000860                __fmt_a

.text.vfpfcnvrt
                0x0000000000000e8a      0x408
 .text.vfpfcnvrt
                0x0000000000000e8a      0x408 c:/program files/microchip/xc8/v3.10/avr/bin/../lib/gcc/avr/5.4.0/../../../../avr/lib/avrxmega2/memx-const/mapped\libc.a(__printf_64bit_arg_support.o)
                0x0000000000000e8a                vfpfcnvrt

.text.BME680_calculate_pressure
                0x0000000000001292      0x3c6
 .text.BME680_calculate_pressure
                0x0000000000001292      0x3c6 build/default/production/BME680.o
                0x0000000000001292                BME680_calculate_pressure

.text.BME680_calculate_humidity
                0x0000000000001658      0x284
 .text.BME680_calculate_humidity
                0x0000000000001658      0x284 build/default/production/BME680.o
                0x0000000000001658                BME680_calculate_humidity

.text.__fmt_x   0x00000000000018dc      0x256
 .text.__fmt_x  0x00000000000018dc      0x256 c:/program files/microchip/xc8/v3.10/avr/bin/../lib/gcc/avr/5.4.0/../../../../avr/lib/avrxmega2/memx-const/mapped\libc.a(__printf_64bit_arg_support.o)
                0x00000000000018dc                __fmt_x

.text.__fmt_d   0x0000000000001b32      0x174
 .text.__fmt_d  0x0000000000001b32      0x174 c:/program files/microchip/xc8/v3.10/avr/bin/../lib/gcc/avr/5.4.0/../../../../avr/lib/avrxmega2/memx-const/mapped\libc.a(__printf_64bit_arg_support.o)
                0x0000000000001b32                __fmt_d

.text.__pop_int
                0x0000000000001ca6      0x172
 .text.__pop_int
                0x0000000000001ca6      0x172 c:/program files/microchip/xc8/v3.10/avr/bin/../lib/gcc/avr/5.4.0/../../../../avr/lib/avrxmega2/memx-const/mapped\libc.a(__printf_64bit_arg_support.o)
                0x0000000000001ca6                __pop_int

.text.BME680_calculate_temperature
                0x0000000000001e18      0x15a
 .text.BME680_calculate_temperature
                0x0000000000001e18      0x15a build/default/production/BME680.o
                0x0000000000001e18                BME680_calculate_temperature

.text.__cvt_u   0x0000000000001f72      0x146
 .text.__cvt_u  0x0000000000001f72      0x146 c:/program files/microchip/xc8/v3.10/avr/bin/../lib/gcc/avr/5.4.0/../../../../avr/lib/avrxmega2/memx-const/mapped\libc.a(__printf_64bit_arg_support.o)
                0x0000000000001f72                __cvt_u

.text.BME680_read_pres_calib
                0x00000000000020b8      0x11a
 .text.BME680_read_pres_calib
                0x00000000000020b8      0x11a build/default/production/BME680.o
                0x00000000000020b8                BME680_read_pres_calib

.text.main      0x00000000000021d2      0x106
 .text.main     0x00000000000021d2      0x106 build/default/production/main.o
                0x00000000000021d2                main

.text.floorf    0x00000000000022d8       0xe8
 .text.floorf   0x00000000000022d8       0xe8 c:/program files/microchip/xc8/v3.10/avr/bin/../lib/gcc/avr/5.4.0/../../../../avr/lib/avrxmega2/memx-const/mapped\libm.a(floorf.o)
                0x00000000000022d8                floorf

.text.BME680_exchange_data
                0x00000000000023c0       0xe0
 .text.BME680_exchange_data
                0x00000000000023c0       0xe0 build/default/production/BME680.o
                0x00000000000023c0                BME680_exchange_data

.text.BME680_read_hum_calib
                0x00000000000024a0       0xe0
 .text.BME680_read_hum_calib
                0x00000000000024a0       0xe0 build/default/production/BME680.o
                0x00000000000024a0                BME680_read_hum_calib

.text           0x0000000000002580       0xde
 .text          0x0000000000002580       0xde c:/program files/microchip/xc8/v3.10/avr/bin/../lib/gcc/avr/5.4.0/../../../../avr/lib/avrxmega2/memx-const/mapped\libm.a(divsf3x.o)
                0x0000000000002580                __divsf3x
                0x00000000000025a8                __divsf3_pse

.text.__pop_ptr
                0x000000000000265e       0xd8
 .text.__pop_ptr
                0x000000000000265e       0xd8 c:/program files/microchip/xc8/v3.10/avr/bin/../lib/gcc/avr/5.4.0/../../../../avr/lib/avrxmega2/memx-const/mapped\libc.a(__printf_64bit_arg_support.o)
                0x000000000000265e                __pop_ptr

.text           0x0000000000002736       0xd4
 .text          0x0000000000002736       0xd4 c:/program files/microchip/xc8/v3.10/avr/bin/../lib/gcc/avr/5.4.0/../../../../avr/lib/avrxmega2/memx-const/mapped\libm.a(mulsf3x.o)
                0x0000000000002736                __mulsf3x
                0x000000000000275c                __mulsf3_pse

.text.__fmt_o   0x000000000000280a       0xd2
 .text.__fmt_o  0x000000000000280a       0xd2 c:/program files/microchip/xc8/v3.10/avr/bin/../lib/gcc/avr/5.4.0/../../../../avr/lib/avrxmega2/memx-const/mapped\libc.a(__printf_64bit_arg_support.o)
                0x000000000000280a                __fmt_o

.text           0x00000000000028dc       0xce
 .text          0x00000000000028dc       0xce c:/program files/microchip/xc8/v3.10/avr/bin/../lib/gcc/avr/5.4.0/../../../../avr/lib/avrxmega2/memx-const/mapped\libm.a(addsf3x.o)
                0x00000000000028dc                __addsf3x

.text.BME680_Ctrl_meas
                0x00000000000029aa       0xc4
 .text.BME680_Ctrl_meas
                0x00000000000029aa       0xc4 build/default/production/BME680.o
                0x00000000000029aa                BME680_Ctrl_meas

.text.__fmt_u   0x0000000000002a6e       0xae
 .text.__fmt_u  0x0000000000002a6e       0xae c:/program files/microchip/xc8/v3.10/avr/bin/../lib/gcc/avr/5.4.0/../../../../avr/lib/avrxmega2/memx-const/mapped\libc.a(__printf_64bit_arg_support.o)
                0x0000000000002a6e                __fmt_u

.text.BME680_Config
                0x0000000000002b1c       0xaa
 .text.BME680_Config
                0x0000000000002b1c       0xaa build/default/production/BME680.o
                0x0000000000002b1c                BME680_Config

.text.libgcc.div
                0x0000000000002bc6       0xa2
 .text.libgcc.div
                0x0000000000002bc6       0xa2 c:/program files/microchip/xc8/v3.10/avr/bin/../lib/gcc/avr/5.4.0/avrxmega2/memx-const/mapped\libgcc.a(_udivmod64.o)
                0x0000000000002bc6                __udivmod64

.text.fputc     0x0000000000002c68       0x98
 .text.fputc    0x0000000000002c68       0x98 c:/program files/microchip/xc8/v3.10/avr/bin/../lib/gcc/avr/5.4.0/../../../../avr/lib/avrxmega2/memx-const/mapped\libc.a(fputc.o)
                0x0000000000002c68                fputc
                0x0000000000002c68                putc

.text.vsnprintf
                0x0000000000002d00       0x84
 .text.vsnprintf
                0x0000000000002d00       0x84 c:/program files/microchip/xc8/v3.10/avr/bin/../lib/gcc/avr/5.4.0/../../../../avr/lib/avrxmega2/memx-const/mapped\libc.a(vsnprintf.o)
                0x0000000000002d00                vsnprintf

.text.BME680_Ctrl_hum
                0x0000000000002d84       0x7a
 .text.BME680_Ctrl_hum
                0x0000000000002d84       0x7a build/default/production/BME680.o
                0x0000000000002d84                BME680_Ctrl_hum

.text.__pad     0x0000000000002dfe       0x72
 .text.__pad    0x0000000000002dfe       0x72 c:/program files/microchip/xc8/v3.10/avr/bin/../lib/gcc/avr/5.4.0/../../../../avr/lib/avrxmega2/memx-const/mapped\libc.a(__printf_core.o)
                0x0000000000002dfe                __pad

.text.BME680_read_temp_calib
                0x0000000000002e70       0x6a
 .text.BME680_read_temp_calib
                0x0000000000002e70       0x6a build/default/production/BME680.o
                0x0000000000002e70                BME680_read_temp_calib

.text.__printf_core
                0x0000000000002eda       0x68
 .text.__printf_core
                0x0000000000002eda       0x68 c:/program files/microchip/xc8/v3.10/avr/bin/../lib/gcc/avr/5.4.0/../../../../avr/lib/avrxmega2/memx-const/mapped\libc.a(__printf_core.o)
                0x0000000000002eda                __printf_core

.text           0x0000000000002f42       0x5e
 .text          0x0000000000002f42       0x5e c:/program files/microchip/xc8/v3.10/avr/bin/../lib/gcc/avr/5.4.0/../../../../avr/lib/avrxmega2/memx-const/mapped\libm.a(fixunssfsi.o)
                0x0000000000002f42                __fixunssfsi

.text.BME680_read_temp
                0x0000000000002fa0       0x5c
 .text.BME680_read_temp
                0x0000000000002fa0       0x5c build/default/production/BME680.o
                0x0000000000002fa0                BME680_read_temp

.text.BME680_read_pres
                0x0000000000002ffc       0x5c
 .text.BME680_read_pres
                0x0000000000002ffc       0x5c build/default/production/BME680.o
                0x0000000000002ffc                BME680_read_pres

.text.read_prec_or_width
                0x0000000000003058       0x5c
 .text.read_prec_or_width
                0x0000000000003058       0x5c c:/program files/microchip/xc8/v3.10/avr/bin/../lib/gcc/avr/5.4.0/../../../../avr/lib/avrxmega2/memx-const/mapped\libc.a(__printf_64bit_arg_support.o)

.text.BME680_change_page
                0x00000000000030b4       0x56
 .text.BME680_change_page
                0x00000000000030b4       0x56 build/default/production/BME680.o
                0x00000000000030b4                BME680_change_page

.text.__fmt_s   0x000000000000310a       0x54
 .text.__fmt_s  0x000000000000310a       0x54 c:/program files/microchip/xc8/v3.10/avr/bin/../lib/gcc/avr/5.4.0/../../../../avr/lib/avrxmega2/memx-const/mapped\libc.a(__fmt_s.o)
                0x000000000000310a                __fmt_s
                0x000000000000310a                __fmt_0_needed
                0x000000000000310a                __fmt_s_needed

.text.GPIO_init
                0x000000000000315e       0x48
 .text.GPIO_init
                0x000000000000315e       0x48 build/default/production/GPIO.o
                0x000000000000315e                GPIO_init

.text           0x00000000000031a6       0x48
 .text          0x00000000000031a6       0x48 c:/program files/microchip/xc8/v3.10/avr/bin/../lib/gcc/avr/5.4.0/../../../../avr/lib/avrxmega2/memx-const/mapped\libm.a(fp_cmp.o)
                0x00000000000031a6                __fp_cmp

.text.USART0_sendString
                0x00000000000031ee       0x44
 .text.USART0_sendString
                0x00000000000031ee       0x44 build/default/production/USART.o
                0x00000000000031ee                USART0_sendString

.text.libgcc.div
                0x0000000000003232       0x44
 .text.libgcc.div
                0x0000000000003232       0x44 c:/program files/microchip/xc8/v3.10/avr/bin/../lib/gcc/avr/5.4.0/avrxmega2/memx-const/mapped\libgcc.a(_udivmodsi4.o)
                0x0000000000003232                __udivmodsi4

.text           0x0000000000003276       0x44
 .text          0x0000000000003276       0x44 c:/program files/microchip/xc8/v3.10/avr/bin/../lib/gcc/avr/5.4.0/../../../../avr/lib/avrxmega2/memx-const/mapped\libm.a(fp_split3.o)
                0x0000000000003276                __fp_split3
                0x0000000000003286                __fp_splitA

.text.BME680_read_hum
                0x00000000000032ba       0x40
 .text.BME680_read_hum
                0x00000000000032ba       0x40 build/default/production/BME680.o
                0x00000000000032ba                BME680_read_hum

.text.USART_printf
                0x00000000000032fa       0x40
 .text.USART_printf
                0x00000000000032fa       0x40 build/default/production/USART.o
                0x00000000000032fa                USART_printf

.text.__fmt_state
                0x000000000000333a       0x40
 .text.__fmt_state
                0x000000000000333a       0x40 c:/program files/microchip/xc8/v3.10/avr/bin/../lib/gcc/avr/5.4.0/../../../../avr/lib/avrxmega2/memx-const/mapped\libc.a(__printf_core.o)
                0x000000000000333a                __fmt_state

.text.__pop_float
                0x000000000000337a       0x40
 .text.__pop_float
                0x000000000000337a       0x40 c:/program files/microchip/xc8/v3.10/avr/bin/../lib/gcc/avr/5.4.0/../../../../avr/lib/avrxmega2/memx-const/mapped\libc.a(__pop_float.o)
                0x000000000000337a                __pop_float_needed
                0x000000000000337a                __pop_float

.text.libgcc.builtins
                0x00000000000033ba       0x3c
 .text.libgcc.builtins
                0x00000000000033ba       0x3c c:/program files/microchip/xc8/v3.10/avr/bin/../lib/gcc/avr/5.4.0/avrxmega2/memx-const/mapped\libgcc.a(_ashrdi3.o)
                0x00000000000033ba                __ashrdi3
                0x00000000000033be                __lshrdi3

.text.__out     0x00000000000033f6       0x3a
 .text.__out    0x00000000000033f6       0x3a c:/program files/microchip/xc8/v3.10/avr/bin/../lib/gcc/avr/5.4.0/../../../../avr/lib/avrxmega2/memx-const/mapped\libc.a(__printf_core.o)
                0x00000000000033f6                __out

.text.libgcc.prologue
                0x0000000000003430       0x32
 .text.libgcc.prologue
                0x0000000000003430       0x32 c:/program files/microchip/xc8/v3.10/avr/bin/../lib/gcc/avr/5.4.0/avrxmega2/memx-const/mapped\libgcc.a(_prologue.o)
                0x0000000000003430                __prologue_saves__

.text.vfprintf  0x0000000000003462       0x30
 .text.vfprintf
                0x0000000000003462       0x30 c:/program files/microchip/xc8/v3.10/avr/bin/../lib/gcc/avr/5.4.0/../../../../avr/lib/avrxmega2/memx-const/mapped\libc.a(vfprintf.o)
                0x0000000000003462                vfprintf

.text.libgcc.prologue
                0x0000000000003492       0x30
 .text.libgcc.prologue
                0x0000000000003492       0x30 c:/program files/microchip/xc8/v3.10/avr/bin/../lib/gcc/avr/5.4.0/avrxmega2/memx-const/mapped\libgcc.a(_epilogue.o)
                0x0000000000003492                __epilogue_restores__

.text.libgcc.div
                0x00000000000034c2       0x2e
 .text.libgcc.div
                0x00000000000034c2       0x2e c:/program files/microchip/xc8/v3.10/avr/bin/../lib/gcc/avr/5.4.0/avrxmega2/memx-const/mapped\libgcc.a(_divmodsi4.o)
                0x00000000000034c2                __divmodsi4

.text.CLOCK_INHF_clock_init
                0x00000000000034f0       0x2a
 .text.CLOCK_INHF_clock_init
                0x00000000000034f0       0x2a build/default/production/CLK.o
                0x00000000000034f0                CLOCK_INHF_clock_init

.text.BME680_read_t_p_rh
                0x000000000000351a       0x28
 .text.BME680_read_t_p_rh
                0x000000000000351a       0x28 build/default/production/BME680.o
                0x000000000000351a                BME680_read_t_p_rh

.text.libgcc.div
                0x0000000000003542       0x28
 .text.libgcc.div
                0x0000000000003542       0x28 c:/program files/microchip/xc8/v3.10/avr/bin/../lib/gcc/avr/5.4.0/avrxmega2/memx-const/mapped\libgcc.a(_divmodhi4.o)
                0x0000000000003542                _div
                0x0000000000003542                __divmodhi4

.text.libgcc.div
                0x000000000000356a       0x28
 .text.libgcc.div
                0x000000000000356a       0x28 c:/program files/microchip/xc8/v3.10/avr/bin/../lib/gcc/avr/5.4.0/avrxmega2/memx-const/mapped\libgcc.a(_udivmodhi4.o)
                0x000000000000356a                __udivmodhi4

.text           0x0000000000003592       0x22
 .text          0x0000000000003592       0x22 c:/program files/microchip/xc8/v3.10/avr/bin/../lib/gcc/avr/5.4.0/../../../../avr/lib/avrxmega2/memx-const/mapped\libm.a(fp_round.o)
                0x0000000000003592                __fp_round

.text.libgcc.mul
                0x00000000000035b4       0x20
 .text.libgcc.mul
                0x00000000000035b4       0x20 c:/program files/microchip/xc8/v3.10/avr/bin/../lib/gcc/avr/5.4.0/avrxmega2/memx-const/mapped\libgcc.a(_mulsi3.o)
                0x00000000000035b4                __mulsi3

.text.libgcc    0x00000000000035d4       0x20
 .text.libgcc   0x00000000000035d4       0x20 c:/program files/microchip/xc8/v3.10/avr/bin/../lib/gcc/avr/5.4.0/avrxmega2/memx-const/mapped\libgcc.a(_negdi2.o)
                0x00000000000035d4                __negdi2

.text.libgcc.mul
                0x00000000000035f4       0x1e
 .text.libgcc.mul
                0x00000000000035f4       0x1e c:/program files/microchip/xc8/v3.10/avr/bin/../lib/gcc/avr/5.4.0/avrxmega2/memx-const/mapped\libgcc.a(_umulhisi3.o)
                0x00000000000035f4                __umulhisi3

.text.strlen    0x0000000000003612       0x1c
 .text.strlen   0x0000000000003612       0x1c c:/program files/microchip/xc8/v3.10/avr/bin/../lib/gcc/avr/5.4.0/../../../../avr/lib/avrxmega2/memx-const/mapped\libc.a(strlen.o)
                0x0000000000003612                strlen

.text.libgcc.div
                0x000000000000362e       0x1c
 .text.libgcc.div
                0x000000000000362e       0x1c c:/program files/microchip/xc8/v3.10/avr/bin/../lib/gcc/avr/5.4.0/avrxmega2/memx-const/mapped\libgcc.a(_udivdi3.o)
                0x000000000000362e                __umoddi3
                0x0000000000003632                __udivdi3
                0x0000000000003634                __udivdi3_umoddi3

.text.SPI_exchange_data
                0x000000000000364a       0x1a
 .text.SPI_exchange_data
                0x000000000000364a       0x1a build/default/production/SPI.o
                0x000000000000364a                SPI_exchange_data

.text.USART0_init
                0x0000000000003664       0x16
 .text.USART0_init
                0x0000000000003664       0x16 build/default/production/USART.o
                0x0000000000003664                USART0_init

.text.libgcc.mul
                0x000000000000367a       0x16
 .text.libgcc.mul
                0x000000000000367a       0x16 c:/program files/microchip/xc8/v3.10/avr/bin/../lib/gcc/avr/5.4.0/avrxmega2/memx-const/mapped\libgcc.a(_muluhisi3.o)
                0x000000000000367a                __muluhisi3

.text.exit      0x0000000000003690       0x16
 .text.exit     0x0000000000003690       0x16 c:/program files/microchip/xc8/v3.10/avr/bin/../lib/gcc/avr/5.4.0/../../../../avr/lib/avrxmega2/memx-const/mapped\libc.a(exit.o)
                0x0000000000003690                exit

.text.memset    0x00000000000036a6       0x12
 .text.memset   0x00000000000036a6       0x12 c:/program files/microchip/xc8/v3.10/avr/bin/../lib/gcc/avr/5.4.0/../../../../avr/lib/avrxmega2/memx-const/mapped\libc.a(memset.o)
                0x00000000000036a6                memset

.text.toupper   0x00000000000036b8       0x12
 .text.toupper  0x00000000000036b8       0x12 c:/program files/microchip/xc8/v3.10/avr/bin/../lib/gcc/avr/5.4.0/../../../../avr/lib/avrxmega2/memx-const/mapped\libc.a(toupper.o)
                0x00000000000036b8                toupper

.text.libgcc    0x00000000000036ca       0x12
 .text.libgcc   0x00000000000036ca       0x12 c:/program files/microchip/xc8/v3.10/avr/bin/../lib/gcc/avr/5.4.0/avrxmega2/memx-const/mapped\libgcc.a(_cmpdi2_with_0.o)
                0x00000000000036ca                __cmpdi2_with_0

.text.USART0_sendChar
                0x00000000000036dc       0x10
 .text.USART0_sendChar
                0x00000000000036dc       0x10 build/default/production/USART.o
                0x00000000000036dc                USART0_sendChar

.text.libgcc.div
                0x00000000000036ec       0x10
 .text.libgcc.div
                0x00000000000036ec       0x10 c:/program files/microchip/xc8/v3.10/avr/bin/../lib/gcc/avr/5.4.0/avrxmega2/memx-const/mapped\libgcc.a(_negsi2.o)
                0x00000000000036ec                __negsi2

.text.libgcc.mul
                0x00000000000036fc       0x10
 .text.libgcc.mul
                0x00000000000036fc       0x10 c:/program files/microchip/xc8/v3.10/avr/bin/../lib/gcc/avr/5.4.0/avrxmega2/memx-const/mapped\libgcc.a(_mulshisi3.o)
                0x00000000000036fc                __mulshisi3
                0x0000000000003702                __mulohisi3

.text.strcpy    0x000000000000370c       0x10
 .text.strcpy   0x000000000000370c       0x10 c:/program files/microchip/xc8/v3.10/avr/bin/../lib/gcc/avr/5.4.0/../../../../avr/lib/avrxmega2/memx-const/mapped\libc.a(strcpy.o)
                0x000000000000370c                strcpy

.text.tolower   0x000000000000371c       0x10
 .text.tolower  0x000000000000371c       0x10 c:/program files/microchip/xc8/v3.10/avr/bin/../lib/gcc/avr/5.4.0/../../../../avr/lib/avrxmega2/memx-const/mapped\libc.a(tolower.o)
                0x000000000000371c                tolower

.text.SPI_init  0x000000000000372c        0xe
 .text.SPI_init
                0x000000000000372c        0xe build/default/production/SPI.o
                0x000000000000372c                SPI_init

.text.libgcc.builtins
                0x000000000000373a        0xe
 .text.libgcc.builtins
                0x000000000000373a        0xe c:/program files/microchip/xc8/v3.10/avr/bin/../lib/gcc/avr/5.4.0/avrxmega2/memx-const/mapped\libgcc.a(_bswapsi2.o)
                0x000000000000373a                __bswapsi2

.text           0x0000000000003748        0xe
 .text          0x0000000000003748        0xe c:/program files/microchip/xc8/v3.10/avr/bin/../lib/gcc/avr/5.4.0/../../../../avr/lib/avrxmega2/memx-const/mapped\libm.a(addsf3.o)
                0x0000000000003748                __subsf3
                0x000000000000374a                __addsf3

.text           0x0000000000003756        0xe
 .text          0x0000000000003756        0xe c:/program files/microchip/xc8/v3.10/avr/bin/../lib/gcc/avr/5.4.0/../../../../avr/lib/avrxmega2/memx-const/mapped\libm.a(fixsfsi.o)
                0x0000000000003756                __fixsfsi

.text           0x0000000000003764        0xe
 .text          0x0000000000003764        0xe c:/program files/microchip/xc8/v3.10/avr/bin/../lib/gcc/avr/5.4.0/../../../../avr/lib/avrxmega2/memx-const/mapped\libm.a(fp_pscA.o)
                0x0000000000003764                __fp_pscA

.text           0x0000000000003772        0xe
 .text          0x0000000000003772        0xe c:/program files/microchip/xc8/v3.10/avr/bin/../lib/gcc/avr/5.4.0/../../../../avr/lib/avrxmega2/memx-const/mapped\libm.a(fp_pscB.o)
                0x0000000000003772                __fp_pscB

.text           0x0000000000003780        0xe
 .text          0x0000000000003780        0xe c:/program files/microchip/xc8/v3.10/avr/bin/../lib/gcc/avr/5.4.0/../../../../avr/lib/avrxmega2/memx-const/mapped\libm.a(fp_zero.o)
                0x0000000000003780                __fp_zero
                0x0000000000003782                __fp_szero

.text.avrlibc   0x000000000000378e        0xc
 .text.avrlibc  0x000000000000378e        0xc C:/Program Files/Microchip/MPLABX/v6.35/packs/Microchip/AVR-Dx_DFP/2.8.343/xc8/avr/lib/avrxmega2/memx-const/mapped\libavr64dd32.a(ccp_write.o)
                0x000000000000378e                ccp_write_io

.text           0x000000000000379a        0xc
 .text          0x000000000000379a        0xc c:/program files/microchip/xc8/v3.10/avr/bin/../lib/gcc/avr/5.4.0/../../../../avr/lib/avrxmega2/memx-const/mapped\libm.a(fp_inf.o)
                0x000000000000379a                __fp_inf

.text           0x00000000000037a6        0xa
 .text          0x00000000000037a6        0xa c:/program files/microchip/xc8/v3.10/avr/bin/../lib/gcc/avr/5.4.0/../../../../avr/lib/avrxmega2/memx-const/mapped\libm.a(cmpsf2.o)
                0x00000000000037a6                __nesf2
                0x00000000000037a6                __eqsf2
                0x00000000000037a6                __cmpsf2
                0x00000000000037a6                __ltsf2
                0x00000000000037a6                __lesf2

.text           0x00000000000037b0        0xa
 .text          0x00000000000037b0        0xa c:/program files/microchip/xc8/v3.10/avr/bin/../lib/gcc/avr/5.4.0/../../../../avr/lib/avrxmega2/memx-const/mapped\libm.a(gesf2.o)
                0x00000000000037b0                __gesf2
                0x00000000000037b0                __gtsf2

.text           0x00000000000037ba        0x8
 .text          0x00000000000037ba        0x8 c:/program files/microchip/xc8/v3.10/avr/bin/../lib/gcc/avr/5.4.0/../../../../avr/lib/avrxmega2/memx-const/mapped\libm.a(divsf3.o)
                0x00000000000037ba                __divsf3

.text           0x00000000000037c2        0x8
 .text          0x00000000000037c2        0x8 c:/program files/microchip/xc8/v3.10/avr/bin/../lib/gcc/avr/5.4.0/../../../../avr/lib/avrxmega2/memx-const/mapped\libm.a(mulsf3.o)
                0x00000000000037c2                __mulsf3

.text           0x00000000000037ca        0x6
 .text          0x00000000000037ca        0x6 c:/program files/microchip/xc8/v3.10/avr/bin/../lib/gcc/avr/5.4.0/../../../../avr/lib/avrxmega2/memx-const/mapped\libm.a(fp_nan.o)
                0x00000000000037ca                __fp_nan

.text           0x00000000000037d0        0x4
 .text          0x00000000000037d0        0x4 C:/Program Files/Microchip/MPLABX/v6.35/packs/Microchip/AVR-Dx_DFP/2.8.343/xc8/avr/lib/avrxmega2/memx-const/mapped/crtavr64dd32.o
                0x00000000000037d0                __vector_22
                0x00000000000037d0                __vector_28
                0x00000000000037d0                __vector_1
                0x00000000000037d0                __vector_32
                0x00000000000037d0                __vector_34
                0x00000000000037d0                __vector_24
                0x00000000000037d0                __vector_12
                0x00000000000037d0                __bad_interrupt
                0x00000000000037d0                __vector_6
                0x00000000000037d0                __vector_31
                0x00000000000037d0                __vector_35
                0x00000000000037d0                __vector_3
                0x00000000000037d0                __vector_23
                0x00000000000037d0                __vector_30
                0x00000000000037d0                __vector_25
                0x00000000000037d0                __vector_11
                0x00000000000037d0                __vector_13
                0x00000000000037d0                __vector_17
                0x00000000000037d0                __vector_19
                0x00000000000037d0                __vector_7
                0x00000000000037d0                __vector_27
                0x00000000000037d0                __vector_5
                0x00000000000037d0                __vector_33
                0x00000000000037d0                __vector_4
                0x00000000000037d0                __vector_9
                0x00000000000037d0                __vector_2
                0x00000000000037d0                __vector_21
                0x00000000000037d0                __vector_15
                0x00000000000037d0                __vector_29
                0x00000000000037d0                __vector_8
                0x00000000000037d0                __vector_26
                0x00000000000037d0                __vector_14
                0x00000000000037d0                __vector_10
                0x00000000000037d0                __vector_16
                0x00000000000037d0                __vector_18
                0x00000000000037d0                __vector_20

.text._Exit     0x00000000000037d4        0x4
 .text._Exit    0x00000000000037d4        0x4 c:/program files/microchip/xc8/v3.10/avr/bin/../lib/gcc/avr/5.4.0/../../../../avr/lib/avrxmega2/memx-const/mapped\libc.a(_Exit.o)
                0x00000000000037d4                _Exit

.text.__dummy_fini
                0x00000000000037d8        0x2
 .text.__dummy_fini
                0x00000000000037d8        0x2 c:/program files/microchip/xc8/v3.10/avr/bin/../lib/gcc/avr/5.4.0/../../../../avr/lib/avrxmega2/memx-const/mapped\libc.a(exit.o)
                0x00000000000037d8                _fini

.text.__dummy_funcs_on_exit
                0x00000000000037da        0x2
 .text.__dummy_funcs_on_exit
                0x00000000000037da        0x2 c:/program files/microchip/xc8/v3.10/avr/bin/../lib/gcc/avr/5.4.0/../../../../avr/lib/avrxmega2/memx-const/mapped\libc.a(exit.o)
                0x00000000000037da                __funcs_on_exit

.text.__dummy_simulator_exit
                0x00000000000037dc        0x2
 .text.__dummy_simulator_exit
                0x00000000000037dc        0x2 c:/program files/microchip/xc8/v3.10/avr/bin/../lib/gcc/avr/5.4.0/../../../../avr/lib/avrxmega2/memx-const/mapped\libc.a(exit.o)
                0x00000000000037dc                __simulator_exit

.rodata.state_table
                0x0000000000806083       0x16 load address 0x00000000000037de
 .rodata.state_table
                0x0000000000806083       0x16 c:/program files/microchip/xc8/v3.10/avr/bin/../lib/gcc/avr/5.4.0/../../../../avr/lib/avrxmega2/memx-const/mapped\libc.a(__printf_core.o)

.rodata         0x0000000000806099       0x10 load address 0x00000000000037f4
 .rodata        0x0000000000806099       0x10 c:/program files/microchip/xc8/v3.10/avr/bin/../lib/gcc/avr/5.4.0/../../../../avr/lib/avrxmega2/memx-const/mapped\libc.a(__fmt_a.o)

.rodata         0x00000000008060a9       0x10 load address 0x0000000000003804
 .rodata        0x00000000008060a9       0x10 c:/program files/microchip/xc8/v3.10/avr/bin/../lib/gcc/avr/5.4.0/../../../../avr/lib/avrxmega2/memx-const/mapped\libc.a(__fmt_fp.o)

.rodata.nuls.2781
                0x00000000008060b9        0x7 load address 0x0000000000003814
 .rodata.nuls.2781
                0x00000000008060b9        0x7 c:/program files/microchip/xc8/v3.10/avr/bin/../lib/gcc/avr/5.4.0/../../../../avr/lib/avrxmega2/memx-const/mapped\libc.a(__fmt_s.o)

.rodata.nilstr.3022
                0x00000000008060c0        0x6 load address 0x000000000000381b
 .rodata.nilstr.3022
                0x00000000008060c0        0x6 c:/program files/microchip/xc8/v3.10/avr/bin/../lib/gcc/avr/5.4.0/../../../../avr/lib/avrxmega2/memx-const/mapped\libc.a(__printf_64bit_arg_support.o)
